Feb  4 12:29:41 combo systemd[1]: rsyslog.service: Sent signal SIGHUP to main process 705 (rsyslogd) on client request.
Feb  4 12:29:41 combo rsyslogd: [origin software="rsyslogd" swVersion="8.2112.0" x-pid="705" x-info="https://www.rsyslog.com"] rsyslogd was HUPed
Feb  4 12:29:41 combo kernel: [13693.908421] usb 1-1: New USB device found, idVendor=80ee, idProduct=0021, bcdDevice= 1.00
Feb  4 12:29:41 combo kernel: [13693.908429] usb 1-1: New USB device strings: Mfr=1, Product=3, SerialNumber=0
Feb  4 12:29:41 combo kernel: [13693.908432] usb 1-1: Product: USB Tablet
Feb  4 12:29:41 combo kernel: [13693.908434] usb 1-1: Manufacturer: VirtualBox
Feb  4 12:29:41 combo systemd[1]: logrotate.service: Deactivated successfully.
Feb  4 12:29:41 combo systemd[1]: Finished Rotate log files.
Feb  4 12:29:41 combo kernel: [13693.930130] input: VirtualBox USB Tablet as /devices/pci0000:00/0000:00:06.0/usb1/1-1/1-1:1.0/0003:80EE:0021.0002/input/input8
Feb  4 12:29:41 combo kernel: [13693.993056] hid-generic 0003:80EE:0021.0002: input,hidraw0: USB HID v1.10 Mouse [VirtualBox USB Tablet] on usb-0000:00:06.0-1/input0
Feb  4 12:29:41 combo mtp-probe: checking bus 1, device 3: "/sys/devices/pci0000:00/0000:00:06.0/usb1/1-1"
Feb  4 12:29:41 combo mtp-probe: bus: 1, device: 3 was not an MTP device
Feb  4 12:29:41 combo mtp-probe: checking bus 1, device 3: "/sys/devices/pci0000:00/0000:00:06.0/usb1/1-1"
Feb  4 12:29:41 combo mtp-probe: bus: 1, device: 3 was not an MTP device
Feb  4 12:29:43 combo kernel: [13695.881316] e1000 0000:00:03.0 enp0s3: Detected Tx Unit Hang
Feb  4 12:29:43 combo kernel: [13695.881316]   Tx Queue             <0>
Feb  4 12:29:43 combo kernel: [13695.881316]   TDH                  <0>
Feb  4 12:29:43 combo kernel: [13695.881316]   TDT                  <9>
Feb  4 12:29:43 combo kernel: [13695.881316]   next_to_use          <9>
Feb  4 12:29:43 combo kernel: [13695.881316]   next_to_clean        <0>
Feb  4 12:29:43 combo kernel: [13695.881316] buffer_info[next_to_clean]
Feb  4 12:29:43 combo kernel: [13695.881316]   time_stamp           <100331a30>
Feb  4 12:29:43 combo kernel: [13695.881316]   next_to_watch        <0>
Feb  4 12:29:43 combo kernel: [13695.881316]   jiffies              <100331c1c>
Feb  4 12:29:43 combo kernel: [13695.881316]   next_to_watch.status <0>
Feb  4 12:29:43 combo NetworkManager[691]: <info>  [1707020983.5757] device (enp0s8): carrier: link connected
Feb  4 12:29:43 combo NetworkManager[691]: <info>  [1707020983.5759] device (enp0s8): ip:dhcp4: restarting
Feb  4 12:29:43 combo kernel: [13695.895327] e1000: enp0s8 NIC Link is Up 1000 Mbps Full Duplex, Flow Control: RX
Feb  4 12:29:43 combo kernel: [13695.899250] e1000: enp0s3 NIC Link is Up 1000 Mbps Full Duplex, Flow Control: RX
Feb  4 12:29:43 combo kernel: [13695.899530] e1000 0000:00:03.0 enp0s3: Detected Tx Unit Hang
Feb  4 12:29:43 combo kernel: [13695.899530]   Tx Queue             <0>
Feb  4 12:29:43 combo kernel: [13695.899530]   TDH                  <0>
Feb  4 12:29:43 combo kernel: [13695.899530]   TDT                  <9>
Feb  4 12:29:43 combo kernel: [13695.899530]   next_to_use          <9>
Feb  4 12:29:43 combo kernel: [13695.899530]   next_to_clean        <0>
Feb  4 12:29:43 combo kernel: [13695.899530] buffer_info[next_to_clean]
Feb  4 12:29:43 combo kernel: [13695.899530]   time_stamp           <100331a30>
Feb  4 12:29:43 combo kernel: [13695.899530]   next_to_watch        <0>
Feb  4 12:29:43 combo kernel: [13695.899530]   jiffies              <100331c21>
Feb  4 12:29:43 combo kernel: [13695.899530]   next_to_watch.status <0>
Feb  4 12:29:43 combo NetworkManager[691]: <info>  [1707020983.5919] dhcp4 (enp0s8): canceled DHCP transaction
Feb  4 12:29:43 combo NetworkManager[691]: <info>  [1707020983.5919] dhcp4 (enp0s8): activation: beginning transaction (timeout in 45 seconds)
Feb  4 12:29:43 combo NetworkManager[691]: <info>  [1707020983.5919] dhcp4 (enp0s8): state changed no lease
Feb  4 12:29:43 combo NetworkManager[691]: <info>  [1707020983.5920] dhcp4 (enp0s8): activation: beginning transaction (timeout in 45 seconds)
Feb  4 12:29:43 combo NetworkManager[691]: <info>  [1707020983.5925] device (enp0s8): ip:dhcp6: restarting
Feb  4 12:29:43 combo NetworkManager[691]: <info>  [1707020983.5927] dhcp6 (enp0s8): canceled DHCP transaction
Feb  4 12:29:43 combo NetworkManager[691]: <info>  [1707020983.5928] dhcp6 (enp0s8): activation: beginning transaction (timeout in 45 seconds)
Feb  4 12:29:43 combo NetworkManager[691]: <info>  [1707020983.5932] device (enp0s3): carrier: link connected
Feb  4 12:29:43 combo NetworkManager[691]: <info>  [1707020983.5932] device (enp0s3): ip:dhcp4: restarting
Feb  4 12:29:43 combo NetworkManager[691]: <info>  [1707020983.6077] dhcp4 (enp0s3): canceled DHCP transaction
Feb  4 12:29:43 combo NetworkManager[691]: <info>  [1707020983.6077] dhcp4 (enp0s3): activation: beginning transaction (timeout in 45 seconds)
Feb  4 12:29:43 combo NetworkManager[691]: <info>  [1707020983.6077] dhcp4 (enp0s3): state changed no lease
Feb  4 12:29:43 combo NetworkManager[691]: <info>  [1707020983.6078] dhcp4 (enp0s3): activation: beginning transaction (timeout in 45 seconds)
Feb  4 12:29:44 combo systemd[1]: apt-daily-upgrade.service: Deactivated successfully.
Feb  4 12:29:44 combo systemd[1]: Finished Daily apt upgrade and clean activities.
Feb  4 12:29:44 combo systemd[1]: apt-daily-upgrade.service: Consumed 2.582s CPU time.
Feb  4 12:29:44 combo NetworkManager[691]: <info>  [1707020984.2451] dhcp4 (enp0s8): state changed new lease, address=192.168.1.36
Feb  4 12:29:44 combo dbus-daemon[690]: [system] Activating via systemd: service name='org.freedesktop.nm_dispatcher' unit='dbus-org.freedesktop.nm-dispatcher.service' requested by ':1.7' (uid=0 pid=691 comm="/usr/sbin/NetworkManager --no-daemon " label="unconfined")
Feb  4 12:29:44 combo systemd[1]: Starting Network Manager Script Dispatcher Service...
Feb  4 12:29:44 combo dbus-daemon[690]: [system] Successfully activated service 'org.freedesktop.nm_dispatcher'
Feb  4 12:29:44 combo systemd[1]: Started Network Manager Script Dispatcher Service.
Feb  4 12:29:45 combo kernel: [13697.911763] e1000 0000:00:03.0 enp0s3: Detected Tx Unit Hang
Feb  4 12:29:45 combo kernel: [13697.911763]   Tx Queue             <0>
Feb  4 12:29:45 combo kernel: [13697.911763]   TDH                  <0>
Feb  4 12:29:45 combo kernel: [13697.911763]   TDT                  <9>
Feb  4 12:29:45 combo kernel: [13697.911763]   next_to_use          <9>
Feb  4 12:29:45 combo kernel: [13697.911763]   next_to_clean        <0>
Feb  4 12:29:45 combo kernel: [13697.911763] buffer_info[next_to_clean]
Feb  4 12:29:45 combo kernel: [13697.911763]   time_stamp           <100331a30>
Feb  4 12:29:45 combo kernel: [13697.911763]   next_to_watch        <0>
Feb  4 12:29:45 combo kernel: [13697.911763]   jiffies              <100331e18>
Feb  4 12:29:45 combo kernel: [13697.911763]   next_to_watch.status <0>
Feb  4 12:29:47 combo kernel: [13699.928314] e1000 0000:00:03.0 enp0s3: Detected Tx Unit Hang
Feb  4 12:29:47 combo kernel: [13699.928314]   Tx Queue             <0>
Feb  4 12:29:47 combo kernel: [13699.928314]   TDH                  <0>
Feb  4 12:29:47 combo kernel: [13699.928314]   TDT                  <9>
Feb  4 12:29:47 combo kernel: [13699.928314]   next_to_use          <9>
Feb  4 12:29:47 combo kernel: [13699.928314]   next_to_clean        <0>
Feb  4 12:29:47 combo kernel: [13699.928314] buffer_info[next_to_clean]
Feb  4 12:29:47 combo kernel: [13699.928314]   time_stamp           <100331a30>
Feb  4 12:29:47 combo kernel: [13699.928314]   next_to_watch        <0>
Feb  4 12:29:47 combo kernel: [13699.928314]   jiffies              <100332010>
Feb  4 12:29:47 combo kernel: [13699.928314]   next_to_watch.status <0>
Feb  4 12:29:49 combo kernel: [13701.655683] ------------[ cut here ]------------
Feb  4 12:29:49 combo kernel: [13701.655712] NETDEV WATCHDOG: enp0s3 (e1000): transmit queue 0 timed out 5756 ms
Feb  4 12:29:49 combo kernel: [13701.655736] WARNING: CPU: 1 PID: 0 at net/sched/sch_generic.c:525 dev_watchdog+0x260/0x270
Feb  4 12:29:49 combo kernel: [13701.655753] Modules linked in: isofs vboxvideo(OE) ip6t_REJECT nf_reject_ipv6 xt_hl ip6t_rt ipt_REJECT nf_reject_ipv4 xt_LOG nf_log_syslog nft_limit xt_limit xt_addrtype snd_intel8x0 xt_tcpudp snd_ac97_codec xt_conntrack nf_conntrack nf_defrag_ipv6 nf_defrag_ipv4 ac97_bus binfmt_misc nft_compat snd_pcm nf_tables libcrc32c nfnetlink nls_iso8859_1 snd_seq_midi intel_rapl_msr snd_seq_midi_event snd_rawmidi intel_rapl_common snd_seq crct10dif_pclmul polyval_clmulni polyval_generic ghash_clmulni_intel aesni_intel crypto_simd cryptd snd_seq_device snd_timer joydev input_leds serio_raw snd vboxguest(OE) soundcore mac_hid sch_fq_codel vmwgfx drm_ttm_helper ttm drm_kms_helper msr parport_pc ppdev lp parport efi_pstore drm ip_tables x_tables autofs4 hid_generic usbhid hid crc32_pclmul psmouse ahci e1000 i2c_piix4 libahci pata_acpi video wmi
Feb  4 12:29:49 combo kernel: [13701.656085] CPU: 1 PID: 0 Comm: swapper/1 Tainted: G           OE      6.5.0-15-generic #15~22.04.1-Ubuntu
Feb  4 12:29:49 combo kernel: [13701.656091] Hardware name: innotek GmbH VirtualBox/VirtualBox, BIOS VirtualBox 12/01/2006
Feb  4 12:29:49 combo kernel: [13701.656096] RIP: 0010:dev_watchdog+0x260/0x270
Feb  4 12:29:49 combo kernel: [13701.656102] Code: ff ff 48 89 df c6 05 ee 60 74 01 01 e8 39 5e f9 ff 44 8b 45 cc 44 89 f9 48 89 de 48 89 c2 48 c7 c7 a8 89 a7 b5 e8 30 e7 26 ff <0f> 0b e9 1d ff ff ff 66 0f 1f 84 00 00 00 00 00 90 90 90 90 90 90
Feb  4 12:29:49 combo kernel: [13701.656107] RSP: 0018:ffff9f42000e0e30 EFLAGS: 00010246
Feb  4 12:29:49 combo kernel: [13701.656116] RAX: 0000000000000000 RBX: ffff92db11ed0000 RCX: 0000000000000000
Feb  4 12:29:49 combo kernel: [13701.656121] RDX: 0000000000000000 RSI: 0000000000000000 RDI: 0000000000000000
Feb  4 12:29:49 combo kernel: [13701.656125] RBP: ffff9f42000e0e68 R08: 0000000000000000 R09: 0000000000000000
Feb  4 12:29:49 combo kernel: [13701.656130] R10: 0000000000000000 R11: 0000000000000000 R12: ffff92db11ed04c8
Feb  4 12:29:49 combo kernel: [13701.656134] R13: ffff92db11ed041c R14: 0000000000000000 R15: 0000000000000000
Feb  4 12:29:49 combo kernel: [13701.656139] FS:  0000000000000000(0000) GS:ffff92db5c100000(0000) knlGS:0000000000000000
Feb  4 12:29:49 combo kernel: [13701.656144] CS:  0010 DS: 0000 ES: 0000 CR0: 0000000080050033
Feb  4 12:29:49 combo kernel: [13701.656149] CR2: 000055b9e8c00008 CR3: 0000000007c26000 CR4: 00000000000506e0
Feb  4 12:29:49 combo kernel: [13701.656156] Call Trace:
Feb  4 12:29:49 combo kernel: [13701.656161]  <IRQ>
Feb  4 12:29:49 combo kernel: [13701.656169]  ? show_regs+0x6d/0x80
Feb  4 12:29:49 combo kernel: [13701.656178]  ? __warn+0x89/0x160
Feb  4 12:29:49 combo kernel: [13701.656185]  ? dev_watchdog+0x260/0x270
Feb  4 12:29:49 combo kernel: [13701.656191]  ? report_bug+0x17e/0x1b0
Feb  4 12:29:49 combo kernel: [13701.656199]  ? srso_alias_return_thunk+0x5/0x7f
Feb  4 12:29:49 combo kernel: [13701.656208]  ? handle_bug+0x46/0x90
Feb  4 12:29:49 combo kernel: [13701.656216]  ? exc_invalid_op+0x18/0x80
Feb  4 12:29:49 combo kernel: [13701.656223]  ? asm_exc_invalid_op+0x1b/0x20
Feb  4 12:29:49 combo kernel: [13701.656235]  ? dev_watchdog+0x260/0x270
Feb  4 12:29:49 combo kernel: [13701.656242]  ? __pfx_dev_watchdog+0x10/0x10
Feb  4 12:29:49 combo kernel: [13701.656248]  call_timer_fn+0x2c/0x160
Feb  4 12:29:49 combo kernel: [13701.656255]  ? __pfx_dev_watchdog+0x10/0x10
Feb  4 12:29:49 combo kernel: [13701.656261]  __run_timers+0x259/0x310
Feb  4 12:29:49 combo kernel: [13701.656270]  run_timer_softirq+0x1d/0x40
Feb  4 12:29:49 combo kernel: [13701.656274]  __do_softirq+0xdc/0x349
Feb  4 12:29:49 combo kernel: [13701.656279]  ? srso_alias_return_thunk+0x5/0x7f
Feb  4 12:29:49 combo kernel: [13701.656284]  ? hrtimer_interrupt+0x11f/0x250
Feb  4 12:29:49 combo kernel: [13701.656290]  __irq_exit_rcu+0x75/0xa0
Feb  4 12:29:49 combo kernel: [13701.656297]  irq_exit_rcu+0xe/0x20
Feb  4 12:29:49 combo kernel: [13701.656303]  sysvec_apic_timer_interrupt+0x92/0xd0
Feb  4 12:29:49 combo kernel: [13701.656308]  </IRQ>
Feb  4 12:29:49 combo kernel: [13701.656311]  <TASK>
Feb  4 12:29:49 combo kernel: [13701.656318]  asm_sysvec_apic_timer_interrupt+0x1b/0x20
Feb  4 12:29:49 combo kernel: [13701.656326] RIP: 0010:pv_native_safe_halt+0xb/0x10
Feb  4 12:29:49 combo kernel: [13701.656332] Code: 0b 66 66 2e 0f 1f 84 00 00 00 00 00 0f 1f 00 90 90 90 90 90 90 90 90 90 90 90 90 90 90 90 90 eb 07 0f 00 2d d9 1f 2f 00 fb f4 <e9> 30 9b 01 00 90 90 90 90 90 90 90 90 90 90 90 90 90 90 90 90 55
Feb  4 12:29:49 combo kernel: [13701.656336] RSP: 0018:ffff9f42000a3e78 EFLAGS: 00000246
Feb  4 12:29:49 combo kernel: [13701.656343] RAX: 0000000000000000 RBX: 0000000000000000 RCX: 0000000000000000
Feb  4 12:29:49 combo kernel: [13701.656346] RDX: 0000000000000000 RSI: 0000000000000000 RDI: 0000000000000000
Feb  4 12:29:49 combo kernel: [13701.656350] RBP: ffff9f42000a3e80 R08: 0000000000000000 R09: 0000000000000000
Feb  4 12:29:49 combo kernel: [13701.656353] R10: 0000000000000000 R11: 0000000000000000 R12: ffff92db01313300
Feb  4 12:29:49 combo kernel: [13701.656357] R13: 0000000000000000 R14: 0000000000000000 R15: 0000000000000000
Feb  4 12:29:49 combo kernel: [13701.656363]  ? ct_kernel_exit.constprop.0+0x85/0xa0
Feb  4 12:29:49 combo kernel: [13701.656368]  ? default_idle+0x9/0x30
Feb  4 12:29:49 combo kernel: [13701.656373]  arch_cpu_idle+0x9/0x10
Feb  4 12:29:49 combo kernel: [13701.656377]  default_idle_call+0x2c/0xf0
Feb  4 12:29:49 combo kernel: [13701.656382]  cpuidle_idle_call+0x153/0x190
Feb  4 12:29:49 combo kernel: [13701.656387]  do_idle+0x82/0xf0
Feb  4 12:29:49 combo kernel: [13701.656392]  cpu_startup_entry+0x1d/0x20
Feb  4 12:29:49 combo kernel: [13701.656397]  start_secondary+0x129/0x160
Feb  4 12:29:49 combo kernel: [13701.656403]  secondary_startup_64_no_verify+0x17e/0x18b
Feb  4 12:29:49 combo kernel: [13701.656412]  </TASK>
Feb  4 12:29:49 combo kernel: [13701.656415] ---[ end trace 0000000000000000 ]---
Feb  4 12:29:49 combo kernel: [13701.656486] e1000 0000:00:03.0 enp0s3: Reset adapter
Feb  4 12:29:51 combo kernel: [13703.619916] 04:29:51.299730 timesync vgsvcTimeSyncWorker: Radical guest time change: 216 587 212 820 000ns (GuestNow=1 707 020 991 299 719 000 ns GuestLast=1 706 804 404 086 899 000 ns fSetTimeLastLoop=true )
Feb  4 12:29:51 combo NetworkManager[691]: <info>  [1707020991.4488] device (enp0s3): carrier: link connected
Feb  4 12:29:51 combo NetworkManager[691]: <info>  [1707020991.4489] device (enp0s3): ip:dhcp4: restarting
Feb  4 12:29:51 combo kernel: [13703.768337] e1000: enp0s3 NIC Link is Up 1000 Mbps Full Duplex, Flow Control: RX
Feb  4 12:29:51 combo NetworkManager[691]: <info>  [1707020991.4635] dhcp4 (enp0s3): canceled DHCP transaction
Feb  4 12:29:51 combo NetworkManager[691]: <info>  [1707020991.4636] dhcp4 (enp0s3): activation: beginning transaction (timeout in 45 seconds)
Feb  4 12:29:51 combo NetworkManager[691]: <info>  [1707020991.4672] dhcp4 (enp0s3): state changed new lease, address=10.0.2.15
Feb  4 12:30:01 combo systemd[1]: NetworkManager-dispatcher.service: Deactivated successfully.
Feb  4 12:30:38 combo CRON[4126]: (root) CMD ([ -x /etc/init.d/anacron ] && if [ ! -d /run/systemd/system ]; then /usr/sbin/invoke-rc.d anacron start >/dev/null; fi)
Feb  4 12:30:44 combo ubuntu-report[1781]: level=error msg="data were not delivered successfully to metrics server, retrying in 1800s"
Feb  4 12:31:08 combo kernel: [13780.872776] [UFW BLOCK] IN=enp0s8 OUT= MAC=01:00:5e:00:00:fb:da:74:78:e3:03:cd:08:00 SRC=192.168.1.47 DST=224.0.0.251 LEN=32 TOS=0x00 PREC=0xC0 TTL=1 ID=0 DF PROTO=2 
Feb  4 12:31:23 combo kernel: [13796.310933] [UFW BLOCK] IN=enp0s8 OUT= MAC=01:00:5e:00:00:01:3c:55:db:7a:10:f2:08:00 SRC=0.0.0.0 DST=224.0.0.1 LEN=32 TOS=0x00 PREC=0xC0 TTL=1 ID=0 DF PROTO=2 
Feb  4 12:31:31 combo snapd[715]: storehelpers.go:791: cannot refresh: snap has no updates available: "bare", "core20", "core22", "firefox", "gnome-3-38-2004", "gnome-42-2204", "gtk-common-themes", "snap-store", "snapd", "snapd-desktop-integration"
Feb  4 12:31:32 combo kernel: [13805.221240] [UFW BLOCK] IN=enp0s8 OUT= MAC=01:00:5e:00:00:fb:04:7c:16:dd:14:eb:08:00 SRC=192.168.1.44 DST=224.0.0.251 LEN=32 TOS=0x00 PREC=0x00 TTL=1 ID=4812 PROTO=2 
Feb  4 12:33:18 combo kernel: [13910.609869] [UFW BLOCK] IN=enp0s8 OUT= MAC=01:00:5e:00:00:fb:da:74:78:e3:03:cd:08:00 SRC=192.168.1.47 DST=224.0.0.251 LEN=32 TOS=0x00 PREC=0xC0 TTL=1 ID=0 DF PROTO=2 
Feb  4 12:33:29 combo kernel: [13921.752279] [UFW BLOCK] IN=enp0s8 OUT= MAC=01:00:5e:00:00:01:3c:55:db:7a:10:f2:08:00 SRC=0.0.0.0 DST=224.0.0.1 LEN=32 TOS=0x00 PREC=0xC0 TTL=1 ID=0 DF PROTO=2 
Feb  4 12:33:34 combo kernel: [13926.721868] [UFW BLOCK] IN=enp0s8 OUT= MAC=01:00:5e:00:00:fb:04:7c:16:dd:14:eb:08:00 SRC=192.168.1.44 DST=224.0.0.251 LEN=32 TOS=0x00 PREC=0x00 TTL=1 ID=4813 PROTO=2 
Feb  4 12:34:41 combo anacron[3983]: Job `cron.daily' started
Feb  4 12:34:41 combo anacron[4134]: Updated timestamp for job `cron.daily' to 2024-02-04
Feb  4 12:34:41 combo cracklib: no dictionary update necessary.
Feb  4 12:34:41 combo anacron[3983]: Job `cron.daily' terminated
Feb  4 12:34:41 combo anacron[3983]: Normal exit (1 job run)
Feb  4 12:34:41 combo systemd[1]: anacron.service: Deactivated successfully.
Feb  4 12:34:41 combo systemd[1]: Started Run anacron jobs.
Feb  4 12:34:41 combo anacron[4164]: Anacron 2.3 started on 2024-02-04
Feb  4 12:34:41 combo anacron[4164]: Normal exit (0 jobs run)
Feb  4 12:34:41 combo systemd[1]: anacron.service: Deactivated successfully.
Feb  4 12:35:22 combo kernel: [14035.283104] [UFW BLOCK] IN=enp0s8 OUT= MAC=01:00:5e:00:00:fb:da:74:78:e3:03:cd:08:00 SRC=192.168.1.47 DST=224.0.0.251 LEN=32 TOS=0x00 PREC=0xC0 TTL=1 ID=0 DF PROTO=2 
Feb  4 12:35:34 combo kernel: [14047.194088] [UFW BLOCK] IN=enp0s8 OUT= MAC=01:00:5e:00:00:01:3c:55:db:7a:10:f2:08:00 SRC=0.0.0.0 DST=224.0.0.1 LEN=32 TOS=0x00 PREC=0xC0 TTL=1 ID=0 DF PROTO=2 
Feb  4 12:35:42 combo kernel: [14054.720932] [UFW BLOCK] IN=enp0s8 OUT= MAC=01:00:5e:00:00:fb:04:7c:16:dd:14:eb:08:00 SRC=192.168.1.44 DST=224.0.0.251 LEN=32 TOS=0x00 PREC=0x00 TTL=1 ID=4830 PROTO=2 
Feb  4 12:37:24 combo kernel: [14157.228290] [UFW BLOCK] IN=enp0s8 OUT= MAC=01:00:5e:00:00:fb:da:74:78:e3:03:cd:08:00 SRC=192.168.1.47 DST=224.0.0.251 LEN=32 TOS=0x00 PREC=0xC0 TTL=1 ID=0 DF PROTO=2 
Feb  4 12:37:40 combo kernel: [14172.635379] [UFW BLOCK] IN=enp0s8 OUT= MAC=01:00:5e:00:00:01:3c:55:db:7a:10:f2:08:00 SRC=0.0.0.0 DST=224.0.0.1 LEN=32 TOS=0x00 PREC=0xC0 TTL=1 ID=0 DF PROTO=2 
Feb  4 12:37:49 combo kernel: [14181.720975] [UFW BLOCK] IN=enp0s8 OUT= MAC=01:00:5e:00:00:fb:04:7c:16:dd:14:eb:08:00 SRC=192.168.1.44 DST=224.0.0.251 LEN=32 TOS=0x00 PREC=0x00 TTL=1 ID=4831 PROTO=2 
Feb  4 12:39:36 combo kernel: [14288.983084] [UFW BLOCK] IN=enp0s8 OUT= MAC=01:00:5e:00:00:fb:da:74:78:e3:03:cd:08:00 SRC=192.168.1.47 DST=224.0.0.251 LEN=32 TOS=0x00 PREC=0xC0 TTL=1 ID=0 DF PROTO=2 
Feb  4 12:39:45 combo kernel: [14298.076329] [UFW BLOCK] IN=enp0s8 OUT= MAC=01:00:5e:00:00:01:3c:55:db:7a:10:f2:08:00 SRC=0.0.0.0 DST=224.0.0.1 LEN=32 TOS=0x00 PREC=0xC0 TTL=1 ID=0 DF PROTO=2 
Feb  4 12:39:48 combo kernel: [14301.220534] [UFW BLOCK] IN=enp0s8 OUT= MAC=01:00:5e:00:00:fb:04:7c:16:dd:14:eb:08:00 SRC=192.168.1.44 DST=224.0.0.251 LEN=32 TOS=0x00 PREC=0x00 TTL=1 ID=4832 PROTO=2 
Feb  4 12:41:35 combo kernel: [14408.234337] [UFW BLOCK] IN=enp0s8 OUT= MAC=01:00:5e:00:00:fb:b6:cf:f1:20:6f:bb:08:00 SRC=192.168.1.60 DST=224.0.0.251 LEN=32 TOS=0x00 PREC=0xC0 TTL=1 ID=0 DF PROTO=2 
Feb  4 12:41:51 combo kernel: [14423.517618] [UFW BLOCK] IN=enp0s8 OUT= MAC=01:00:5e:00:00:01:3c:55:db:7a:10:f2:08:00 SRC=0.0.0.0 DST=224.0.0.1 LEN=32 TOS=0x00 PREC=0xC0 TTL=1 ID=0 DF PROTO=2 
Feb  4 12:41:58 combo kernel: [14430.720123] [UFW BLOCK] IN=enp0s8 OUT= MAC=01:00:5e:00:00:fb:04:7c:16:dd:14:eb:08:00 SRC=192.168.1.44 DST=224.0.0.251 LEN=32 TOS=0x00 PREC=0x00 TTL=1 ID=4833 PROTO=2 
Feb  4 12:43:46 combo kernel: [14538.955736] [UFW BLOCK] IN=enp0s8 OUT= MAC=01:00:5e:00:00:fb:b6:cf:f1:20:6f:bb:08:00 SRC=192.168.1.60 DST=224.0.0.251 LEN=32 TOS=0x00 PREC=0xC0 TTL=1 ID=0 DF PROTO=2 
Feb  4 12:43:56 combo kernel: [14548.959022] [UFW BLOCK] IN=enp0s8 OUT= MAC=01:00:5e:00:00:01:3c:55:db:7a:10:f2:08:00 SRC=0.0.0.0 DST=224.0.0.1 LEN=32 TOS=0x00 PREC=0xC0 TTL=1 ID=0 DF PROTO=2 
Feb  4 12:44:03 combo kernel: [14556.220143] [UFW BLOCK] IN=enp0s8 OUT= MAC=01:00:5e:00:00:fb:04:7c:16:dd:14:eb:08:00 SRC=192.168.1.44 DST=224.0.0.251 LEN=32 TOS=0x00 PREC=0x00 TTL=1 ID=4834 PROTO=2 
Feb  4 12:45:45 combo kernel: [14658.034893] [UFW BLOCK] IN=enp0s8 OUT= MAC=01:00:5e:00:00:fb:da:74:78:e3:03:cd:08:00 SRC=192.168.1.47 DST=224.0.0.251 LEN=32 TOS=0x00 PREC=0xC0 TTL=1 ID=0 DF PROTO=2 
Feb  4 12:46:02 combo kernel: [14674.400384] [UFW BLOCK] IN=enp0s8 OUT= MAC=01:00:5e:00:00:01:3c:55:db:7a:10:f2:08:00 SRC=0.0.0.0 DST=224.0.0.1 LEN=32 TOS=0x00 PREC=0xC0 TTL=1 ID=0 DF PROTO=2 
Feb  4 12:46:02 combo kernel: [14675.219307] [UFW BLOCK] IN=enp0s8 OUT= MAC=01:00:5e:00:00:fb:04:7c:16:dd:14:eb:08:00 SRC=192.168.1.44 DST=224.0.0.251 LEN=32 TOS=0x00 PREC=0x00 TTL=1 ID=4835 PROTO=2 
Feb  4 12:47:54 combo kernel: [14787.160299] [UFW BLOCK] IN=enp0s8 OUT= MAC=01:00:5e:00:00:fb:da:74:78:e3:03:cd:08:00 SRC=192.168.1.47 DST=224.0.0.251 LEN=32 TOS=0x00 PREC=0xC0 TTL=1 ID=0 DF PROTO=2 
Feb  4 12:48:07 combo kernel: [14799.841725] [UFW BLOCK] IN=enp0s8 OUT= MAC=01:00:5e:00:00:01:3c:55:db:7a:10:f2:08:00 SRC=0.0.0.0 DST=224.0.0.1 LEN=32 TOS=0x00 PREC=0xC0 TTL=1 ID=0 DF PROTO=2 
Feb  4 12:48:15 combo kernel: [14808.219319] [UFW BLOCK] IN=enp0s8 OUT= MAC=01:00:5e:00:00:fb:04:7c:16:dd:14:eb:08:00 SRC=192.168.1.44 DST=224.0.0.251 LEN=32 TOS=0x00 PREC=0x00 TTL=1 ID=4836 PROTO=2 
Feb  4 12:49:45 combo systemd[1]: Starting Daily apt download activities...
Feb  4 12:49:46 combo systemd[1]: Starting Update APT News...
Feb  4 12:49:46 combo systemd[1]: Starting Update the local ESM caches...
Feb  4 12:49:47 combo systemd[1]: apt-news.service: Deactivated successfully.
Feb  4 12:49:47 combo systemd[1]: Finished Update APT News.
Feb  4 12:49:48 combo systemd[1]: esm-cache.service: Deactivated successfully.
Feb  4 12:49:48 combo systemd[1]: Finished Update the local ESM caches.
Feb  4 12:49:58 combo systemd[1]: apt-daily.service: Deactivated successfully.
Feb  4 12:49:58 combo systemd[1]: Finished Daily apt download activities.
Feb  4 12:49:58 combo systemd[1]: apt-daily.service: Consumed 6.611s CPU time.
Feb  4 12:49:59 combo kernel: [14911.825191] [UFW BLOCK] IN=enp0s8 OUT= MAC=01:00:5e:00:00:fb:da:74:78:e3:03:cd:08:00 SRC=192.168.1.47 DST=224.0.0.251 LEN=32 TOS=0x00 PREC=0xC0 TTL=1 ID=0 DF PROTO=2 
Feb  4 12:50:12 combo kernel: [14925.283359] [UFW BLOCK] IN=enp0s8 OUT= MAC=01:00:5e:00:00:01:3c:55:db:7a:10:f2:08:00 SRC=0.0.0.0 DST=224.0.0.1 LEN=32 TOS=0x00 PREC=0xC0 TTL=1 ID=0 DF PROTO=2 
Feb  4 12:50:21 combo kernel: [14933.718681] [UFW BLOCK] IN=enp0s8 OUT= MAC=01:00:5e:00:00:fb:04:7c:16:dd:14:eb:08:00 SRC=192.168.1.44 DST=224.0.0.251 LEN=32 TOS=0x00 PREC=0x00 TTL=1 ID=4837 PROTO=2 
Feb  4 12:52:10 combo kernel: [15043.185564] [UFW BLOCK] IN=enp0s8 OUT= MAC=01:00:5e:00:00:fb:da:74:78:e3:03:cd:08:00 SRC=192.168.1.47 DST=224.0.0.251 LEN=32 TOS=0x00 PREC=0xC0 TTL=1 ID=0 DF PROTO=2 
Feb  4 12:52:18 combo kernel: [15050.724442] [UFW BLOCK] IN=enp0s8 OUT= MAC=01:00:5e:00:00:01:3c:55:db:7a:10:f2:08:00 SRC=0.0.0.0 DST=224.0.0.1 LEN=32 TOS=0x00 PREC=0xC0 TTL=1 ID=0 DF PROTO=2 
Feb  4 12:52:27 combo kernel: [15060.218381] [UFW BLOCK] IN=enp0s8 OUT= MAC=01:00:5e:00:00:fb:04:7c:16:dd:14:eb:08:00 SRC=192.168.1.44 DST=224.0.0.251 LEN=32 TOS=0x00 PREC=0x00 TTL=1 ID=4838 PROTO=2 
Feb  4 12:54:08 combo kernel: [15161.010532] [UFW BLOCK] IN=enp0s8 OUT= MAC=01:00:5e:00:00:fb:da:74:78:e3:03:cd:08:00 SRC=192.168.1.47 DST=224.0.0.251 LEN=32 TOS=0x00 PREC=0xC0 TTL=1 ID=0 DF PROTO=2 
Feb  4 12:54:23 combo kernel: [15176.165794] [UFW BLOCK] IN=enp0s8 OUT= MAC=01:00:5e:00:00:01:3c:55:db:7a:10:f2:08:00 SRC=0.0.0.0 DST=224.0.0.1 LEN=32 TOS=0x00 PREC=0xC0 TTL=1 ID=0 DF PROTO=2 
Feb  4 12:54:23 combo kernel: [15176.218480] [UFW BLOCK] IN=enp0s8 OUT= MAC=01:00:5e:00:00:fb:04:7c:16:dd:14:eb:08:00 SRC=192.168.1.44 DST=224.0.0.251 LEN=32 TOS=0x00 PREC=0x00 TTL=1 ID=4839 PROTO=2 
Feb  4 12:55:46 combo kernel: [15258.388073] [UFW BLOCK] IN=enp0s8 OUT= MAC=01:00:5e:00:00:fb:b6:cf:f1:20:6f:bb:08:00 SRC=192.168.1.60 DST=224.0.0.251 LEN=32 TOS=0x00 PREC=0xC0 TTL=1 ID=0 DF PROTO=2 
Feb  4 12:55:54 combo kernel: [15266.758742] [UFW BLOCK] IN=enp0s8 OUT= MAC=01:00:5e:00:00:fb:b6:cf:f1:20:6f:bb:08:00 SRC=192.168.1.60 DST=224.0.0.251 LEN=32 TOS=0x00 PREC=0xC0 TTL=1 ID=0 DF PROTO=2 
Feb  4 12:55:55 combo kernel: [15267.717836] [UFW BLOCK] IN=enp0s8 OUT= MAC=01:00:5e:00:00:fb:b6:cf:f1:20:6f:bb:08:00 SRC=192.168.1.60 DST=224.0.0.251 LEN=32 TOS=0x00 PREC=0xC0 TTL=1 ID=0 DF PROTO=2 
Feb  4 12:56:18 combo kernel: [15291.077746] [UFW BLOCK] IN=enp0s8 OUT= MAC=01:00:5e:00:00:fb:b6:cf:f1:20:6f:bb:08:00 SRC=192.168.1.60 DST=224.0.0.251 LEN=32 TOS=0x00 PREC=0xC0 TTL=1 ID=0 DF PROTO=2 
Feb  4 12:56:29 combo kernel: [15301.607209] [UFW BLOCK] IN=enp0s8 OUT= MAC=01:00:5e:00:00:01:3c:55:db:7a:10:f2:08:00 SRC=0.0.0.0 DST=224.0.0.1 LEN=32 TOS=0x00 PREC=0xC0 TTL=1 ID=0 DF PROTO=2 
Feb  4 12:56:37 combo kernel: [15309.718055] [UFW BLOCK] IN=enp0s8 OUT= MAC=01:00:5e:00:00:fb:04:7c:16:dd:14:eb:08:00 SRC=192.168.1.44 DST=224.0.0.251 LEN=32 TOS=0x00 PREC=0x00 TTL=1 ID=4840 PROTO=2 
Feb  4 12:58:11 combo systemd[1]: Starting Update APT News...
Feb  4 12:58:11 combo systemd[1]: Starting Update the local ESM caches...
Feb  4 12:58:11 combo systemd[1]: apt-news.service: Deactivated successfully.
Feb  4 12:58:11 combo systemd[1]: Finished Update APT News.
Feb  4 12:58:12 combo systemd[1]: esm-cache.service: Deactivated successfully.
Feb  4 12:58:12 combo systemd[1]: Finished Update the local ESM caches.
Feb  4 12:58:12 combo PackageKit: refresh-cache transaction /131_dabcebce from uid 1000 finished with success after 1602ms
Feb  4 12:58:14 combo snapd[715]: storehelpers.go:791: cannot refresh: snap has no updates available: "bare", "core20", "core22", "firefox", "gnome-3-38-2004", "gnome-42-2204", "gtk-common-themes", "snap-store", "snapd", "snapd-desktop-integration"
Feb  4 12:58:18 combo kernel: [15410.779226] [UFW BLOCK] IN=enp0s8 OUT= MAC=01:00:5e:00:00:fb:b6:cf:f1:20:6f:bb:08:00 SRC=192.168.1.60 DST=224.0.0.251 LEN=32 TOS=0x00 PREC=0xC0 TTL=1 ID=0 DF PROTO=2 
Feb  4 12:58:34 combo kernel: [15427.048509] [UFW BLOCK] IN=enp0s8 OUT= MAC=01:00:5e:00:00:01:3c:55:db:7a:10:f2:08:00 SRC=0.0.0.0 DST=224.0.0.1 LEN=32 TOS=0x00 PREC=0xC0 TTL=1 ID=0 DF PROTO=2 
Feb  4 12:58:34 combo kernel: [15427.217738] [UFW BLOCK] IN=enp0s8 OUT= MAC=01:00:5e:00:00:fb:04:7c:16:dd:14:eb:08:00 SRC=192.168.1.44 DST=224.0.0.251 LEN=32 TOS=0x00 PREC=0x00 TTL=1 ID=4841 PROTO=2 
Feb  4 13:00:27 combo kernel: [15540.119855] [UFW BLOCK] IN=enp0s8 OUT= MAC=01:00:5e:00:00:fb:b6:cf:f1:20:6f:bb:08:00 SRC=192.168.1.60 DST=224.0.0.251 LEN=32 TOS=0x00 PREC=0xC0 TTL=1 ID=0 DF PROTO=2 
Feb  4 13:00:40 combo kernel: [15552.489780] [UFW BLOCK] IN=enp0s8 OUT= MAC=01:00:5e:00:00:01:3c:55:db:7a:10:f2:08:00 SRC=0.0.0.0 DST=224.0.0.1 LEN=32 TOS=0x00 PREC=0xC0 TTL=1 ID=0 DF PROTO=2 
Feb  4 13:00:41 combo kernel: [15554.217028] [UFW BLOCK] IN=enp0s8 OUT= MAC=01:00:5e:00:00:fb:04:7c:16:dd:14:eb:08:00 SRC=192.168.1.44 DST=224.0.0.251 LEN=32 TOS=0x00 PREC=0x00 TTL=1 ID=4842 PROTO=2 
Feb  4 13:00:54 combo ubuntu-report[1781]: level=error msg="data were not delivered successfully to metrics server, retrying in 1800s"
Feb  4 13:02:30 combo kernel: [15662.422148] [UFW BLOCK] IN=enp0s8 OUT= MAC=01:00:5e:00:00:fb:da:74:78:e3:03:cd:08:00 SRC=192.168.1.47 DST=224.0.0.251 LEN=32 TOS=0x00 PREC=0xC0 TTL=1 ID=0 DF PROTO=2 
Feb  4 13:02:45 combo kernel: [15677.931078] [UFW BLOCK] IN=enp0s8 OUT= MAC=01:00:5e:00:00:01:3c:55:db:7a:10:f2:08:00 SRC=0.0.0.0 DST=224.0.0.1 LEN=32 TOS=0x00 PREC=0xC0 TTL=1 ID=0 DF PROTO=2 
Feb  4 13:02:53 combo kernel: [15685.717082] [UFW BLOCK] IN=enp0s8 OUT= MAC=01:00:5e:00:00:fb:04:7c:16:dd:14:eb:08:00 SRC=192.168.1.44 DST=224.0.0.251 LEN=32 TOS=0x00 PREC=0x00 TTL=1 ID=4847 PROTO=2 
Feb  4 13:04:39 combo kernel: [15792.202361] [UFW BLOCK] IN=enp0s8 OUT= MAC=01:00:5e:00:00:fb:b6:cf:f1:20:6f:bb:08:00 SRC=192.168.1.60 DST=224.0.0.251 LEN=32 TOS=0x00 PREC=0xC0 TTL=1 ID=0 DF PROTO=2 
Feb  4 13:04:51 combo kernel: [15803.372399] [UFW BLOCK] IN=enp0s8 OUT= MAC=01:00:5e:00:00:01:3c:55:db:7a:10:f2:08:00 SRC=0.0.0.0 DST=224.0.0.1 LEN=32 TOS=0x00 PREC=0xC0 TTL=1 ID=0 DF PROTO=2 
Feb  4 13:04:56 combo kernel: [15808.716349] [UFW BLOCK] IN=enp0s8 OUT= MAC=01:00:5e:00:00:fb:04:7c:16:dd:14:eb:08:00 SRC=192.168.1.44 DST=224.0.0.251 LEN=32 TOS=0x00 PREC=0x00 TTL=1 ID=4848 PROTO=2 
Feb  4 13:06:40 combo kernel: [15913.243519] [UFW BLOCK] IN=enp0s8 OUT= MAC=01:00:5e:00:00:fb:b6:cf:f1:20:6f:bb:08:00 SRC=192.168.1.60 DST=224.0.0.251 LEN=32 TOS=0x00 PREC=0xC0 TTL=1 ID=0 DF PROTO=2 
Feb  4 13:06:56 combo kernel: [15928.813721] [UFW BLOCK] IN=enp0s8 OUT= MAC=01:00:5e:00:00:01:3c:55:db:7a:10:f2:08:00 SRC=0.0.0.0 DST=224.0.0.1 LEN=32 TOS=0x00 PREC=0xC0 TTL=1 ID=0 DF PROTO=2 
Feb  4 13:07:02 combo kernel: [15935.216130] [UFW BLOCK] IN=enp0s8 OUT= MAC=01:00:5e:00:00:fb:04:7c:16:dd:14:eb:08:00 SRC=192.168.1.44 DST=224.0.0.251 LEN=32 TOS=0x00 PREC=0x00 TTL=1 ID=4849 PROTO=2 
Feb  4 13:08:53 combo kernel: [16045.644436] [UFW BLOCK] IN=enp0s8 OUT= MAC=01:00:5e:00:00:fb:b6:cf:f1:20:6f:bb:08:00 SRC=192.168.1.60 DST=224.0.0.251 LEN=32 TOS=0x00 PREC=0xC0 TTL=1 ID=0 DF PROTO=2 
Feb  4 13:09:01 combo kernel: [16054.255079] [UFW BLOCK] IN=enp0s8 OUT= MAC=01:00:5e:00:00:01:3c:55:db:7a:10:f2:08:00 SRC=0.0.0.0 DST=224.0.0.1 LEN=32 TOS=0x00 PREC=0xC0 TTL=1 ID=0 DF PROTO=2 
Feb  4 13:09:11 combo kernel: [16063.715541] [UFW BLOCK] IN=enp0s8 OUT= MAC=01:00:5e:00:00:fb:04:7c:16:dd:14:eb:08:00 SRC=192.168.1.44 DST=224.0.0.251 LEN=32 TOS=0x00 PREC=0x00 TTL=1 ID=4850 PROTO=2 
Feb  4 13:10:58 combo kernel: [16170.445578] [UFW BLOCK] IN=enp0s8 OUT= MAC=01:00:5e:00:00:fb:b6:cf:f1:20:6f:bb:08:00 SRC=192.168.1.60 DST=224.0.0.251 LEN=32 TOS=0x00 PREC=0xC0 TTL=1 ID=0 DF PROTO=2 
Feb  4 13:11:07 combo kernel: [16179.696401] [UFW BLOCK] IN=enp0s8 OUT= MAC=01:00:5e:00:00:01:3c:55:db:7a:10:f2:08:00 SRC=0.0.0.0 DST=224.0.0.1 LEN=32 TOS=0x00 PREC=0xC0 TTL=1 ID=0 DF PROTO=2 
Feb  4 13:11:15 combo kernel: [16187.715684] [UFW BLOCK] IN=enp0s8 OUT= MAC=01:00:5e:00:00:fb:04:7c:16:dd:14:eb:08:00 SRC=192.168.1.44 DST=224.0.0.251 LEN=32 TOS=0x00 PREC=0x00 TTL=1 ID=4851 PROTO=2 
Feb  4 13:12:27 combo dbus-daemon[690]: [system] Activating via systemd: service name='net.reactivated.Fprint' unit='fprintd.service' requested by ':1.82' (uid=1000 pid=1928 comm="/usr/bin/gnome-shell " label="unconfined")
Feb  4 13:12:27 combo systemd[1]: Starting Fingerprint Authentication Daemon...
Feb  4 13:12:27 combo dbus-daemon[690]: [system] Successfully activated service 'net.reactivated.Fprint'
Feb  4 13:12:27 combo systemd[1]: Started Fingerprint Authentication Daemon.
Feb  4 13:12:27 combo gnome-shell[1928]: JS ERROR: Failed to initialize fprintd service: Gio.IOErrorEnum: GDBus.Error:net.reactivated.Fprint.Error.NoSuchDevice: No devices available#012asyncCallback@resource:///org/gnome/gjs/modules/core/overrides/Gio.js:114:23
Feb  4 13:12:57 combo systemd[1]: fprintd.service: Deactivated successfully.
Feb  4 13:12:59 combo kernel: [16291.486835] [UFW BLOCK] IN=enp0s8 OUT= MAC=01:00:5e:00:00:fb:b6:cf:f1:20:6f:bb:08:00 SRC=192.168.1.60 DST=224.0.0.251 LEN=32 TOS=0x00 PREC=0xC0 TTL=1 ID=0 DF PROTO=2 
Feb  4 13:13:12 combo kernel: [16305.137668] [UFW BLOCK] IN=enp0s8 OUT= MAC=01:00:5e:00:00:01:3c:55:db:7a:10:f2:08:00 SRC=0.0.0.0 DST=224.0.0.1 LEN=32 TOS=0x00 PREC=0xC0 TTL=1 ID=0 DF PROTO=2 
Feb  4 13:13:14 combo kernel: [16307.215078] [UFW BLOCK] IN=enp0s8 OUT= MAC=01:00:5e:00:00:fb:04:7c:16:dd:14:eb:08:00 SRC=192.168.1.44 DST=224.0.0.251 LEN=32 TOS=0x00 PREC=0x00 TTL=1 ID=4852 PROTO=2 
Feb  4 13:15:05 combo kernel: [16417.727848] [UFW BLOCK] IN=enp0s8 OUT= MAC=01:00:5e:00:00:fb:b6:cf:f1:20:6f:bb:08:00 SRC=192.168.1.60 DST=224.0.0.251 LEN=32 TOS=0x00 PREC=0xC0 TTL=1 ID=0 DF PROTO=2 
Feb  4 13:15:18 combo kernel: [16430.578987] [UFW BLOCK] IN=enp0s8 OUT= MAC=01:00:5e:00:00:01:3c:55:db:7a:10:f2:08:00 SRC=0.0.0.0 DST=224.0.0.1 LEN=32 TOS=0x00 PREC=0xC0 TTL=1 ID=0 DF PROTO=2 
Feb  4 13:15:21 combo kernel: [16434.214599] [UFW BLOCK] IN=enp0s8 OUT= MAC=01:00:5e:00:00:fb:04:7c:16:dd:14:eb:08:00 SRC=192.168.1.44 DST=224.0.0.251 LEN=32 TOS=0x00 PREC=0x00 TTL=1 ID=4853 PROTO=2 
Feb  4 13:17:01 combo CRON[5050]: (root) CMD (   cd / && run-parts --report /etc/cron.hourly)
Feb  4 13:17:09 combo kernel: [16541.346862] [UFW BLOCK] IN=enp0s8 OUT= MAC=01:00:5e:00:00:fb:b6:cf:f1:20:6f:bb:08:00 SRC=192.168.1.60 DST=224.0.0.251 LEN=32 TOS=0x00 PREC=0xC0 TTL=1 ID=0 DF PROTO=2 
Feb  4 13:17:23 combo kernel: [16556.020296] [UFW BLOCK] IN=enp0s8 OUT= MAC=01:00:5e:00:00:01:3c:55:db:7a:10:f2:08:00 SRC=0.0.0.0 DST=224.0.0.1 LEN=32 TOS=0x00 PREC=0xC0 TTL=1 ID=0 DF PROTO=2 
Feb  4 13:17:30 combo kernel: [16562.713847] [UFW BLOCK] IN=enp0s8 OUT= MAC=01:00:5e:00:00:fb:04:7c:16:dd:14:eb:08:00 SRC=192.168.1.44 DST=224.0.0.251 LEN=32 TOS=0x00 PREC=0x00 TTL=1 ID=4854 PROTO=2 
Feb  4 13:19:19 combo kernel: [16671.569966] [UFW BLOCK] IN=enp0s8 OUT= MAC=01:00:5e:00:00:fb:b6:cf:f1:20:6f:bb:08:00 SRC=192.168.1.60 DST=224.0.0.251 LEN=32 TOS=0x00 PREC=0xC0 TTL=1 ID=0 DF PROTO=2 
Feb  4 13:19:29 combo kernel: [16681.461668] [UFW BLOCK] IN=enp0s8 OUT= MAC=01:00:5e:00:00:01:3c:55:db:7a:10:f2:08:00 SRC=0.0.0.0 DST=224.0.0.1 LEN=32 TOS=0x00 PREC=0xC0 TTL=1 ID=0 DF PROTO=2 
Feb  4 13:19:33 combo kernel: [16685.714064] [UFW BLOCK] IN=enp0s8 OUT= MAC=01:00:5e:00:00:fb:04:7c:16:dd:14:eb:08:00 SRC=192.168.1.44 DST=224.0.0.251 LEN=32 TOS=0x00 PREC=0x00 TTL=1 ID=4855 PROTO=2 
Feb  4 13:21:34 combo kernel: [16806.902971] [UFW BLOCK] IN=enp0s8 OUT= MAC=01:00:5e:00:00:01:3c:55:db:7a:10:f2:08:00 SRC=0.0.0.0 DST=224.0.0.1 LEN=32 TOS=0x00 PREC=0xC0 TTL=1 ID=0 DF PROTO=2 
Feb  4 13:21:40 combo kernel: [16813.213558] [UFW BLOCK] IN=enp0s8 OUT= MAC=01:00:5e:00:00:fb:04:7c:16:dd:14:eb:08:00 SRC=192.168.1.44 DST=224.0.0.251 LEN=32 TOS=0x00 PREC=0x00 TTL=1 ID=4856 PROTO=2 
Feb  4 13:23:30 combo kernel: [16923.092359] [UFW BLOCK] IN=enp0s8 OUT= MAC=01:00:5e:00:00:fb:b6:cf:f1:20:6f:bb:08:00 SRC=192.168.1.60 DST=224.0.0.251 LEN=32 TOS=0x00 PREC=0xC0 TTL=1 ID=0 DF PROTO=2 
Feb  4 13:23:40 combo kernel: [16932.344265] [UFW BLOCK] IN=enp0s8 OUT= MAC=01:00:5e:00:00:01:3c:55:db:7a:10:f2:08:00 SRC=0.0.0.0 DST=224.0.0.1 LEN=32 TOS=0x00 PREC=0xC0 TTL=1 ID=0 DF PROTO=2 
Feb  4 13:23:42 combo kernel: [16935.213840] [UFW BLOCK] IN=enp0s8 OUT= MAC=01:00:5e:00:00:fb:04:7c:16:dd:14:eb:08:00 SRC=192.168.1.44 DST=224.0.0.251 LEN=32 TOS=0x00 PREC=0x00 TTL=1 ID=4857 PROTO=2 
Feb  4 13:25:32 combo kernel: [17044.613292] [UFW BLOCK] IN=enp0s8 OUT= MAC=01:00:5e:00:00:fb:b6:cf:f1:20:6f:bb:08:00 SRC=192.168.1.60 DST=224.0.0.251 LEN=32 TOS=0x00 PREC=0xC0 TTL=1 ID=0 DF PROTO=2 
Feb  4 13:25:45 combo kernel: [17057.785691] [UFW BLOCK] IN=enp0s8 OUT= MAC=01:00:5e:00:00:01:3c:55:db:7a:10:f2:08:00 SRC=0.0.0.0 DST=224.0.0.1 LEN=32 TOS=0x00 PREC=0xC0 TTL=1 ID=0 DF PROTO=2 
Feb  4 13:25:45 combo kernel: [17058.213478] [UFW BLOCK] IN=enp0s8 OUT= MAC=01:00:5e:00:00:fb:04:7c:16:dd:14:eb:08:00 SRC=192.168.1.44 DST=224.0.0.251 LEN=32 TOS=0x00 PREC=0x00 TTL=1 ID=4858 PROTO=2 
Feb  4 13:27:06 combo gnome-shell[1928]: Failed to store clipboard: Format UTF8_STRING not supported
Feb  4 13:27:37 combo kernel: [17169.814611] [UFW BLOCK] IN=enp0s8 OUT= MAC=01:00:5e:00:00:fb:b6:cf:f1:20:6f:bb:08:00 SRC=192.168.1.60 DST=224.0.0.251 LEN=32 TOS=0x00 PREC=0xC0 TTL=1 ID=0 DF PROTO=2 
Feb  4 13:27:50 combo kernel: [17183.226956] [UFW BLOCK] IN=enp0s8 OUT= MAC=01:00:5e:00:00:01:3c:55:db:7a:10:f2:08:00 SRC=0.0.0.0 DST=224.0.0.1 LEN=32 TOS=0x00 PREC=0xC0 TTL=1 ID=0 DF PROTO=2 
Feb  4 13:27:52 combo kernel: [17184.712292] [UFW BLOCK] IN=enp0s8 OUT= MAC=01:00:5e:00:00:fb:04:7c:16:dd:14:eb:08:00 SRC=192.168.1.44 DST=224.0.0.251 LEN=32 TOS=0x00 PREC=0x00 TTL=1 ID=4859 PROTO=2 
Feb  4 13:29:41 combo kernel: [17294.295805] [UFW BLOCK] IN=enp0s8 OUT= MAC=01:00:5e:00:00:fb:b6:cf:f1:20:6f:bb:08:00 SRC=192.168.1.60 DST=224.0.0.251 LEN=32 TOS=0x00 PREC=0xC0 TTL=1 ID=0 DF PROTO=2 
Feb  4 13:29:56 combo kernel: [17308.668328] [UFW BLOCK] IN=enp0s8 OUT= MAC=01:00:5e:00:00:01:3c:55:db:7a:10:f2:08:00 SRC=0.0.0.0 DST=224.0.0.1 LEN=32 TOS=0x00 PREC=0xC0 TTL=1 ID=0 DF PROTO=2 
Feb  4 13:30:01 combo CRON[5060]: (root) CMD ([ -x /etc/init.d/anacron ] && if [ ! -d /run/systemd/system ]; then /usr/sbin/invoke-rc.d anacron start >/dev/null; fi)
Feb  4 13:30:05 combo kernel: [17317.712060] [UFW BLOCK] IN=enp0s8 OUT= MAC=01:00:5e:00:00:fb:04:7c:16:dd:14:eb:08:00 SRC=192.168.1.44 DST=224.0.0.251 LEN=32 TOS=0x00 PREC=0x00 TTL=1 ID=4860 PROTO=2 
Feb  4 13:31:04 combo ubuntu-report[1781]: level=error msg="data were not delivered successfully to metrics server, retrying in 1800s"
Feb  4 13:31:48 combo kernel: [17421.256973] [UFW BLOCK] IN=enp0s8 OUT= MAC=01:00:5e:00:00:fb:b6:cf:f1:20:6f:bb:08:00 SRC=192.168.1.60 DST=224.0.0.251 LEN=32 TOS=0x00 PREC=0xC0 TTL=1 ID=0 DF PROTO=2 
Feb  4 13:32:01 combo kernel: [17434.109588] [UFW BLOCK] IN=enp0s8 OUT= MAC=01:00:5e:00:00:01:3c:55:db:7a:10:f2:08:00 SRC=0.0.0.0 DST=224.0.0.1 LEN=32 TOS=0x00 PREC=0xC0 TTL=1 ID=0 DF PROTO=2 
Feb  4 13:32:04 combo kernel: [17437.211580] [UFW BLOCK] IN=enp0s8 OUT= MAC=01:00:5e:00:00:fb:04:7c:16:dd:14:eb:08:00 SRC=192.168.1.44 DST=224.0.0.251 LEN=32 TOS=0x00 PREC=0x00 TTL=1 ID=4861 PROTO=2 
Feb  4 13:33:57 combo kernel: [17550.298136] [UFW BLOCK] IN=enp0s8 OUT= MAC=01:00:5e:00:00:fb:b6:cf:f1:20:6f:bb:08:00 SRC=192.168.1.60 DST=224.0.0.251 LEN=32 TOS=0x00 PREC=0xC0 TTL=1 ID=0 DF PROTO=2 
Feb  4 13:34:07 combo kernel: [17559.550999] [UFW BLOCK] IN=enp0s8 OUT= MAC=01:00:5e:00:00:01:3c:55:db:7a:10:f2:08:00 SRC=0.0.0.0 DST=224.0.0.1 LEN=32 TOS=0x00 PREC=0xC0 TTL=1 ID=0 DF PROTO=2 
Feb  4 13:34:11 combo kernel: [17563.711386] [UFW BLOCK] IN=enp0s8 OUT= MAC=01:00:5e:00:00:fb:04:7c:16:dd:14:eb:08:00 SRC=192.168.1.44 DST=224.0.0.251 LEN=32 TOS=0x00 PREC=0x00 TTL=1 ID=4862 PROTO=2 
Feb  4 13:34:45 combo systemd[1]: Started Run anacron jobs.
Feb  4 13:34:45 combo anacron[5066]: Anacron 2.3 started on 2024-02-04
Feb  4 13:34:45 combo anacron[5066]: Normal exit (0 jobs run)
Feb  4 13:34:45 combo systemd[1]: anacron.service: Deactivated successfully.
Feb  4 13:36:02 combo kernel: [17675.099172] [UFW BLOCK] IN=enp0s8 OUT= MAC=01:00:5e:00:00:fb:b6:cf:f1:20:6f:bb:08:00 SRC=192.168.1.60 DST=224.0.0.251 LEN=32 TOS=0x00 PREC=0xC0 TTL=1 ID=0 DF PROTO=2 
Feb  4 13:36:12 combo kernel: [17684.992348] [UFW BLOCK] IN=enp0s8 OUT= MAC=01:00:5e:00:00:01:3c:55:db:7a:10:f2:08:00 SRC=0.0.0.0 DST=224.0.0.1 LEN=32 TOS=0x00 PREC=0xC0 TTL=1 ID=0 DF PROTO=2 
Feb  4 13:36:16 combo kernel: [17688.711701] [UFW BLOCK] IN=enp0s8 OUT= MAC=01:00:5e:00:00:fb:04:7c:16:dd:14:eb:08:00 SRC=192.168.1.44 DST=224.0.0.251 LEN=32 TOS=0x00 PREC=0x00 TTL=1 ID=4863 PROTO=2 
Feb  4 13:38:05 combo kernel: [17797.340276] [UFW BLOCK] IN=enp0s8 OUT= MAC=01:00:5e:00:00:fb:b6:cf:f1:20:6f:bb:08:00 SRC=192.168.1.60 DST=224.0.0.251 LEN=32 TOS=0x00 PREC=0xC0 TTL=1 ID=0 DF PROTO=2 
Feb  4 13:38:18 combo kernel: [17810.433572] [UFW BLOCK] IN=enp0s8 OUT= MAC=01:00:5e:00:00:01:3c:55:db:7a:10:f2:08:00 SRC=0.0.0.0 DST=224.0.0.1 LEN=32 TOS=0x00 PREC=0xC0 TTL=1 ID=0 DF PROTO=2 
Feb  4 13:38:23 combo kernel: [17815.711100] [UFW BLOCK] IN=enp0s8 OUT= MAC=01:00:5e:00:00:fb:04:7c:16:dd:14:eb:08:00 SRC=192.168.1.44 DST=224.0.0.251 LEN=32 TOS=0x00 PREC=0x00 TTL=1 ID=4864 PROTO=2 
Feb  4 13:40:13 combo kernel: [17925.341274] [UFW BLOCK] IN=enp0s8 OUT= MAC=01:00:5e:00:00:fb:b6:cf:f1:20:6f:bb:08:00 SRC=192.168.1.60 DST=224.0.0.251 LEN=32 TOS=0x00 PREC=0xC0 TTL=1 ID=0 DF PROTO=2 
Feb  4 13:40:23 combo kernel: [17935.874903] [UFW BLOCK] IN=enp0s8 OUT= MAC=01:00:5e:00:00:01:3c:55:db:7a:10:f2:08:00 SRC=0.0.0.0 DST=224.0.0.1 LEN=32 TOS=0x00 PREC=0xC0 TTL=1 ID=0 DF PROTO=2 
Feb  4 13:40:24 combo kernel: [17936.711025] [UFW BLOCK] IN=enp0s8 OUT= MAC=01:00:5e:00:00:fb:04:7c:16:dd:14:eb:08:00 SRC=192.168.1.44 DST=224.0.0.251 LEN=32 TOS=0x00 PREC=0x00 TTL=1 ID=4865 PROTO=2 
Feb  4 13:42:13 combo kernel: [18045.662972] [UFW BLOCK] IN=enp0s8 OUT= MAC=01:00:5e:00:00:fb:b6:cf:f1:20:6f:bb:08:00 SRC=192.168.1.60 DST=224.0.0.251 LEN=32 TOS=0x00 PREC=0xC0 TTL=1 ID=0 DF PROTO=2 
Feb  4 13:42:28 combo kernel: [18061.317040] [UFW BLOCK] IN=enp0s8 OUT= MAC=01:00:5e:00:00:01:3c:55:db:7a:10:f2:08:00 SRC=0.0.0.0 DST=224.0.0.1 LEN=32 TOS=0x00 PREC=0xC0 TTL=1 ID=0 DF PROTO=2 
Feb  4 13:42:37 combo kernel: [18069.710865] [UFW BLOCK] IN=enp0s8 OUT= MAC=01:00:5e:00:00:fb:04:7c:16:dd:14:eb:08:00 SRC=192.168.1.44 DST=224.0.0.251 LEN=32 TOS=0x00 PREC=0x00 TTL=1 ID=4866 PROTO=2 
Feb  4 13:44:18 combo kernel: [18170.363366] [UFW BLOCK] IN=enp0s8 OUT= MAC=01:00:5e:00:00:fb:b6:cf:f1:20:6f:bb:08:00 SRC=192.168.1.60 DST=224.0.0.251 LEN=32 TOS=0x00 PREC=0xC0 TTL=1 ID=0 DF PROTO=2 
Feb  4 13:44:34 combo kernel: [18186.757569] [UFW BLOCK] IN=enp0s8 OUT= MAC=01:00:5e:00:00:01:3c:55:db:7a:10:f2:08:00 SRC=0.0.0.0 DST=224.0.0.1 LEN=32 TOS=0x00 PREC=0xC0 TTL=1 ID=0 DF PROTO=2 
Feb  4 13:44:42 combo kernel: [18194.709825] [UFW BLOCK] IN=enp0s8 OUT= MAC=01:00:5e:00:00:fb:04:7c:16:dd:14:eb:08:00 SRC=192.168.1.44 DST=224.0.0.251 LEN=32 TOS=0x00 PREC=0x00 TTL=1 ID=4867 PROTO=2 
Feb  4 13:46:23 combo kernel: [18296.305363] [UFW BLOCK] IN=enp0s8 OUT= MAC=01:00:5e:00:00:fb:b6:cf:f1:20:6f:bb:08:00 SRC=192.168.1.60 DST=224.0.0.251 LEN=32 TOS=0x00 PREC=0xC0 TTL=1 ID=0 DF PROTO=2 
Feb  4 13:46:39 combo kernel: [18312.199190] [UFW BLOCK] IN=enp0s8 OUT= MAC=01:00:5e:00:00:01:3c:55:db:7a:10:f2:08:00 SRC=0.0.0.0 DST=224.0.0.1 LEN=32 TOS=0x00 PREC=0xC0 TTL=1 ID=0 DF PROTO=2 
Feb  4 13:46:46 combo kernel: [18318.709629] [UFW BLOCK] IN=enp0s8 OUT= MAC=01:00:5e:00:00:fb:04:7c:16:dd:14:eb:08:00 SRC=192.168.1.44 DST=224.0.0.251 LEN=32 TOS=0x00 PREC=0x00 TTL=1 ID=4869 PROTO=2 
Feb  4 13:48:31 combo kernel: [18423.586168] [UFW BLOCK] IN=enp0s8 OUT= MAC=01:00:5e:00:00:fb:b6:cf:f1:20:6f:bb:08:00 SRC=192.168.1.60 DST=224.0.0.251 LEN=32 TOS=0x00 PREC=0xC0 TTL=1 ID=0 DF PROTO=2 
Feb  4 13:48:45 combo kernel: [18437.640294] [UFW BLOCK] IN=enp0s8 OUT= MAC=01:00:5e:00:00:01:3c:55:db:7a:10:f2:08:00 SRC=0.0.0.0 DST=224.0.0.1 LEN=32 TOS=0x00 PREC=0xC0 TTL=1 ID=0 DF PROTO=2 
Feb  4 13:48:47 combo kernel: [18440.209192] [UFW BLOCK] IN=enp0s8 OUT= MAC=01:00:5e:00:00:fb:04:7c:16:dd:14:eb:08:00 SRC=192.168.1.44 DST=224.0.0.251 LEN=32 TOS=0x00 PREC=0x00 TTL=1 ID=4870 PROTO=2 
Feb  4 13:50:41 combo kernel: [18553.827347] [UFW BLOCK] IN=enp0s8 OUT= MAC=01:00:5e:00:00:fb:b6:cf:f1:20:6f:bb:08:00 SRC=192.168.1.60 DST=224.0.0.251 LEN=32 TOS=0x00 PREC=0xC0 TTL=1 ID=0 DF PROTO=2 
Feb  4 13:50:50 combo kernel: [18563.081622] [UFW BLOCK] IN=enp0s8 OUT= MAC=01:00:5e:00:00:01:3c:55:db:7a:10:f2:08:00 SRC=0.0.0.0 DST=224.0.0.1 LEN=32 TOS=0x00 PREC=0xC0 TTL=1 ID=0 DF PROTO=2 
Feb  4 13:50:52 combo kernel: [18565.209463] [UFW BLOCK] IN=enp0s8 OUT= MAC=01:00:5e:00:00:fb:04:7c:16:dd:14:eb:08:00 SRC=192.168.1.44 DST=224.0.0.251 LEN=32 TOS=0x00 PREC=0x00 TTL=1 ID=4871 PROTO=2 
Feb  4 14:03:47 combo systemd[1]: Finished Remount Root and Kernel File Systems.
Feb  4 14:03:47 combo systemd[1]: Mounted FUSE Control File System.
Feb  4 14:03:47 combo systemd[1]: Mounted Kernel Configuration File System.
Feb  4 14:03:47 combo systemd[1]: Activating swap /swapfile...
Feb  4 14:03:47 combo systemd[1]: Condition check resulted in VMware vmblock fuse mount being skipped.
Feb  4 14:03:47 combo systemd[1]: Starting Flush Journal to Persistent Storage...
Feb  4 14:03:47 combo systemd[1]: Condition check resulted in Platform Persistent Storage Archival being skipped.
Feb  4 14:03:47 combo systemd[1]: Starting Load/Save Random Seed...
Feb  4 14:03:47 combo systemd[1]: Starting Create System Users...
Feb  4 14:03:47 combo systemd[1]: Activated swap /swapfile.
Feb  4 14:03:47 combo systemd[1]: Reached target Swaps.
Feb  4 14:03:47 combo systemd[1]: modprobe@drm.service: Deactivated successfully.
Feb  4 14:03:47 combo systemd[1]: Finished Load Kernel Module drm.
Feb  4 14:03:47 combo systemd[1]: Finished Load/Save Random Seed.
Feb  4 14:03:47 combo systemd[1]: Finished Create System Users.
Feb  4 14:03:47 combo systemd[1]: Condition check resulted in First Boot Complete being skipped.
Feb  4 14:03:47 combo systemd-modules-load[198]: Inserted module 'lp'
Feb  4 14:03:47 combo systemd-modules-load[198]: Inserted module 'ppdev'
Feb  4 14:03:47 combo systemd-modules-load[198]: Inserted module 'parport_pc'
Feb  4 14:03:47 combo systemd[1]: Starting Create Static Device Nodes in /dev...
Feb  4 14:03:47 combo systemd-modules-load[198]: Inserted module 'msr'
Feb  4 14:03:47 combo systemd-modules-load[198]: Module 'fuse' is built in
Feb  4 14:03:47 combo systemd[1]: Finished Flush Journal to Persistent Storage.
Feb  4 14:03:47 combo systemd[1]: Finished Create Static Device Nodes in /dev.
Feb  4 14:03:47 combo systemd[1]: Starting Rule-based Manager for Device Events and Files...
Feb  4 14:03:47 combo systemd[1]: Finished Set the console keyboard layout.
Feb  4 14:03:47 combo systemd[1]: Finished Coldplug All udev Devices.
Feb  4 14:03:47 combo systemd[1]: Reached target Preparation for Local File Systems.
Feb  4 14:03:47 combo systemd[1]: Mounting Mount unit for bare, revision 5...
Feb  4 14:03:47 combo systemd[1]: Mounting Mount unit for core20, revision 1974...
Feb  4 14:03:47 combo systemd[1]: Mounting Mount unit for core20, revision 2105...
Feb  4 14:03:47 combo systemd[1]: Mounting Mount unit for core22, revision 1033...
Feb  4 14:03:47 combo systemd[1]: Mounting Mount unit for core22, revision 858...
Feb  4 14:03:47 combo systemd[1]: Mounting Mount unit for firefox, revision 3687...
Feb  4 14:03:47 combo systemd-modules-load[198]: Inserted module 'vmwgfx'
Feb  4 14:03:47 combo systemd[1]: Mounting Mount unit for firefox, revision 3728...
Feb  4 14:03:47 combo systemd[1]: Mounting Mount unit for gnome-3-38-2004, revision 143...
Feb  4 14:03:47 combo systemd[1]: Mounting Mount unit for gnome-42-2204, revision 120...
Feb  4 14:03:47 combo systemd[1]: Mounting Mount unit for gnome-42-2204, revision 141...
Feb  4 14:03:47 combo systemd[1]: Mounting Mount unit for gtk-common-themes, revision 1535...
Feb  4 14:03:47 combo systemd[1]: Mounting Mount unit for snap-store, revision 959...
Feb  4 14:03:47 combo systemd[1]: Mounting Mount unit for snapd, revision 19457...
Feb  4 14:03:47 combo systemd[1]: Mounting Mount unit for snapd, revision 20671...
Feb  4 14:03:47 combo systemd[1]: Mounting Mount unit for snapd-desktop-integration, revision 83...
Feb  4 14:03:47 combo systemd[1]: Mounting Mount unit for firefox, revision 2987 via mount-control...
Feb  4 14:03:47 combo systemd[1]: Finished Load Kernel Modules.
Feb  4 14:03:47 combo systemd[1]: Mounted Mount unit for bare, revision 5.
Feb  4 14:03:47 combo systemd[1]: Mounted Mount unit for core20, revision 1974.
Feb  4 14:03:47 combo systemd[1]: Mounted Mount unit for core20, revision 2105.
Feb  4 14:03:47 combo systemd[1]: Started Rule-based Manager for Device Events and Files.
Feb  4 14:03:47 combo systemd[1]: Mounted Mount unit for core22, revision 1033.
Feb  4 14:03:47 combo systemd[1]: Mounted Mount unit for core22, revision 858.
Feb  4 14:03:47 combo systemd[1]: Mounted Mount unit for firefox, revision 3687.
Feb  4 14:03:47 combo systemd[1]: Mounted Mount unit for firefox, revision 3728.
Feb  4 14:03:47 combo systemd[1]: Mounted Mount unit for gnome-3-38-2004, revision 143.
Feb  4 14:03:47 combo systemd[1]: Mounted Mount unit for gnome-42-2204, revision 120.
Feb  4 14:03:47 combo systemd[1]: Mounted Mount unit for gnome-42-2204, revision 141.
Feb  4 14:03:47 combo systemd[1]: Mounted Mount unit for gtk-common-themes, revision 1535.
Feb  4 14:03:47 combo systemd[1]: Mounted Mount unit for snap-store, revision 959.
Feb  4 14:03:47 combo systemd[1]: Mounted Mount unit for snapd, revision 19457.
Feb  4 14:03:47 combo systemd[1]: Mounted Mount unit for snapd, revision 20671.
Feb  4 14:03:47 combo systemd[1]: Mounted Mount unit for snapd-desktop-integration, revision 83.
Feb  4 14:03:47 combo systemd[1]: Mounted Mount unit for firefox, revision 2987 via mount-control.
Feb  4 14:03:47 combo systemd[1]: Reached target Mounted snaps.
Feb  4 14:03:47 combo systemd[1]: Starting Show Plymouth Boot Screen...
Feb  4 14:03:47 combo systemd[1]: Starting Apply Kernel Variables...
Feb  4 14:03:47 combo systemd[1]: Received SIGRTMIN+20 from PID 248 (plymouthd).
Feb  4 14:03:47 combo systemd[1]: Started Show Plymouth Boot Screen.
Feb  4 14:03:47 combo systemd[1]: Condition check resulted in Dispatch Password Requests to Console Directory Watch being skipped.
Feb  4 14:03:47 combo systemd[1]: Started Forward Password Requests to Plymouth Directory Watch.
Feb  4 14:03:47 combo systemd[1]: Reached target Local Encrypted Volumes.
Feb  4 14:03:47 combo systemd[1]: Finished Apply Kernel Variables.
Feb  4 14:03:47 combo systemd-udevd[242]: Using default interface naming scheme 'v249'.
Feb  4 14:03:47 combo systemd-udevd[245]: Using default interface naming scheme 'v249'.
Feb  4 14:03:47 combo systemd-udevd[236]: sda: Process '/usr/bin/unshare -m /usr/bin/snap auto-import --mount=/dev/sda' failed with exit code 1.
Feb  4 14:03:47 combo mtp-probe: checking bus 1, device 2: "/sys/devices/pci0000:00/0000:00:06.0/usb1/1-1"
Feb  4 14:03:47 combo mtp-probe: bus: 1, device: 2 was not an MTP device
Feb  4 14:03:47 combo systemd-udevd[238]: sr0: Process '/usr/bin/unshare -m /usr/bin/snap auto-import --mount=/dev/sr0' failed with exit code 1.
Feb  4 14:03:47 combo systemd-udevd[241]: sda3: Process '/usr/bin/unshare -m /usr/bin/snap auto-import --mount=/dev/sda3' failed with exit code 1.
Feb  4 14:03:47 combo systemd-udevd[236]: sda1: Process '/usr/bin/unshare -m /usr/bin/snap auto-import --mount=/dev/sda1' failed with exit code 1.
Feb  4 14:03:47 combo systemd-udevd[244]: sda2: Process '/usr/bin/unshare -m /usr/bin/snap auto-import --mount=/dev/sda2' failed with exit code 1.
Feb  4 14:03:47 combo systemd[1]: Found device VBOX_HARDDISK EFI\x20System\x20Partition.
Feb  4 14:03:47 combo systemd[1]: Starting File System Check on /dev/disk/by-uuid/E4E6-15CF...
Feb  4 14:03:47 combo systemd[1]: Started File System Check Daemon to report status.
Feb  4 14:03:47 combo systemd-fsck[302]: fsck.fat 4.2 (2021-01-31)
Feb  4 14:03:47 combo systemd-fsck[302]: There are differences between boot sector and its backup.
Feb  4 14:03:47 combo systemd-fsck[302]: This is mostly harmless. Differences: (offset:original/backup)
Feb  4 14:03:47 combo systemd-fsck[302]:   65:01/00
Feb  4 14:03:47 combo systemd-fsck[302]:   Not automatically fixing this.
Feb  4 14:03:47 combo systemd-fsck[302]: Dirty bit is set. Fs was not properly unmounted and some data may be corrupt.
Feb  4 14:03:47 combo systemd-fsck[302]:  Automatically removing dirty bit.
Feb  4 14:03:47 combo systemd-fsck[302]: *** Filesystem was changed ***
Feb  4 14:03:47 combo systemd-fsck[302]: Writing changes.
Feb  4 14:03:47 combo systemd-fsck[302]: /dev/sda2: 11 files, 1555/131063 clusters
Feb  4 14:03:47 combo kernel: [    0.000000] Linux version 6.5.0-15-generic (buildd@bos03-amd64-040) (x86_64-linux-gnu-gcc-12 (Ubuntu 12.3.0-1ubuntu1~22.04) 12.3.0, GNU ld (GNU Binutils for Ubuntu) 2.38) #15~22.04.1-Ubuntu SMP PREEMPT_DYNAMIC Fri Jan 12 18:54:30 UTC 2 (Ubuntu 6.5.0-15.15~22.04.1-generic 6.5.3)
Feb  4 14:03:47 combo systemd[1]: Finished File System Check on /dev/disk/by-uuid/E4E6-15CF.
Feb  4 14:03:47 combo kernel: [    0.000000] Command line: BOOT_IMAGE=/boot/vmlinuz-6.5.0-15-generic root=UUID=e94732c4-fbbd-4eb4-bbbb-003e28729889 ro quiet splash
Feb  4 14:03:47 combo kernel: [    0.000000] KERNEL supported cpus:
Feb  4 14:03:47 combo kernel: [    0.000000]   Intel GenuineIntel
Feb  4 14:03:47 combo kernel: [    0.000000]   AMD AuthenticAMD
Feb  4 14:03:47 combo systemd[1]: Mounting /boot/efi...
Feb  4 14:03:47 combo kernel: [    0.000000]   Hygon HygonGenuine
Feb  4 14:03:47 combo kernel: [    0.000000]   Centaur CentaurHauls
Feb  4 14:03:47 combo systemd[1]: Mounted /boot/efi.
Feb  4 14:03:47 combo kernel: [    0.000000]   zhaoxin   Shanghai  
Feb  4 14:03:47 combo kernel: [    0.000000] [Firmware Bug]: TSC doesn't count with P0 frequency!
Feb  4 14:03:47 combo kernel: [    0.000000] BIOS-provided physical RAM map:
Feb  4 14:03:47 combo kernel: [    0.000000] BIOS-e820: [mem 0x0000000000000000-0x000000000009fbff] usable
Feb  4 14:03:47 combo systemd[1]: Reached target Local File Systems.
Feb  4 14:03:47 combo kernel: [    0.000000] BIOS-e820: [mem 0x000000000009fc00-0x000000000009ffff] reserved
Feb  4 14:03:47 combo kernel: [    0.000000] BIOS-e820: [mem 0x00000000000f0000-0x00000000000fffff] reserved
Feb  4 14:03:47 combo systemd[1]: Starting Load AppArmor profiles...
Feb  4 14:03:47 combo kernel: [    0.000000] BIOS-e820: [mem 0x0000000000100000-0x000000005dbeffff] usable
Feb  4 14:03:47 combo kernel: [    0.000000] BIOS-e820: [mem 0x000000005dbf0000-0x000000005dbfffff] ACPI data
Feb  4 14:03:47 combo kernel: [    0.000000] BIOS-e820: [mem 0x00000000fec00000-0x00000000fec00fff] reserved
Feb  4 14:03:47 combo kernel: [    0.000000] BIOS-e820: [mem 0x00000000fee00000-0x00000000fee00fff] reserved
Feb  4 14:03:47 combo kernel: [    0.000000] BIOS-e820: [mem 0x00000000fffc0000-0x00000000ffffffff] reserved
Feb  4 14:03:47 combo kernel: [    0.000000] NX (Execute Disable) protection: active
Feb  4 14:03:47 combo systemd[1]: Starting Set console font and keymap...
Feb  4 14:03:47 combo kernel: [    0.000000] SMBIOS 2.5 present.
Feb  4 14:03:47 combo kernel: [    0.000000] DMI: innotek GmbH VirtualBox/VirtualBox, BIOS VirtualBox 12/01/2006
Feb  4 14:03:47 combo kernel: [    0.000000] Hypervisor detected: KVM
Feb  4 14:03:47 combo kernel: [    0.000000] kvm-clock: Using msrs 4b564d01 and 4b564d00
Feb  4 14:03:47 combo kernel: [    0.000002] kvm-clock: using sched offset of 3554529756 cycles
Feb  4 14:03:47 combo kernel: [    0.000004] clocksource: kvm-clock: mask: 0xffffffffffffffff max_cycles: 0x1cd42e4dffb, max_idle_ns: 881590591483 ns
Feb  4 14:03:47 combo systemd[1]: Starting Tell Plymouth To Write Out Runtime Data...
Feb  4 14:03:47 combo kernel: [    0.000008] tsc: Detected 3792.870 MHz processor
Feb  4 14:03:47 combo systemd[1]: Starting Set Up Additional Binary Formats...
Feb  4 14:03:47 combo kernel: [    0.000794] e820: update [mem 0x00000000-0x00000fff] usable ==> reserved
Feb  4 14:03:47 combo kernel: [    0.000798] e820: remove [mem 0x000a0000-0x000fffff] usable
Feb  4 14:03:47 combo kernel: [    0.000802] last_pfn = 0x5dbf0 max_arch_pfn = 0x400000000
Feb  4 14:03:47 combo kernel: [    0.000810] MTRRs disabled by BIOS
Feb  4 14:03:47 combo systemd[1]: Condition check resulted in Store a System Token in an EFI Variable being skipped.
Feb  4 14:03:47 combo kernel: [    0.000812] x86/PAT: Configuration [0-7]: WB  WC  UC- UC  WB  WP  UC- WT  
Feb  4 14:03:47 combo kernel: [    0.000850] found SMP MP-table at [mem 0x0009fff0-0x0009ffff]
Feb  4 14:03:47 combo kernel: [    0.000992] RAMDISK: [mem 0x2fa11000-0x33cfffff]
Feb  4 14:03:47 combo kernel: [    0.000997] ACPI: Early table checksum verification disabled
Feb  4 14:03:47 combo systemd[1]: Condition check resulted in Commit a transient machine-id on disk being skipped.
Feb  4 14:03:47 combo kernel: [    0.001000] ACPI: RSDP 0x00000000000E0000 000024 (v02 VBOX  )
Feb  4 14:03:47 combo kernel: [    0.001003] ACPI: XSDT 0x000000005DBF0030 00003C (v01 VBOX   VBOXXSDT 00000001 ASL  00000061)
Feb  4 14:03:47 combo kernel: [    0.001007] ACPI: FACP 0x000000005DBF00F0 0000F4 (v04 VBOX   VBOXFACP 00000001 ASL  00000061)
Feb  4 14:03:47 combo kernel: [    0.001011] ACPI: DSDT 0x000000005DBF0470 002325 (v02 VBOX   VBOXBIOS 00000002 INTL 20100528)
Feb  4 14:03:47 combo kernel: [    0.001013] ACPI: FACS 0x000000005DBF0200 000040
Feb  4 14:03:47 combo systemd[1]: Starting Create Volatile Files and Directories...
Feb  4 14:03:47 combo kernel: [    0.001015] ACPI: FACS 0x000000005DBF0200 000040
Feb  4 14:03:47 combo kernel: [    0.001017] ACPI: APIC 0x000000005DBF0240 00005C (v02 VBOX   VBOXAPIC 00000001 ASL  00000061)
Feb  4 14:03:47 combo kernel: [    0.001018] ACPI: SSDT 0x000000005DBF02A0 0001CC (v01 VBOX   VBOXCPUT 00000002 INTL 20100528)
Feb  4 14:03:47 combo systemd[1]: Starting Uncomplicated firewall...
Feb  4 14:03:47 combo kernel: [    0.001020] ACPI: Reserving FACP table memory at [mem 0x5dbf00f0-0x5dbf01e3]
Feb  4 14:03:47 combo kernel: [    0.001021] ACPI: Reserving DSDT table memory at [mem 0x5dbf0470-0x5dbf2794]
Feb  4 14:03:47 combo kernel: [    0.001022] ACPI: Reserving FACS table memory at [mem 0x5dbf0200-0x5dbf023f]
Feb  4 14:03:47 combo kernel: [    0.001022] ACPI: Reserving FACS table memory at [mem 0x5dbf0200-0x5dbf023f]
Feb  4 14:03:47 combo systemd[1]: Finished Set console font and keymap.
Feb  4 14:03:47 combo kernel: [    0.001023] ACPI: Reserving APIC table memory at [mem 0x5dbf0240-0x5dbf029b]
Feb  4 14:03:47 combo kernel: [    0.001023] ACPI: Reserving SSDT table memory at [mem 0x5dbf02a0-0x5dbf046b]
Feb  4 14:03:47 combo kernel: [    0.001198] No NUMA configuration found
Feb  4 14:03:47 combo kernel: [    0.001199] Faking a node at [mem 0x0000000000000000-0x000000005dbeffff]
Feb  4 14:03:47 combo kernel: [    0.001205] NODE_DATA(0) allocated [mem 0x5dbc5000-0x5dbeffff]
Feb  4 14:03:47 combo apparmor.systemd[309]: Restarting AppArmor
Feb  4 14:03:47 combo kernel: [    0.001337] Zone ranges:
Feb  4 14:03:47 combo kernel: [    0.001338]   DMA      [mem 0x0000000000001000-0x0000000000ffffff]
Feb  4 14:03:47 combo kernel: [    0.001340]   DMA32    [mem 0x0000000001000000-0x000000005dbeffff]
Feb  4 14:03:47 combo kernel: [    0.001341]   Normal   empty
Feb  4 14:03:47 combo apparmor.systemd[309]: Reloading AppArmor profiles
Feb  4 14:03:47 combo kernel: [    0.001342]   Device   empty
Feb  4 14:03:47 combo kernel: [    0.001342] Movable zone start for each node
Feb  4 14:03:47 combo kernel: [    0.001344] Early memory node ranges
Feb  4 14:03:47 combo systemd[1]: Finished Tell Plymouth To Write Out Runtime Data.
Feb  4 14:03:47 combo kernel: [    0.001345]   node   0: [mem 0x0000000000001000-0x000000000009efff]
Feb  4 14:03:47 combo kernel: [    0.001346]   node   0: [mem 0x0000000000100000-0x000000005dbeffff]
Feb  4 14:03:47 combo kernel: [    0.001347] Initmem setup node 0 [mem 0x0000000000001000-0x000000005dbeffff]
Feb  4 14:03:47 combo kernel: [    0.001352] On node 0, zone DMA: 1 pages in unavailable ranges
Feb  4 14:03:47 combo kernel: [    0.001384] On node 0, zone DMA: 97 pages in unavailable ranges
Feb  4 14:03:47 combo systemd[1]: Received SIGRTMIN+20 from PID 248 (plymouthd).
Feb  4 14:03:47 combo kernel: [    0.004121] On node 0, zone DMA32: 9232 pages in unavailable ranges
Feb  4 14:03:47 combo kernel: [    0.004392] ACPI: PM-Timer IO Port: 0x4008
Feb  4 14:03:47 combo kernel: [    0.004442] IOAPIC[0]: apic_id 2, version 32, address 0xfec00000, GSI 0-23
Feb  4 14:03:47 combo systemd[1]: proc-sys-fs-binfmt_misc.automount: Got automount request for /proc/sys/fs/binfmt_misc, triggered by 320 (systemd-binfmt)
Feb  4 14:03:47 combo kernel: [    0.004444] ACPI: INT_SRC_OVR (bus 0 bus_irq 0 global_irq 2 dfl dfl)
Feb  4 14:03:47 combo kernel: [    0.004446] ACPI: INT_SRC_OVR (bus 0 bus_irq 9 global_irq 9 low level)
Feb  4 14:03:47 combo kernel: [    0.004449] ACPI: Using ACPI (MADT) for SMP configuration information
Feb  4 14:03:47 combo kernel: [    0.004453] smpboot: Allowing 2 CPUs, 0 hotplug CPUs
Feb  4 14:03:47 combo kernel: [    0.004470] PM: hibernation: Registered nosave memory: [mem 0x00000000-0x00000fff]
Feb  4 14:03:47 combo systemd[1]: Listening on Load/Save RF Kill Switch Status /dev/rfkill Watch.
Feb  4 14:03:47 combo kernel: [    0.004471] PM: hibernation: Registered nosave memory: [mem 0x0009f000-0x0009ffff]
Feb  4 14:03:47 combo kernel: [    0.004472] PM: hibernation: Registered nosave memory: [mem 0x000a0000-0x000effff]
Feb  4 14:03:47 combo kernel: [    0.004472] PM: hibernation: Registered nosave memory: [mem 0x000f0000-0x000fffff]
Feb  4 14:03:47 combo kernel: [    0.004474] [mem 0x5dc00000-0xfebfffff] available for PCI devices
Feb  4 14:03:47 combo kernel: [    0.004475] Booting paravirtualized kernel on KVM
Feb  4 14:03:47 combo systemd[1]: Mounting Arbitrary Executable File Formats File System...
Feb  4 14:03:47 combo kernel: [    0.004477] clocksource: refined-jiffies: mask: 0xffffffff max_cycles: 0xffffffff, max_idle_ns: 7645519600211568 ns
Feb  4 14:03:47 combo kernel: [    0.004483] setup_percpu: NR_CPUS:8192 nr_cpumask_bits:2 nr_cpu_ids:2 nr_node_ids:1
Feb  4 14:03:47 combo systemd[1]: Finished Create Volatile Files and Directories.
Feb  4 14:03:47 combo kernel: [    0.004797] percpu: Embedded 63 pages/cpu s221184 r8192 d28672 u1048576
Feb  4 14:03:47 combo kernel: [    0.004800] pcpu-alloc: s221184 r8192 d28672 u1048576 alloc=1*2097152
Feb  4 14:03:47 combo kernel: [    0.004803] pcpu-alloc: [0] 0 1 
Feb  4 14:03:47 combo kernel: [    0.004815] kvm-guest: PV spinlocks enabled
Feb  4 14:03:47 combo kernel: [    0.004816] PV qspinlock hash table entries: 256 (order: 0, 4096 bytes, linear)
Feb  4 14:03:47 combo systemd[1]: Starting Userspace Out-Of-Memory (OOM) Killer...
Feb  4 14:03:47 combo kernel: [    0.004822] Kernel command line: BOOT_IMAGE=/boot/vmlinuz-6.5.0-15-generic root=UUID=e94732c4-fbbd-4eb4-bbbb-003e28729889 ro quiet splash
Feb  4 14:03:47 combo kernel: [    0.004868] Unknown kernel command line parameters "splash BOOT_IMAGE=/boot/vmlinuz-6.5.0-15-generic", will be passed to user space.
Feb  4 14:03:47 combo kernel: [    0.004898] random: crng init done
Feb  4 14:03:47 combo kernel: [    0.005139] Dentry cache hash table entries: 262144 (order: 9, 2097152 bytes, linear)
Feb  4 14:03:47 combo systemd[1]: Starting Network Name Resolution...
Feb  4 14:03:47 combo kernel: [    0.005278] Inode-cache hash table entries: 131072 (order: 8, 1048576 bytes, linear)
Feb  4 14:03:47 combo kernel: [    0.005308] Fallback order for Node 0: 0 
Feb  4 14:03:47 combo systemd[1]: Starting Record System Boot/Shutdown in UTMP...
Feb  4 14:03:47 combo kernel: [    0.005311] Built 1 zonelists, mobility grouping on.  Total pages: 377728
Feb  4 14:03:47 combo kernel: [    0.005312] Policy zone: DMA32
Feb  4 14:03:47 combo kernel: [    0.005317] mem auto-init: stack:all(zero), heap alloc:on, heap free:off
Feb  4 14:03:47 combo kernel: [    0.010213] Memory: 1376216K/1535544K available (20480K kernel code, 4265K rwdata, 13180K rodata, 4792K init, 17396K bss, 159068K reserved, 0K cma-reserved)
Feb  4 14:03:47 combo kernel: [    0.010444] SLUB: HWalign=64, Order=0-3, MinObjects=0, CPUs=2, Nodes=1
Feb  4 14:03:47 combo systemd[1]: Mounted Arbitrary Executable File Formats File System.
Feb  4 14:03:47 combo kernel: [    0.010475] ftrace: allocating 55225 entries in 216 pages
Feb  4 14:03:47 combo kernel: [    0.022865] ftrace: allocated 216 pages with 4 groups
Feb  4 14:03:47 combo kernel: [    0.023684] Dynamic Preempt: voluntary
Feb  4 14:03:47 combo kernel: [    0.023703] rcu: Preemptible hierarchical RCU implementation.
Feb  4 14:03:47 combo kernel: [    0.023704] rcu: 	RCU restricting CPUs from NR_CPUS=8192 to nr_cpu_ids=2.
Feb  4 14:03:47 combo kernel: [    0.023705] 	Trampoline variant of Tasks RCU enabled.
Feb  4 14:03:47 combo kernel: [    0.023705] 	Rude variant of Tasks RCU enabled.
Feb  4 14:03:47 combo systemd[1]: Finished Set Up Additional Binary Formats.
Feb  4 14:03:47 combo kernel: [    0.023706] 	Tracing variant of Tasks RCU enabled.
Feb  4 14:03:47 combo kernel: [    0.023706] rcu: RCU calculated value of scheduler-enlistment delay is 25 jiffies.
Feb  4 14:03:47 combo systemd[1]: Finished Record System Boot/Shutdown in UTMP.
Feb  4 14:03:47 combo kernel: [    0.023707] rcu: Adjusting geometry for rcu_fanout_leaf=16, nr_cpu_ids=2
Feb  4 14:03:47 combo kernel: [    0.025360] NR_IRQS: 524544, nr_irqs: 440, preallocated irqs: 16
Feb  4 14:03:47 combo kernel: [    0.025548] rcu: srcu_init: Setting srcu_struct sizes based on contention.
Feb  4 14:03:47 combo kernel: [    0.032271] Console: colour VGA+ 80x25
Feb  4 14:03:47 combo kernel: [    0.032274] printk: console [tty0] enabled
Feb  4 14:03:47 combo apparmor.systemd[363]: Skipping profile in /etc/apparmor.d/disable: usr.sbin.rsyslogd
Feb  4 14:03:47 combo kernel: [    0.032297] ACPI: Core revision 20230331
Feb  4 14:03:47 combo kernel: [    0.032375] APIC: Switch to symmetric I/O mode setup
Feb  4 14:03:47 combo systemd[1]: Finished Load AppArmor profiles.
Feb  4 14:03:47 combo systemd[1]: Starting Load AppArmor profiles managed internally by snapd...
Feb  4 14:03:47 combo systemd[1]: Condition check resulted in Authentication service for virtual machines hosted on VMware being skipped.
Feb  4 14:03:47 combo systemd[1]: Condition check resulted in Service for virtual machines hosted on VMware being skipped.
Feb  4 14:03:47 combo systemd[1]: Started Userspace Out-Of-Memory (OOM) Killer.
Feb  4 14:03:47 combo systemd-udevd[239]: vboxguest: /etc/udev/rules.d/60-vboxadd.rules:1 Only network interfaces can be renamed, ignoring NAME="vboxguest".
Feb  4 14:03:47 combo systemd-udevd[245]: vboxuser: /etc/udev/rules.d/60-vboxadd.rules:2 Only network interfaces can be renamed, ignoring NAME="vboxuser".
Feb  4 14:03:47 combo systemd-resolved[346]: Positive Trust Anchors:
Feb  4 14:03:47 combo systemd-resolved[346]: . IN DS 20326 8 2 e06d44b80b8f1d39a95c0b0d7c65d08458e880409bbc683457104237c7f8ec8d
Feb  4 14:03:47 combo systemd-resolved[346]: Negative trust anchors: home.arpa 10.in-addr.arpa 16.172.in-addr.arpa 17.172.in-addr.arpa 18.172.in-addr.arpa 19.172.in-addr.arpa 20.172.in-addr.arpa 21.172.in-addr.arpa 22.172.in-addr.arpa 23.172.in-addr.arpa 24.172.in-addr.arpa 25.172.in-addr.arpa 26.172.in-addr.arpa 27.172.in-addr.arpa 28.172.in-addr.arpa 29.172.in-addr.arpa 30.172.in-addr.arpa 31.172.in-addr.arpa 168.192.in-addr.arpa d.f.ip6.arpa corp home internal intranet lan local private test
Feb  4 14:03:47 combo systemd-resolved[346]: Using system hostname 'combo'.
Feb  4 14:03:47 combo systemd[1]: Started Network Name Resolution.
Feb  4 14:03:47 combo systemd[1]: Reached target Host and Network Name Lookups.
Feb  4 14:03:47 combo snapd-apparmor[365]: main.go:124: Loading profiles [/var/lib/snapd/apparmor/profiles/snap-confine.snapd.19457 /var/lib/snapd/apparmor/profiles/snap-confine.snapd.20671 /var/lib/snapd/apparmor/profiles/snap-update-ns.firefox /var/lib/snapd/apparmor/profiles/snap-update-ns.snap-store /var/lib/snapd/apparmor/profiles/snap-update-ns.snapd-desktop-integration /var/lib/snapd/apparmor/profiles/snap.firefox.firefox /var/lib/snapd/apparmor/profiles/snap.firefox.geckodriver /var/lib/snapd/apparmor/profiles/snap.firefox.hook.configure /var/lib/snapd/apparmor/profiles/snap.firefox.hook.connect-plug-host-hunspell /var/lib/snapd/apparmor/profiles/snap.firefox.hook.disconnect-plug-host-hunspell /var/lib/snapd/apparmor/profiles/snap.firefox.hook.post-refresh /var/lib/snapd/apparmor/profiles/snap.snap-store.hook.configure /var/lib/snapd/apparmor/profiles/snap.snap-store.snap-store /var/lib/snapd/apparmor/profiles/snap.snap-store.ubuntu-software /var/lib/snapd/apparmor/profiles/snap.snap-store.ubuntu-software-local-file /var/lib/snapd/apparmor/profiles/snap.snapd-desktop-integration.hook.configure /var/lib/snapd/apparmor/profiles/snap.snapd-desktop-integration.snapd-desktop-integration]
Feb  4 14:03:47 combo systemd[1]: Finished Uncomplicated firewall.
Feb  4 14:03:47 combo kernel: [    0.032554] x2apic enabled
Feb  4 14:03:47 combo kernel: [    0.032719] Switched APIC routing to physical x2apic.
Feb  4 14:03:47 combo kernel: [    0.033549] ..TIMER: vector=0x30 apic1=0 pin1=2 apic2=-1 pin2=-1
Feb  4 14:03:47 combo kernel: [    0.033567] clocksource: tsc-early: mask: 0xffffffffffffffff max_cycles: 0x6d5812d0b0b, max_idle_ns: 881590872300 ns
Feb  4 14:03:47 combo systemd[1]: Reached target Preparation for Network.
Feb  4 14:03:47 combo kernel: [    0.033573] Calibrating delay loop (skipped) preset value.. 7585.74 BogoMIPS (lpj=15171480)
Feb  4 14:03:47 combo kernel: [    0.033646] Last level iTLB entries: 4KB 512, 2MB 512, 4MB 256
Feb  4 14:03:47 combo kernel: [    0.033647] Last level dTLB entries: 4KB 2048, 2MB 2048, 4MB 1024, 1GB 0
Feb  4 14:03:47 combo systemd[1]: Condition check resulted in Dispatch Password Requests to Console Directory Watch being skipped.
Feb  4 14:03:47 combo kernel: [    0.033650] Spectre V1 : Mitigation: usercopy/swapgs barriers and __user pointer sanitization
Feb  4 14:03:47 combo kernel: [    0.033651] Spectre V2 : Mitigation: Retpolines
Feb  4 14:03:47 combo kernel: [    0.033652] Spectre V2 : Spectre v2 / SpectreRSB mitigation: Filling RSB on context switch
Feb  4 14:03:47 combo kernel: [    0.033652] Spectre V2 : Spectre v2 / SpectreRSB : Filling RSB on VMEXIT
Feb  4 14:03:47 combo systemd[1]: Starting Load Kernel Module efi_pstore...
Feb  4 14:03:47 combo kernel: [    0.033666] Speculative Return Stack Overflow: IBPB-extending microcode not applied!
Feb  4 14:03:47 combo kernel: [    0.033666] Speculative Return Stack Overflow: WARNING: See https://kernel.org/doc/html/latest/admin-guide/hw-vuln/srso.html for mitigation options.
Feb  4 14:03:47 combo kernel: [    0.033667] Speculative Return Stack Overflow: Mitigation: safe RET, no microcode
Feb  4 14:03:47 combo kernel: [    0.033678] x86/fpu: Supporting XSAVE feature 0x001: 'x87 floating point registers'
Feb  4 14:03:47 combo kernel: [    0.033679] x86/fpu: Supporting XSAVE feature 0x002: 'SSE registers'
Feb  4 14:03:47 combo kernel: [    0.033680] x86/fpu: Supporting XSAVE feature 0x004: 'AVX registers'
Feb  4 14:03:47 combo kernel: [    0.033681] x86/fpu: xstate_offset[2]:  576, xstate_sizes[2]:  256
Feb  4 14:03:47 combo kernel: [    0.033682] x86/fpu: Enabled xstate features 0x7, context size is 832 bytes, using 'standard' format.
Feb  4 14:03:47 combo systemd[1]: Condition check resulted in Store a System Token in an EFI Variable being skipped.
Feb  4 14:03:47 combo kernel: [    0.056647] Freeing SMP alternatives memory: 44K
Feb  4 14:03:47 combo kernel: [    0.056652] pid_max: default: 32768 minimum: 301
Feb  4 14:03:47 combo kernel: [    0.056699] LSM: initializing lsm=lockdown,capability,landlock,yama,apparmor,integrity
Feb  4 14:03:47 combo kernel: [    0.056714] landlock: Up and running.
Feb  4 14:03:47 combo systemd[1]: Condition check resulted in Commit a transient machine-id on disk being skipped.
Feb  4 14:03:47 combo kernel: [    0.056715] Yama: becoming mindful.
Feb  4 14:03:47 combo kernel: [    0.056741] AppArmor: AppArmor initialized
Feb  4 14:03:47 combo kernel: [    0.056777] Mount-cache hash table entries: 4096 (order: 3, 32768 bytes, linear)
Feb  4 14:03:47 combo kernel: [    0.056782] Mountpoint-cache hash table entries: 4096 (order: 3, 32768 bytes, linear)
Feb  4 14:03:47 combo kernel: [    0.166006] smpboot: CPU0: AMD Ryzen 7 5700G with Radeon Graphics (family: 0x19, model: 0x50, stepping: 0x0)
Feb  4 14:03:47 combo systemd[1]: Starting Network Time Synchronization...
Feb  4 14:03:47 combo kernel: [    0.166204] RCU Tasks: Setting shift to 1 and lim to 1 rcu_task_cb_adjust=1.
Feb  4 14:03:47 combo kernel: [    0.166220] RCU Tasks Rude: Setting shift to 1 and lim to 1 rcu_task_cb_adjust=1.
Feb  4 14:03:47 combo kernel: [    0.166235] RCU Tasks Trace: Setting shift to 1 and lim to 1 rcu_task_cb_adjust=1.
Feb  4 14:03:47 combo systemd[1]: modprobe@efi_pstore.service: Deactivated successfully.
Feb  4 14:03:47 combo kernel: [    0.166249] Performance Events: PMU not available due to virtualization, using software events only.
Feb  4 14:03:47 combo kernel: [    0.166276] signal: max sigframe size: 1776
Feb  4 14:03:47 combo kernel: [    0.166308] rcu: Hierarchical SRCU implementation.
Feb  4 14:03:47 combo kernel: [    0.166310] rcu: 	Max phase no-delay instances is 1000.
Feb  4 14:03:47 combo systemd[1]: Finished Load Kernel Module efi_pstore.
Feb  4 14:03:47 combo kernel: [    0.166631] NMI watchdog: Perf NMI watchdog permanently disabled
Feb  4 14:03:47 combo kernel: [    0.166668] smp: Bringing up secondary CPUs ...
Feb  4 14:03:47 combo kernel: [    0.166783] smpboot: x86: Booting SMP configuration:
Feb  4 14:03:47 combo kernel: [    0.166784] .... node  #0, CPUs:      #1
Feb  4 14:03:47 combo systemd[1]: Condition check resulted in Platform Persistent Storage Archival being skipped.
Feb  4 14:03:47 combo kernel: [    0.167572] smp: Brought up 1 node, 2 CPUs
Feb  4 14:03:47 combo kernel: [    0.167572] smpboot: Max logical packages: 1
Feb  4 14:03:47 combo kernel: [    0.167572] smpboot: Total of 2 processors activated (15171.48 BogoMIPS)
Feb  4 14:03:47 combo kernel: [    0.167572] devtmpfs: initialized
Feb  4 14:03:47 combo kernel: [    0.167572] x86/mm: Memory block size: 128MB
Feb  4 14:03:47 combo kernel: [    0.167572] clocksource: jiffies: mask: 0xffffffff max_cycles: 0xffffffff, max_idle_ns: 7645041785100000 ns
Feb  4 14:03:47 combo kernel: [    0.167572] futex hash table entries: 512 (order: 3, 32768 bytes, linear)
Feb  4 14:03:47 combo systemd[1]: Finished Load AppArmor profiles managed internally by snapd.
Feb  4 14:03:47 combo kernel: [    0.167572] pinctrl core: initialized pinctrl subsystem
Feb  4 14:03:47 combo kernel: [    0.169606] PM: RTC time: 06:03:43, date: 2024-02-04
Feb  4 14:03:47 combo systemd[1]: Started Network Time Synchronization.
Feb  4 14:03:47 combo kernel: [    0.170133] NET: Registered PF_NETLINK/PF_ROUTE protocol family
Feb  4 14:03:47 combo kernel: [    0.170266] DMA: preallocated 256 KiB GFP_KERNEL pool for atomic allocations
Feb  4 14:03:47 combo kernel: [    0.170296] DMA: preallocated 256 KiB GFP_KERNEL|GFP_DMA pool for atomic allocations
Feb  4 14:03:47 combo kernel: [    0.170320] DMA: preallocated 256 KiB GFP_KERNEL|GFP_DMA32 pool for atomic allocations
Feb  4 14:03:47 combo kernel: [    0.170329] audit: initializing netlink subsys (disabled)
Feb  4 14:03:47 combo systemd[1]: Reached target System Initialization.
Feb  4 14:03:47 combo kernel: [    0.170352] audit: type=2000 audit(1707026629.275:1): state=initialized audit_enabled=0 res=1
Feb  4 14:03:47 combo kernel: [    0.170352] thermal_sys: Registered thermal governor 'fair_share'
Feb  4 14:03:47 combo kernel: [    0.170352] thermal_sys: Registered thermal governor 'bang_bang'
Feb  4 14:03:47 combo systemd[1]: Started ACPI Events Check.
Feb  4 14:03:47 combo kernel: [    0.170352] thermal_sys: Registered thermal governor 'step_wise'
Feb  4 14:03:47 combo kernel: [    0.170352] thermal_sys: Registered thermal governor 'user_space'
Feb  4 14:03:47 combo kernel: [    0.170352] thermal_sys: Registered thermal governor 'power_allocator'
Feb  4 14:03:47 combo kernel: [    0.170352] EISA bus registered
Feb  4 14:03:47 combo kernel: [    0.170352] cpuidle: using governor ladder
Feb  4 14:03:47 combo systemd[1]: Condition check resulted in Process error reports when automatic reporting is enabled (file watch) being skipped.
Feb  4 14:03:47 combo kernel: [    0.170352] cpuidle: using governor menu
Feb  4 14:03:47 combo kernel: [    0.170352] acpiphp: ACPI Hot Plug PCI Controller Driver version: 0.5
Feb  4 14:03:47 combo kernel: [    0.170352] PCI: Using configuration type 1 for base access
Feb  4 14:03:47 combo kernel: [    0.170352] PCI: Using configuration type 1 for extended access
Feb  4 14:03:47 combo systemd[1]: Started CUPS Scheduler.
Feb  4 14:03:47 combo kernel: [    0.170352] kprobes: kprobe jump-optimization is enabled. All kprobes are optimized if possible.
Feb  4 14:03:47 combo kernel: [    0.177822] HugeTLB: registered 2.00 MiB page size, pre-allocated 0 pages
Feb  4 14:03:47 combo kernel: [    0.177826] HugeTLB: 28 KiB vmemmap can be freed for a 2.00 MiB page
Feb  4 14:03:47 combo kernel: [    0.180862] ACPI: Added _OSI(Module Device)
Feb  4 14:03:47 combo kernel: [    0.180862] ACPI: Added _OSI(Processor Device)
Feb  4 14:03:47 combo kernel: [    0.180862] ACPI: Added _OSI(3.0 _SCP Extensions)
Feb  4 14:03:47 combo kernel: [    0.180862] ACPI: Added _OSI(Processor Aggregator Device)
Feb  4 14:03:47 combo systemd[1]: Started Start whoopsie on modification of the /var/crash directory.
Feb  4 14:03:47 combo kernel: [    0.180862] ACPI: 2 ACPI AML tables successfully acquired and loaded
Feb  4 14:03:47 combo kernel: [    0.191668] ACPI: Interpreter enabled
Feb  4 14:03:47 combo kernel: [    0.191668] ACPI: PM: (supports S0 S5)
Feb  4 14:03:47 combo kernel: [    0.191668] ACPI: Using IOAPIC for interrupt routing
Feb  4 14:03:47 combo systemd[1]: Started Trigger anacron every hour.
Feb  4 14:03:47 combo kernel: [    0.191668] PCI: Using host bridge windows from ACPI; if necessary, use "pci=nocrs" and report a bug
Feb  4 14:03:47 combo kernel: [    0.191668] PCI: Using E820 reservations for host bridge windows
Feb  4 14:03:47 combo kernel: [    0.191668] ACPI: Enabled 2 GPEs in block 00 to 07
Feb  4 14:03:47 combo kernel: [    0.195162] ACPI: PCI Root Bridge [PCI0] (domain 0000 [bus 00-ff])
Feb  4 14:03:47 combo systemd[1]: Condition check resulted in Process error reports when automatic reporting is enabled (timer based) being skipped.
Feb  4 14:03:47 combo kernel: [    0.195168] acpi PNP0A03:00: _OSC: OS supports [ExtendedConfig ASPM ClockPM Segments MSI EDR HPX-Type3]
Feb  4 14:03:47 combo kernel: [    0.195883] acpi PNP0A03:00: _OSC: platform does not support [PCIeCapability LTR DPC]
Feb  4 14:03:47 combo kernel: [    0.196563] acpi PNP0A03:00: _OSC: not requesting control; platform does not support [PCIeCapability]
Feb  4 14:03:47 combo kernel: [    0.196566] acpi PNP0A03:00: _OSC: OS requested [PCIeHotplug SHPCHotplug PME AER PCIeCapability LTR DPC]
Feb  4 14:03:47 combo kernel: [    0.196568] acpi PNP0A03:00: _OSC: platform willing to grant [PCIeHotplug SHPCHotplug PME AER]
Feb  4 14:03:47 combo systemd[1]: Started Daily apt download activities.
Feb  4 14:03:47 combo kernel: [    0.196569] acpi PNP0A03:00: _OSC: platform retains control of PCIe features (AE_SUPPORT)
Feb  4 14:03:47 combo kernel: [    0.196928] PCI host bridge to bus 0000:00
Feb  4 14:03:47 combo systemd[1]: Started Daily apt upgrade and clean activities.
Feb  4 14:03:47 combo kernel: [    0.196930] pci_bus 0000:00: root bus resource [io  0x0000-0x0cf7 window]
Feb  4 14:03:47 combo kernel: [    0.196933] pci_bus 0000:00: root bus resource [io  0x0d00-0xffff window]
Feb  4 14:03:47 combo kernel: [    0.196935] pci_bus 0000:00: root bus resource [mem 0x000a0000-0x000bffff window]
Feb  4 14:03:47 combo kernel: [    0.196936] pci_bus 0000:00: root bus resource [mem 0x5dc00000-0xfdffffff window]
Feb  4 14:03:47 combo kernel: [    0.196938] pci_bus 0000:00: root bus resource [bus 00-ff]
Feb  4 14:03:47 combo systemd[1]: Started Daily dpkg database backup timer.
Feb  4 14:03:47 combo kernel: [    0.197624] pci 0000:00:00.0: [8086:1237] type 00 class 0x060000
Feb  4 14:03:47 combo systemd[1]: Started Periodic ext4 Online Metadata Check for All Filesystems.
Feb  4 14:03:47 combo kernel: [    0.197969] pci 0000:00:01.0: [8086:7000] type 00 class 0x060100
Feb  4 14:03:47 combo kernel: [    0.198402] pci 0000:00:01.1: [8086:7111] type 00 class 0x01018a
Feb  4 14:03:47 combo kernel: [    0.198618] pci 0000:00:01.1: reg 0x20: [io  0xd000-0xd00f]
Feb  4 14:03:47 combo kernel: [    0.198707] pci 0000:00:01.1: legacy IDE quirk: reg 0x10: [io  0x01f0-0x01f7]
Feb  4 14:03:47 combo kernel: [    0.198709] pci 0000:00:01.1: legacy IDE quirk: reg 0x14: [io  0x03f6]
Feb  4 14:03:47 combo systemd[1]: Started Discard unused blocks once a week.
Feb  4 14:03:47 combo systemd[1]: Started Refresh fwupd metadata regularly.
Feb  4 14:03:47 combo kernel: [    0.198711] pci 0000:00:01.1: legacy IDE quirk: reg 0x18: [io  0x0170-0x0177]
Feb  4 14:03:47 combo kernel: [    0.198712] pci 0000:00:01.1: legacy IDE quirk: reg 0x1c: [io  0x0376]
Feb  4 14:03:47 combo kernel: [    0.198824] pci 0000:00:02.0: [15ad:0405] type 00 class 0x030000
Feb  4 14:03:47 combo kernel: [    0.199540] pci 0000:00:02.0: reg 0x10: [io  0xd010-0xd01f]
Feb  4 14:03:47 combo kernel: [    0.200001] pci 0000:00:02.0: reg 0x14: [mem 0xe0000000-0xe0ffffff pref]
Feb  4 14:03:47 combo kernel: [    0.200281] pci 0000:00:02.0: reg 0x18: [mem 0xf0000000-0xf01fffff]
Feb  4 14:03:47 combo systemd[1]: Started Daily rotation of log files.
Feb  4 14:03:47 combo kernel: [    0.201282] pci 0000:00:02.0: Video device with shadowed ROM at [mem 0x000c0000-0x000dffff]
Feb  4 14:03:47 combo systemd[1]: Started Daily man-db regeneration.
Feb  4 14:03:47 combo kernel: [    0.201631] pci 0000:00:03.0: [8086:100e] type 00 class 0x020000
Feb  4 14:03:47 combo systemd[1]: Started Message of the Day.
Feb  4 14:03:47 combo kernel: [    0.201826] pci 0000:00:03.0: reg 0x10: [mem 0xf0200000-0xf021ffff]
Feb  4 14:03:47 combo kernel: [    0.202139] pci 0000:00:03.0: reg 0x18: [io  0xd020-0xd027]
Feb  4 14:03:47 combo systemd[1]: Condition check resulted in Timer to automatically fetch and run repair assertions being skipped.
Feb  4 14:03:47 combo systemd[1]: Started Daily Cleanup of Temporary Directories.
Feb  4 14:03:47 combo systemd[1]: Condition check resulted in Ubuntu Pro Timer for running repeated jobs being skipped.
Feb  4 14:03:47 combo systemd[1]: Reached target Path Units.
Feb  4 14:03:47 combo systemd[1]: Listening on ACPID Listen Socket.
Feb  4 14:03:47 combo systemd[1]: Condition check resulted in Unix socket for apport crash forwarding being skipped.
Feb  4 14:03:47 combo systemd[1]: Listening on Avahi mDNS/DNS-SD Stack Activation Socket.
Feb  4 14:03:47 combo systemd[1]: Listening on CUPS Scheduler.
Feb  4 14:03:47 combo systemd[1]: Listening on D-Bus System Message Bus Socket.
Feb  4 14:03:47 combo systemd[1]: Starting Socket activation for snappy daemon...
Feb  4 14:03:47 combo systemd[1]: Listening on UUID daemon activation socket.
Feb  4 14:03:47 combo systemd[1]: Listening on Socket activation for snappy daemon.
Feb  4 14:03:47 combo systemd[1]: Reached target Socket Units.
Feb  4 14:03:47 combo systemd[1]: Reached target Basic System.
Feb  4 14:03:47 combo systemd[1]: Starting Accounts Service...
Feb  4 14:03:47 combo systemd[1]: Started ACPI event daemon.
Feb  4 14:03:47 combo systemd[1]: Started Run anacron jobs.
Feb  4 14:03:47 combo systemd[1]: Starting LSB: automatic crash report generation...
Feb  4 14:03:47 combo kernel: [    0.203006] pci 0000:00:04.0: [80ee:cafe] type 00 class 0x088000
Feb  4 14:03:47 combo kernel: [    0.203198] pci 0000:00:04.0: reg 0x10: [io  0xd040-0xd05f]
Feb  4 14:03:47 combo kernel: [    0.203341] pci 0000:00:04.0: reg 0x14: [mem 0xf0400000-0xf07fffff]
Feb  4 14:03:47 combo anacron[583]: Anacron 2.3 started on 2024-02-04
Feb  4 14:03:47 combo kernel: [    0.203481] pci 0000:00:04.0: reg 0x18: [mem 0xf0800000-0xf0803fff pref]
Feb  4 14:03:47 combo kernel: [    0.204328] pci 0000:00:05.0: [8086:2415] type 00 class 0x040100
Feb  4 14:03:47 combo kernel: [    0.204399] pci 0000:00:05.0: reg 0x10: [io  0xd100-0xd1ff]
Feb  4 14:03:47 combo kernel: [    0.204437] pci 0000:00:05.0: reg 0x14: [io  0xd200-0xd23f]
Feb  4 14:03:47 combo kernel: [    0.204736] pci 0000:00:06.0: [106b:003f] type 00 class 0x0c0310
Feb  4 14:03:47 combo kernel: [    0.204917] pci 0000:00:06.0: reg 0x10: [mem 0xf0804000-0xf0804fff]
Feb  4 14:03:47 combo kernel: [    0.206295] pci 0000:00:07.0: [8086:7113] type 00 class 0x068000
Feb  4 14:03:47 combo kernel: [    0.206605] pci 0000:00:07.0: quirk: [io  0x4000-0x403f] claimed by PIIX4 ACPI
Feb  4 14:03:47 combo kernel: [    0.206613] pci 0000:00:07.0: quirk: [io  0x4100-0x410f] claimed by PIIX4 SMB
Feb  4 14:03:47 combo kernel: [    0.206786] pci 0000:00:08.0: [8086:100e] type 00 class 0x020000
Feb  4 14:03:47 combo kernel: [    0.207086] pci 0000:00:08.0: reg 0x10: [mem 0xf0820000-0xf083ffff]
Feb  4 14:03:47 combo kernel: [    0.207482] pci 0000:00:08.0: reg 0x18: [io  0xd240-0xd247]
Feb  4 14:03:47 combo kernel: [    0.209321] pci 0000:00:0d.0: [8086:2829] type 00 class 0x010601
Feb  4 14:03:47 combo kernel: [    0.209602] pci 0000:00:0d.0: reg 0x10: [io  0xd248-0xd24f]
Feb  4 14:03:47 combo kernel: [    0.209757] pci 0000:00:0d.0: reg 0x14: [io  0xd250-0xd253]
Feb  4 14:03:47 combo kernel: [    0.209914] pci 0000:00:0d.0: reg 0x18: [io  0xd258-0xd25f]
Feb  4 14:03:47 combo kernel: [    0.210066] pci 0000:00:0d.0: reg 0x1c: [io  0xd260-0xd263]
Feb  4 14:03:47 combo kernel: [    0.210226] pci 0000:00:0d.0: reg 0x20: [io  0xd270-0xd27f]
Feb  4 14:03:47 combo kernel: [    0.210406] pci 0000:00:0d.0: reg 0x24: [mem 0xf0840000-0xf0841fff]
Feb  4 14:03:47 combo systemd[1]: Starting Avahi mDNS/DNS-SD Stack...
Feb  4 14:03:47 combo kernel: [    0.215873] ACPI: PCI: Interrupt link LNKA configured for IRQ 11
Feb  4 14:03:47 combo anacron[583]: Normal exit (0 jobs run)
Feb  4 14:03:47 combo kernel: [    0.216260] ACPI: PCI: Interrupt link LNKB configured for IRQ 10
Feb  4 14:03:47 combo kernel: [    0.216368] ACPI: PCI: Interrupt link LNKC configured for IRQ 9
Feb  4 14:03:47 combo kernel: [    0.216477] ACPI: PCI: Interrupt link LNKD configured for IRQ 11
Feb  4 14:03:47 combo kernel: [    0.217580] iommu: Default domain type: Translated
Feb  4 14:03:47 combo kernel: [    0.217581] iommu: DMA domain TLB invalidation policy: lazy mode
Feb  4 14:03:47 combo kernel: [    0.217774] SCSI subsystem initialized
Feb  4 14:03:47 combo systemd[1]: Started Regular background program processing daemon.
Feb  4 14:03:47 combo systemd[1]: Started D-Bus System Message Bus.
Feb  4 14:03:47 combo kernel: [    0.217797] libata version 3.00 loaded.
Feb  4 14:03:47 combo kernel: [    0.217797] ACPI: bus type USB registered
Feb  4 14:03:47 combo kernel: [    0.217797] usbcore: registered new interface driver usbfs
Feb  4 14:03:47 combo cron[587]: (CRON) INFO (pidfile fd = 3)
Feb  4 14:03:47 combo kernel: [    0.217797] usbcore: registered new interface driver hub
Feb  4 14:03:47 combo kernel: [    0.217797] usbcore: registered new device driver usb
Feb  4 14:03:47 combo kernel: [    0.217797] pps_core: LinuxPPS API ver. 1 registered
Feb  4 14:03:47 combo cron[587]: (CRON) INFO (Running @reboot jobs)
Feb  4 14:03:47 combo kernel: [    0.217797] pps_core: Software ver. 5.3.6 - Copyright 2005-2007 Rodolfo Giometti <giometti@linux.it>
Feb  4 14:03:47 combo systemd[1]: Starting Network Manager...
Feb  4 14:03:47 combo kernel: [    0.217797] PTP clock support registered
Feb  4 14:03:47 combo kernel: [    0.217797] EDAC MC: Ver: 3.0.0
Feb  4 14:03:47 combo kernel: [    0.217828] NetLabel: Initializing
Feb  4 14:03:47 combo kernel: [    0.217830] NetLabel:  domain hash size = 128
Feb  4 14:03:47 combo kernel: [    0.217831] NetLabel:  protocols = UNLABELED CIPSOv4 CALIPSO
Feb  4 14:03:47 combo kernel: [    0.217852] NetLabel:  unlabeled traffic allowed by default
Feb  4 14:03:47 combo kernel: [    0.217873] mctp: management component transport protocol core
Feb  4 14:03:47 combo kernel: [    0.217873] NET: Registered PF_MCTP protocol family
Feb  4 14:03:47 combo kernel: [    0.217873] PCI: Using ACPI for IRQ routing
Feb  4 14:03:47 combo kernel: [    0.217873] PCI: pci_cache_line_size set to 64 bytes
Feb  4 14:03:47 combo kernel: [    0.217873] e820: reserve RAM buffer [mem 0x0009fc00-0x0009ffff]
Feb  4 14:03:47 combo kernel: [    0.217873] e820: reserve RAM buffer [mem 0x5dbf0000-0x5fffffff]
Feb  4 14:03:47 combo avahi-daemon[585]: Found user 'avahi' (UID 114) and group 'avahi' (GID 121).
Feb  4 14:03:47 combo systemd[1]: Started Save initial kernel messages after boot.
Feb  4 14:03:47 combo kernel: [    0.217873] pci 0000:00:02.0: vgaarb: setting as boot VGA device
Feb  4 14:03:47 combo kernel: [    0.217873] pci 0000:00:02.0: vgaarb: bridge control possible
Feb  4 14:03:47 combo kernel: [    0.217873] pci 0000:00:02.0: vgaarb: VGA device added: decodes=io+mem,owns=io+mem,locks=none
Feb  4 14:03:47 combo kernel: [    0.217873] vgaarb: loaded
Feb  4 14:03:47 combo kernel: [    0.217873] clocksource: Switched to clocksource kvm-clock
Feb  4 14:03:47 combo systemd[1]: Starting Remove Stale Online ext4 Metadata Check Snapshots...
Feb  4 14:03:47 combo kernel: [    0.234484] VFS: Disk quotas dquot_6.6.0
Feb  4 14:03:47 combo systemd[1]: Condition check resulted in getty on tty2-tty6 if dbus and logind are not available being skipped.
Feb  4 14:03:47 combo kernel: [    0.234501] VFS: Dquot-cache hash table entries: 512 (order 0, 4096 bytes)
Feb  4 14:03:47 combo kernel: [    0.234713] AppArmor: AppArmor Filesystem Enabled
Feb  4 14:03:47 combo kernel: [    0.234748] pnp: PnP ACPI init
Feb  4 14:03:47 combo kernel: [    0.235845] pnp: PnP ACPI: found 2 devices
Feb  4 14:03:47 combo systemd[1]: Reached target Login Prompts.
Feb  4 14:03:47 combo kernel: [    0.244448] clocksource: acpi_pm: mask: 0xffffff max_cycles: 0xffffff, max_idle_ns: 2085701024 ns
Feb  4 14:03:47 combo kernel: [    0.244523] NET: Registered PF_INET protocol family
Feb  4 14:03:47 combo kernel: [    0.244584] IP idents hash table entries: 32768 (order: 6, 262144 bytes, linear)
Feb  4 14:03:47 combo dbus-daemon[592]: dbus[592]: Unknown group "power" in message bus configuration file
Feb  4 14:03:47 combo kernel: [    0.245089] tcp_listen_portaddr_hash hash table entries: 1024 (order: 2, 16384 bytes, linear)
Feb  4 14:03:47 combo kernel: [    0.245114] Table-perturb hash table entries: 65536 (order: 6, 262144 bytes, linear)
Feb  4 14:03:47 combo kernel: [    0.245128] TCP established hash table entries: 16384 (order: 5, 131072 bytes, linear)
Feb  4 14:03:47 combo kernel: [    0.245181] TCP bind hash table entries: 16384 (order: 7, 524288 bytes, linear)
Feb  4 14:03:47 combo kernel: [    0.245203] TCP: Hash tables configured (established 16384 bind 16384)
Feb  4 14:03:47 combo kernel: [    0.245258] MPTCP token hash table entries: 2048 (order: 3, 49152 bytes, linear)
Feb  4 14:03:47 combo systemd[1]: Starting Detect the available GPUs and deal with any system changes...
Feb  4 14:03:47 combo kernel: [    0.245329] UDP hash table entries: 1024 (order: 3, 32768 bytes, linear)
Feb  4 14:03:47 combo kernel: [    0.245376] UDP-Lite hash table entries: 1024 (order: 3, 32768 bytes, linear)
Feb  4 14:03:47 combo kernel: [    0.245427] NET: Registered PF_UNIX/PF_LOCAL protocol family
Feb  4 14:03:47 combo kernel: [    0.245434] NET: Registered PF_XDP protocol family
Feb  4 14:03:47 combo systemd[1]: Starting Record successful boot for GRUB...
Feb  4 14:03:47 combo kernel: [    0.245446] pci_bus 0000:00: resource 4 [io  0x0000-0x0cf7 window]
Feb  4 14:03:47 combo kernel: [    0.245449] pci_bus 0000:00: resource 5 [io  0x0d00-0xffff window]
Feb  4 14:03:47 combo systemd[1]: Started irqbalance daemon.
Feb  4 14:03:47 combo kernel: [    0.245451] pci_bus 0000:00: resource 6 [mem 0x000a0000-0x000bffff window]
Feb  4 14:03:47 combo kernel: [    0.245453] pci_bus 0000:00: resource 7 [mem 0x5dc00000-0xfdffffff window]
Feb  4 14:03:47 combo kernel: [    0.245516] pci 0000:00:00.0: Limiting direct PCI/PCI transfers
Feb  4 14:03:47 combo systemd[1]: Starting Dispatcher daemon for systemd-networkd...
Feb  4 14:03:47 combo kernel: [    0.247141] PCI: CLS 0 bytes, default 64
Feb  4 14:03:47 combo kernel: [    0.247199] clocksource: tsc: mask: 0xffffffffffffffff max_cycles: 0x6d5812d0b0b, max_idle_ns: 881590872300 ns
Feb  4 14:03:47 combo kernel: [    0.247221] clocksource: Switched to clocksource tsc
Feb  4 14:03:47 combo kernel: [    0.247238] Trying to unpack rootfs image as initramfs...
Feb  4 14:03:47 combo dbus-daemon[592]: [system] AppArmor D-Bus mediation is enabled
Feb  4 14:03:47 combo kernel: [    0.247254] platform rtc_cmos: registered platform RTC device (no PNP device found)
Feb  4 14:03:47 combo kernel: [    0.247594] Initialise system trusted keyrings
Feb  4 14:03:47 combo systemd[1]: Starting Authorization Manager...
Feb  4 14:03:47 combo kernel: [    0.247606] Key type blacklist registered
Feb  4 14:03:47 combo kernel: [    0.247646] workingset: timestamp_bits=36 max_order=19 bucket_order=0
Feb  4 14:03:47 combo kernel: [    0.247666] zbud: loaded
Feb  4 14:03:47 combo kernel: [    0.247870] squashfs: version 4.0 (2009/01/31) Phillip Lougher
Feb  4 14:03:47 combo kernel: [    0.247949] fuse: init (API version 7.38)
Feb  4 14:03:47 combo kernel: [    0.248115] integrity: Platform Keyring initialized
Feb  4 14:03:47 combo kernel: [    0.248118] integrity: Machine keyring initialized
Feb  4 14:03:47 combo kernel: [    0.254443] Key type asymmetric registered
Feb  4 14:03:47 combo systemd[1]: Starting Power Profiles daemon...
Feb  4 14:03:47 combo systemd[1]: Starting System Logging Service...
Feb  4 14:03:47 combo systemd[1]: Condition check resulted in Secure Boot updates for DB and DBX being skipped.
Feb  4 14:03:47 combo NetworkManager[597]: <info>  [1707026626.9363] NetworkManager (version 1.36.6) is starting... (for the first time)
Feb  4 14:03:47 combo NetworkManager[597]: <info>  [1707026626.9367] Read config: /etc/NetworkManager/NetworkManager.conf (lib: 10-dns-resolved.conf, 20-connectivity-ubuntu.conf, no-mac-addr-change.conf) (run: 10-globally-managed-devices.conf) (etc: default-wifi-powersave-on.conf)
Feb  4 14:03:47 combo NetworkManager[597]: <info>  [1707026626.9394] bus-manager: acquired D-Bus service "org.freedesktop.NetworkManager"
Feb  4 14:03:46 combo systemd[1]: Started Userspace listener for prompt events.
Feb  4 14:03:46 combo systemd[1]: Condition check resulted in Automatically repair incorrect owner/permissions on core devices being skipped.
Feb  4 14:03:46 combo systemd[1]: Condition check resulted in Wait for the Ubuntu Core chooser trigger being skipped.
Feb  4 14:03:46 combo systemd[1]: Reached target Preparation for Logins.
Feb  4 14:03:46 combo NetworkManager[597]: <info>  [1707026626.9510] manager[0x55c843d7c040]: monitoring kernel firmware directory '/lib/firmware'.
Feb  4 14:03:46 combo systemd[1]: Starting Snap Daemon...
Feb  4 14:03:46 combo NetworkManager[597]: <info>  [1707026626.9528] monitoring ifupdown state file '/run/network/ifstate'.
Feb  4 14:03:46 combo polkitd[613]: started daemon version 0.105 using authority implementation `local' version `0.105'
Feb  4 14:03:46 combo acpid: starting up with netlink and the input layer
Feb  4 14:03:46 combo systemd[1]: Starting Switcheroo Control Proxy service...
Feb  4 14:03:46 combo acpid: 8 rules loaded
Feb  4 14:03:46 combo acpid: waiting for events: event logging is off
Feb  4 14:03:46 combo dbus-daemon[592]: [system] Activating systemd to hand-off: service name='org.freedesktop.hostname1' unit='dbus-org.freedesktop.hostname1.service' requested by ':1.5' (uid=0 pid=597 comm="/usr/sbin/NetworkManager --no-daemon " label="unconfined")
Feb  4 14:03:46 combo systemd[1]: Starting User Login Management...
Feb  4 14:03:46 combo systemd[1]: Condition check resulted in Thermal Daemon Service being skipped.
Feb  4 14:03:46 combo systemd[1]: Condition check resulted in Ubuntu Pro reboot cmds being skipped.
Feb  4 14:03:47 combo systemd[1]: Starting Disk Manager...
Feb  4 14:03:47 combo systemd[1]: Starting vboxadd.service...
Feb  4 14:03:47 combo systemd[1]: Starting WPA supplicant...
Feb  4 14:03:47 combo systemd[1]: anacron.service: Deactivated successfully.
Feb  4 14:03:47 combo systemd[1]: gpu-manager.service: Deactivated successfully.
Feb  4 14:03:47 combo systemd[1]: Finished Detect the available GPUs and deal with any system changes.
Feb  4 14:03:47 combo kernel: [    0.254445] Asymmetric key parser 'x509' registered
Feb  4 14:03:47 combo kernel: [    0.254472] Block layer SCSI generic (bsg) driver version 0.4 loaded (major 243)
Feb  4 14:03:47 combo kernel: [    0.254543] io scheduler mq-deadline registered
Feb  4 14:03:47 combo kernel: [    0.254757] shpchp: Standard Hot Plug PCI Controller Driver version: 0.4
Feb  4 14:03:47 combo kernel: [    0.254951] ACPI: AC: AC Adapter [AC] (on-line)
Feb  4 14:03:47 combo kernel: [    0.255007] input: Power Button as /devices/LNXSYSTM:00/LNXPWRBN:00/input/input0
Feb  4 14:03:47 combo kernel: [    0.255141] ACPI: button: Power Button [PWRF]
Feb  4 14:03:47 combo kernel: [    0.255173] input: Sleep Button as /devices/LNXSYSTM:00/LNXSLPBN:00/input/input1
Feb  4 14:03:47 combo kernel: [    0.255212] ACPI: button: Sleep Button [SLPF]
Feb  4 14:03:47 combo kernel: [    0.255532] Serial: 8250/16550 driver, 32 ports, IRQ sharing enabled
Feb  4 14:03:47 combo kernel: [    0.257773] Linux agpgart interface v0.103
Feb  4 14:03:47 combo kernel: [    0.259342] loop: module loaded
Feb  4 14:03:47 combo kernel: [    0.259491] ata_piix 0000:00:01.1: version 2.13
Feb  4 14:03:47 combo kernel: [    0.259858] scsi host0: ata_piix
Feb  4 14:03:47 combo kernel: [    0.259958] scsi host1: ata_piix
Feb  4 14:03:47 combo kernel: [    0.259990] ata1: PATA max UDMA/33 cmd 0x1f0 ctl 0x3f6 bmdma 0xd000 irq 14
Feb  4 14:03:47 combo kernel: [    0.259992] ata2: PATA max UDMA/33 cmd 0x170 ctl 0x376 bmdma 0xd008 irq 15
Feb  4 14:03:47 combo kernel: [    0.260113] tun: Universal TUN/TAP device driver, 1.6
Feb  4 14:03:47 combo kernel: [    0.260329] PPP generic driver version 2.4.2
Feb  4 14:03:47 combo kernel: [    0.261219] ohci-pci 0000:00:06.0: OHCI PCI host controller
Feb  4 14:03:47 combo kernel: [    0.261225] ohci-pci 0000:00:06.0: new USB bus registered, assigned bus number 1
Feb  4 14:03:47 combo kernel: [    0.261284] ohci-pci 0000:00:06.0: irq 22, io mem 0xf0804000
Feb  4 14:03:47 combo kernel: [    0.325035] usb usb1: New USB device found, idVendor=1d6b, idProduct=0001, bcdDevice= 6.05
Feb  4 14:03:47 combo kernel: [    0.325041] usb usb1: New USB device strings: Mfr=3, Product=2, SerialNumber=1
Feb  4 14:03:47 combo kernel: [    0.325044] usb usb1: Product: OHCI PCI host controller
Feb  4 14:03:47 combo kernel: [    0.325046] usb usb1: Manufacturer: Linux 6.5.0-15-generic ohci_hcd
Feb  4 14:03:47 combo kernel: [    0.325048] usb usb1: SerialNumber: 0000:00:06.0
Feb  4 14:03:47 combo kernel: [    0.325188] hub 1-0:1.0: USB hub found
Feb  4 14:03:47 combo kernel: [    0.325204] hub 1-0:1.0: 12 ports detected
Feb  4 14:03:47 combo kernel: [    0.326112] i8042: PNP: PS/2 Controller [PNP0303:PS2K,PNP0f03:PS2M] at 0x60,0x64 irq 1,12
Feb  4 14:03:47 combo kernel: [    0.326529] serio: i8042 KBD port at 0x60,0x64 irq 1
Feb  4 14:03:47 combo kernel: [    0.326534] serio: i8042 AUX port at 0x60,0x64 irq 12
Feb  4 14:03:47 combo kernel: [    0.326663] mousedev: PS/2 mouse device common for all mice
Feb  4 14:03:47 combo kernel: [    0.327100] rtc_cmos rtc_cmos: registered as rtc0
Feb  4 14:03:47 combo kernel: [    0.327147] rtc_cmos rtc_cmos: setting system clock to 2024-02-04T06:03:43 UTC (1707026623)
Feb  4 14:03:47 combo kernel: [    0.327219] rtc_cmos rtc_cmos: alarms up to one day, 114 bytes nvram
Feb  4 14:03:47 combo kernel: [    0.327227] i2c_dev: i2c /dev entries driver
Feb  4 14:03:47 combo kernel: [    0.327250] device-mapper: core: CONFIG_IMA_DISABLE_HTABLE is disabled. Duplicate IMA measurements will not be recorded in the IMA log.
Feb  4 14:03:47 combo kernel: [    0.327264] device-mapper: uevent: version 1.0.3
Feb  4 14:03:47 combo kernel: [    0.327327] input: AT Translated Set 2 keyboard as /devices/platform/i8042/serio0/input/input2
Feb  4 14:03:47 combo kernel: [    0.327485] device-mapper: ioctl: 4.48.0-ioctl (2023-03-01) initialised: dm-devel@redhat.com
Feb  4 14:03:47 combo kernel: [    0.327507] platform eisa.0: Probing EISA bus 0
Feb  4 14:03:47 combo kernel: [    0.327509] platform eisa.0: EISA: Cannot allocate resource for mainboard
Feb  4 14:03:47 combo kernel: [    0.327511] platform eisa.0: Cannot allocate resource for EISA slot 1
Feb  4 14:03:47 combo kernel: [    0.327513] platform eisa.0: Cannot allocate resource for EISA slot 2
Feb  4 14:03:47 combo kernel: [    0.327514] platform eisa.0: Cannot allocate resource for EISA slot 3
