Timestamp,Message
Feb, 1 09:00:28 combo systemd-modules-load[186]: Inserted module 'lp'
Feb, 1 09:00:28 combo systemd[1]: Starting Flush Journal to Persistent Storage...
Feb, 1 09:00:28 combo systemd[1]: Finished Create System Users.
Feb, 1 09:00:28 combo systemd[1]: Starting Create Static Device Nodes in /dev...
Feb, 1 09:00:28 combo systemd-modules-load[186]: Inserted module 'ppdev'
Feb, 1 09:00:28 combo systemd-modules-load[186]: Inserted module 'parport_pc'
Feb, 1 09:00:28 combo systemd-modules-load[186]: Inserted module 'msr'
Feb, 1 09:00:28 combo systemd-modules-load[186]: Module 'fuse' is built in
Feb, 1 09:00:28 combo systemd[1]: Finished Flush Journal to Persistent Storage.
Feb, 1 09:00:28 combo systemd[1]: Finished Create Static Device Nodes in /dev.
Feb, 1 09:00:28 combo systemd[1]: Starting Rule-based Manager for Device Events and Files...
Feb, 1 09:00:28 combo systemd[1]: Finished Coldplug All udev Devices.
Feb, 1 09:00:28 combo systemd-modules-load[186]: Inserted module 'vmwgfx'
Feb, 1 09:00:28 combo systemd[1]: Finished Set the console keyboard layout.
Feb, 1 09:00:28 combo systemd[1]: Finished Load Kernel Modules.
Feb, 1 09:00:28 combo systemd[1]: Reached target Preparation for Local File Systems.
Feb," 1 09:00:28 combo systemd[1]: Mounting Mount unit for bare, revision 5..."
Feb," 1 09:00:28 combo systemd[1]: Mounting Mount unit for core20, revision 1974..."
Feb," 1 09:00:28 combo systemd[1]: Mounting Mount unit for core22, revision 858..."
Feb," 1 09:00:28 combo systemd[1]: Mounting Mount unit for firefox, revision 2987..."
Feb," 1 09:00:28 combo systemd[1]: Mounting Mount unit for gnome-3-38-2004, revision 143..."
Feb," 1 09:00:28 combo systemd[1]: Mounting Mount unit for gnome-42-2204, revision 120..."
Feb," 1 09:00:28 combo systemd[1]: Mounting Mount unit for gtk-common-themes, revision 1535..."
Feb," 1 09:00:28 combo systemd[1]: Mounting Mount unit for snap-store, revision 959..."
Feb," 1 09:00:28 combo systemd[1]: Mounting Mount unit for snapd, revision 19457..."
Feb," 1 09:00:28 combo systemd[1]: Mounting Mount unit for snapd-desktop-integration, revision 83..."
Feb, 1 09:00:28 combo systemd[1]: Starting Apply Kernel Variables...
Feb, 1 09:00:28 combo systemd[1]: Started Rule-based Manager for Device Events and Files.
Feb," 1 09:00:28 combo systemd[1]: Mounted Mount unit for bare, revision 5."
Feb," 1 09:00:28 combo systemd[1]: Mounted Mount unit for core20, revision 1974."
Feb," 1 09:00:28 combo systemd[1]: Mounted Mount unit for core22, revision 858."
Feb," 1 09:00:28 combo systemd[1]: Mounted Mount unit for firefox, revision 2987."
Feb," 1 09:00:28 combo systemd[1]: Mounted Mount unit for gnome-3-38-2004, revision 143."
Feb," 1 09:00:28 combo systemd[1]: Mounted Mount unit for gnome-42-2204, revision 120."
Feb," 1 09:00:28 combo systemd[1]: Mounted Mount unit for gtk-common-themes, revision 1535."
Feb," 1 09:00:28 combo systemd[1]: Mounted Mount unit for snap-store, revision 959."
Feb," 1 09:00:28 combo systemd[1]: Mounted Mount unit for snapd, revision 19457."
Feb," 1 09:00:28 combo systemd[1]: Mounted Mount unit for snapd-desktop-integration, revision 83."
Feb, 1 09:00:28 combo systemd[1]: Reached target Mounted snaps.
Feb, 1 09:00:28 combo systemd[1]: Starting Show Plymouth Boot Screen...
Feb, 1 09:00:28 combo systemd[1]: Finished Apply Kernel Variables.
Feb, 1 09:00:28 combo systemd[1]: Received SIGRTMIN+20 from PID 235 (plymouthd).
Feb, 1 09:00:28 combo systemd[1]: Started Show Plymouth Boot Screen.
Feb, 1 09:00:28 combo systemd[1]: Condition check resulted in Dispatch Password Requests to Console Directory Watch being skipped.
Feb, 1 09:00:28 combo systemd[1]: Started Forward Password Requests to Plymouth Directory Watch.
Feb, 1 09:00:28 combo systemd[1]: Reached target Local Encrypted Volumes.
Feb, 1 09:00:28 combo systemd-udevd[222]: Using default interface naming scheme 'v249'.
Feb, 1 09:00:28 combo systemd-udevd[224]: Using default interface naming scheme 'v249'.
Feb," 1 09:00:28 combo mtp-probe: checking bus 1, device 2: ""/sys/devices/pci0000:00/0000:00:06.0/usb1/1-1"""
Feb," 1 09:00:28 combo mtp-probe: bus: 1, device: 2 was not an MTP device"
Feb, 1 09:00:28 combo systemd-udevd[226]: sda: Process '/usr/bin/unshare -m /usr/bin/snap auto-import --mount=/dev/sda' failed with exit code 1.
Feb, 1 09:00:28 combo systemd-udevd[226]: sda1: Process '/usr/bin/unshare -m /usr/bin/snap auto-import --mount=/dev/sda1' failed with exit code 1.
Feb, 1 09:00:28 combo systemd-udevd[231]: sda3: Process '/usr/bin/unshare -m /usr/bin/snap auto-import --mount=/dev/sda3' failed with exit code 1.
Feb, 1 09:00:28 combo systemd[1]: Listening on Load/Save RF Kill Switch Status /dev/rfkill Watch.
Feb, 1 09:00:28 combo systemd-udevd[221]: sda2: Process '/usr/bin/unshare -m /usr/bin/snap auto-import --mount=/dev/sda2' failed with exit code 1.
Feb, 1 09:00:28 combo systemd[1]: Found device VBOX_HARDDISK EFI\x20System\x20Partition.
Feb, 1 09:00:28 combo systemd-udevd[232]: sr0: Process '/usr/bin/unshare -m /usr/bin/snap auto-import --mount=/dev/sr0' failed with exit code 1.
Feb, 1 09:00:28 combo systemd[1]: Starting File System Check on /dev/disk/by-uuid/B79C-045C...
Feb, 1 09:00:28 combo systemd[1]: Started File System Check Daemon to report status.
Feb, 1 09:00:28 combo systemd-fsck[295]: fsck.fat 4.2 (2021-01-31)
Feb," 1 09:00:28 combo systemd-fsck[295]: /dev/sda2: 11 files, 1555/131063 clusters"
Feb, 1 09:00:28 combo systemd[1]: Finished File System Check on /dev/disk/by-uuid/B79C-045C.
Feb, 1 09:00:28 combo systemd[1]: Mounting /boot/efi...
Feb, 1 09:00:28 combo systemd[1]: Mounted /boot/efi.
Feb, 1 09:00:28 combo systemd[1]: Reached target Local File Systems.
Feb, 1 09:00:28 combo systemd[1]: Starting Load AppArmor profiles...
Feb, 1 09:00:28 combo systemd[1]: Starting Set console font and keymap...
Feb, 1 09:00:28 combo systemd[1]: Starting Tell Plymouth To Write Out Runtime Data...
Feb, 1 09:00:28 combo systemd[1]: Starting Set Up Additional Binary Formats...
Feb, 1 09:00:28 combo systemd[1]: Condition check resulted in Store a System Token in an EFI Variable being skipped.
Feb, 1 09:00:28 combo systemd[1]: Condition check resulted in Commit a transient machine-id on disk being skipped.
Feb, 1 09:00:28 combo systemd[1]: Starting Create Volatile Files and Directories...
Feb, 1 09:00:28 combo systemd[1]: Starting Uncomplicated firewall...
Feb, 1 09:00:28 combo systemd[1]: Finished Set console font and keymap.
Feb, 1 09:00:28 combo apparmor.systemd[305]: Restarting AppArmor
Feb, 1 09:00:28 combo apparmor.systemd[305]: Reloading AppArmor profiles
Feb, 1 09:00:28 combo systemd[1]: Finished Uncomplicated firewall.
Feb, 1 09:00:28 combo systemd[1]: Received SIGRTMIN+20 from PID 235 (plymouthd).
Feb, 1 09:00:28 combo systemd[1]: Reached target Preparation for Network.
Feb, 1 09:00:28 combo systemd[1]: Finished Tell Plymouth To Write Out Runtime Data.
Feb," 1 09:00:28 combo systemd[1]: proc-sys-fs-binfmt_misc.automount: Got automount request for /proc/sys/fs/binfmt_misc, triggered by 318 (systemd-binfmt)"
Feb, 1 09:00:28 combo systemd[1]: Mounting Arbitrary Executable File Formats File System...
Feb, 1 09:00:28 combo systemd[1]: Finished Create Volatile Files and Directories.
Feb, 1 09:00:28 combo systemd[1]: Starting Userspace Out-Of-Memory (OOM) Killer...
Feb, 1 09:00:28 combo systemd[1]: Starting Network Name Resolution...
Feb, 1 09:00:28 combo systemd[1]: Starting Network Time Synchronization...
Feb, 1 09:00:28 combo systemd[1]: Starting Record System Boot/Shutdown in UTMP...
Feb, 1 09:00:28 combo systemd[1]: Mounted Arbitrary Executable File Formats File System.
Feb, 1 09:00:28 combo systemd[1]: Finished Set Up Additional Binary Formats.
Feb, 1 09:00:28 combo systemd[1]: Finished Record System Boot/Shutdown in UTMP.
Feb, 1 09:00:28 combo systemd[1]: Started Network Time Synchronization.
Feb, 1 09:00:28 combo systemd[1]: Reached target System Time Set.
Feb, 1 09:00:28 combo systemd[1]: Started Userspace Out-Of-Memory (OOM) Killer.
Feb, 1 09:00:28 combo systemd-resolved[331]: Positive Trust Anchors:
Feb, 1 09:00:28 combo systemd-resolved[331]: . IN DS 20326 8 2 e06d44b80b8f1d39a95c0b0d7c65d08458e880409bbc683457104237c7f8ec8d
Feb, 1 09:00:28 combo systemd-resolved[331]: Negative trust anchors: home.arpa 10.in-addr.arpa 16.172.in-addr.arpa 17.172.in-addr.arpa 18.172.in-addr.arpa 19.172.in-addr.arpa 20.172.in-addr.arpa 21.172.in-addr.arpa 22.172.in-addr.arpa 23.172.in-addr.arpa 24.172.in-addr.arpa 25.172.in-addr.arpa 26.172.in-addr.arpa 27.172.in-addr.arpa 28.172.in-addr.arpa 29.172.in-addr.arpa 30.172.in-addr.arpa 31.172.in-addr.arpa 168.192.in-addr.arpa d.f.ip6.arpa corp home internal intranet lan local private test
Feb, 1 09:00:28 combo systemd-resolved[331]: Using system hostname 'combo'.
Feb, 1 09:00:28 combo systemd[1]: Started Network Name Resolution.
Feb, 1 09:00:28 combo systemd[1]: Reached target Host and Network Name Lookups.
Feb, 1 09:00:28 combo systemd-udevd[221]: controlC0: Process '/usr/sbin/alsactl -E HOME=/run/alsa -E XDG_RUNTIME_DIR=/run/alsa/runtime restore 0' failed with exit code 99.
Feb, 1 09:00:28 combo systemd[1]: Condition check resulted in Dispatch Password Requests to Console Directory Watch being skipped.
Feb, 1 09:00:28 combo systemd[1]: Starting Load Kernel Module efi_pstore...
Feb, 1 09:00:28 combo systemd[1]: Condition check resulted in Store a System Token in an EFI Variable being skipped.
Feb, 1 09:00:28 combo systemd[1]: Condition check resulted in Commit a transient machine-id on disk being skipped.
Feb, 1 09:00:28 combo systemd[1]: modprobe@efi_pstore.service: Deactivated successfully.
Feb, 1 09:00:28 combo systemd[1]: Finished Load Kernel Module efi_pstore.
Feb, 1 09:00:28 combo systemd[1]: Condition check resulted in Platform Persistent Storage Archival being skipped.
Feb, 1 09:00:28 combo apparmor.systemd[445]: Skipping profile in /etc/apparmor.d/disable: usr.sbin.rsyslogd
Feb, 1 09:00:28 combo systemd[1]: Finished Load AppArmor profiles.
Feb, 1 09:00:28 combo systemd[1]: Starting Load AppArmor profiles managed internally by snapd...
Feb, 1 09:00:28 combo systemd[1]: Condition check resulted in Authentication service for virtual machines hosted on VMware being skipped.
Feb, 1 09:00:28 combo systemd[1]: Condition check resulted in Service for virtual machines hosted on VMware being skipped.
Feb, 1 09:00:28 combo snapd-apparmor[446]: main.go:124: Loading profiles [/var/lib/snapd/apparmor/profiles/snap-confine.snapd.19457 /var/lib/snapd/apparmor/profiles/snap-update-ns.firefox /var/lib/snapd/apparmor/profiles/snap-update-ns.snap-store /var/lib/snapd/apparmor/profiles/snap-update-ns.snapd-desktop-integration /var/lib/snapd/apparmor/profiles/snap.firefox.firefox /var/lib/snapd/apparmor/profiles/snap.firefox.geckodriver /var/lib/snapd/apparmor/profiles/snap.firefox.hook.configure /var/lib/snapd/apparmor/profiles/snap.firefox.hook.connect-plug-host-hunspell /var/lib/snapd/apparmor/profiles/snap.firefox.hook.disconnect-plug-host-hunspell /var/lib/snapd/apparmor/profiles/snap.firefox.hook.post-refresh /var/lib/snapd/apparmor/profiles/snap.snap-store.hook.configure /var/lib/snapd/apparmor/profiles/snap.snap-store.snap-store /var/lib/snapd/apparmor/profiles/snap.snap-store.ubuntu-software /var/lib/snapd/apparmor/profiles/snap.snap-store.ubuntu-software-local-file /var/lib/snapd/apparmor/profiles/snap.snapd-desktop-integration.hook.configure /var/lib/snapd/apparmor/profiles/snap.snapd-desktop-integration.snapd-desktop-integration]
Feb, 1 09:00:28 combo systemd[1]: Finished Load AppArmor profiles managed internally by snapd.
Feb, 1 09:00:28 combo systemd[1]: Reached target System Initialization.
Feb, 1 09:00:28 combo systemd[1]: Started ACPI Events Check.
Feb, 1 09:00:28 combo systemd[1]: Condition check resulted in Process error reports when automatic reporting is enabled (file watch) being skipped.
Feb, 1 09:00:28 combo systemd[1]: Started CUPS Scheduler.
Feb, 1 09:00:28 combo systemd[1]: Started Start whoopsie on modification of the /var/crash directory.
Feb, 1 09:00:28 combo systemd[1]: Started Trigger anacron every hour.
Feb, 1 09:00:28 combo systemd[1]: Condition check resulted in Process error reports when automatic reporting is enabled (timer based) being skipped.
Feb, 1 09:00:28 combo systemd[1]: Started Daily apt download activities.
Feb, 1 09:00:28 combo systemd[1]: Started Daily apt upgrade and clean activities.
Feb, 1 09:00:28 combo systemd[1]: Started Daily dpkg database backup timer.
Feb, 1 09:00:28 combo systemd[1]: Started Periodic ext4 Online Metadata Check for All Filesystems.
Feb, 1 09:00:28 combo systemd[1]: Started Discard unused blocks once a week.
Feb, 1 09:00:28 combo systemd[1]: Started Refresh fwupd metadata regularly.
Feb, 1 09:00:28 combo systemd[1]: Started Daily rotation of log files.
Feb, 1 09:00:28 combo systemd[1]: Started Daily man-db regeneration.
Feb, 1 09:00:28 combo systemd[1]: Started Message of the Day.
Feb, 1 09:00:28 combo systemd[1]: Condition check resulted in Timer to automatically fetch and run repair assertions being skipped.
Feb, 1 09:00:28 combo systemd[1]: Started Daily Cleanup of Temporary Directories.
Feb, 1 09:00:28 combo systemd[1]: Condition check resulted in Ubuntu Pro Timer for running repeated jobs being skipped.
Feb, 1 09:00:28 combo systemd[1]: Reached target Path Units.
Feb, 1 09:00:28 combo systemd[1]: Listening on ACPID Listen Socket.
Feb, 1 09:00:28 combo systemd[1]: Condition check resulted in Unix socket for apport crash forwarding being skipped.
Feb, 1 09:00:28 combo systemd[1]: Listening on Avahi mDNS/DNS-SD Stack Activation Socket.
Feb, 1 09:00:28 combo systemd[1]: Listening on CUPS Scheduler.
Feb, 1 09:00:28 combo systemd[1]: Listening on D-Bus System Message Bus Socket.
Feb, 1 09:00:28 combo systemd[1]: Starting Socket activation for snappy daemon...
Feb, 1 09:00:28 combo systemd[1]: Listening on UUID daemon activation socket.
Feb, 1 09:00:28 combo systemd[1]: Listening on Socket activation for snappy daemon.
Feb, 1 09:00:28 combo systemd[1]: Reached target Socket Units.
Feb, 1 09:00:28 combo systemd[1]: Reached target Basic System.
Feb, 1 09:00:28 combo systemd[1]: Starting Accounts Service...
Feb, 1 09:00:28 combo systemd[1]: Started ACPI event daemon.
Feb, 1 09:00:28 combo systemd[1]: Started Run anacron jobs.
Feb, 1 09:00:28 combo anacron[476]: Anacron 2.3 started on 2024-02-01
Feb, 1 09:00:28 combo systemd[1]: Starting LSB: automatic crash report generation...
Feb, 1 09:00:28 combo anacron[476]: Will run job `cron.daily' in 5 min.
Feb, 1 09:00:28 combo anacron[476]: Will run job `cron.weekly' in 10 min.
Feb, 1 09:00:28 combo anacron[476]: Will run job `cron.monthly' in 15 min.
Feb, 1 09:00:28 combo anacron[476]: Jobs will be executed sequentially
Feb, 1 09:00:28 combo systemd[1]: Starting Avahi mDNS/DNS-SD Stack...
Feb, 1 09:00:28 combo systemd[1]: Started Regular background program processing daemon.
Feb, 1 09:00:28 combo systemd[1]: Started D-Bus System Message Bus.
Feb, 1 09:00:28 combo cron[480]: (CRON) INFO (pidfile fd = 3)
Feb, 1 09:00:28 combo cron[480]: (CRON) INFO (Running @reboot jobs)
Feb, 1 09:00:28 combo systemd[1]: Starting Network Manager...
Feb, 1 09:00:28 combo systemd[1]: Started Save initial kernel messages after boot.
Feb, 1 09:00:28 combo systemd[1]: Starting Remove Stale Online ext4 Metadata Check Snapshots...
Feb, 1 09:00:28 combo systemd[1]: Condition check resulted in getty on tty2-tty6 if dbus and logind are not available being skipped.
Feb, 1 09:00:28 combo systemd[1]: Reached target Login Prompts.
Feb, 1 09:00:28 combo systemd[1]: Starting Detect the available GPUs and deal with any system changes...
Feb, 1 09:00:28 combo avahi-daemon[478]: Found user 'avahi' (UID 114) and group 'avahi' (GID 121).
Feb, 1 09:00:28 combo systemd[1]: Starting Record successful boot for GRUB...
Feb, 1 09:00:28 combo systemd[1]: Started irqbalance daemon.
Feb, 1 09:00:28 combo systemd[1]: Starting Dispatcher daemon for systemd-networkd...
Feb, 1 09:00:28 combo systemd[1]: Starting Authorization Manager...
Feb, 1 09:00:28 combo systemd[1]: Starting Power Profiles daemon...
Feb, 1 09:00:28 combo systemd[1]: Starting System Logging Service...
Feb, 1 09:00:28 combo systemd[1]: Condition check resulted in Secure Boot updates for DB and DBX being skipped.
Feb," 1 09:00:28 combo dbus-daemon[482]: dbus[482]: Unknown group ""power"" in message bus configuration file"
Feb, 1 09:00:28 combo systemd[1]: Started Userspace listener for prompt events.
Feb, 1 09:00:28 combo systemd[1]: Condition check resulted in Automatically repair incorrect owner/permissions on core devices being skipped.
Feb, 1 09:00:28 combo systemd[1]: Condition check resulted in Wait for the Ubuntu Core chooser trigger being skipped.
Feb, 1 09:00:28 combo dbus-daemon[482]: [system] AppArmor D-Bus mediation is enabled
Feb, 1 09:00:28 combo systemd[1]: Reached target Preparation for Logins.
Feb, 1 09:00:28 combo systemd[1]: Starting Snap Daemon...
Feb," 1 09:00:28 combo dbus-daemon[482]: [system] Activating systemd to hand-off: service name='org.freedesktop.PolicyKit1' unit='polkit.service' requested by ':1.4' (uid=0 pid=498 comm=""/usr/libexec/power-profiles-daemon "" label=""unconfined"")"
Feb, 1 09:00:28 combo systemd[1]: Starting Switcheroo Control Proxy service...
Feb, 1 09:00:28 combo polkitd[493]: started daemon version 0.105 using authority implementation `local' version `0.105'
Feb, 1 09:00:28 combo dbus-daemon[482]: [system] Successfully activated service 'org.freedesktop.PolicyKit1'
Feb, 1 09:00:28 combo systemd[1]: Starting User Login Management...
Feb, 1 09:00:28 combo systemd[1]: Condition check resulted in Thermal Daemon Service being skipped.
Feb, 1 09:00:28 combo systemd[1]: Condition check resulted in Ubuntu Pro reboot cmds being skipped.
Feb, 1 09:00:28 combo systemd[1]: Starting Disk Manager...
Feb, 1 09:00:28 combo NetworkManager[483]: <info>  [1706749228.6893] NetworkManager (version 1.36.6) is starting... (for the first time)
Feb," 1 09:00:28 combo NetworkManager[483]: <info>  [1706749228.6900] Read config: /etc/NetworkManager/NetworkManager.conf (lib: 10-dns-resolved.conf, 20-connectivity-ubuntu.conf, no-mac-addr-change.conf) (run: 10-globally-managed-devices.conf) (etc: default-wifi-powersave-on.conf)"
Feb, 1 09:00:28 combo systemd[1]: Starting WPA supplicant...
Feb," 1 09:00:28 combo NetworkManager[483]: <info>  [1706749228.6939] bus-manager: acquired D-Bus service ""org.freedesktop.NetworkManager"""
Feb, 1 09:00:28 combo acpid: starting up with netlink and the input layer
Feb, 1 09:00:28 combo acpid: 8 rules loaded
Feb, 1 09:00:28 combo acpid: waiting for events: event logging is off
Feb, 1 09:00:28 combo udisksd[522]: udisks daemon version 2.9.4 starting
Feb, 1 09:00:28 combo dbus-daemon[482]: [system] Successfully activated service 'org.freedesktop.systemd1'
Feb, 1 09:00:28 combo avahi-daemon[478]: Successfully dropped root privileges.
Feb, 1 09:00:28 combo avahi-daemon[478]: avahi-daemon 0.8 starting up.
Feb, 1 09:00:28 combo NetworkManager[483]: <info>  [1706749228.7222] manager[0x56476381c000]: monitoring kernel firmware directory '/lib/firmware'.
Feb, 1 09:00:28 combo NetworkManager[483]: <info>  [1706749228.7222] monitoring ifupdown state file '/run/network/ifstate'.
Feb, 1 09:00:28 combo avahi-daemon[478]: Successfully called chroot().
Feb, 1 09:00:28 combo avahi-daemon[478]: Successfully dropped remaining capabilities.
Feb," 1 09:00:28 combo kernel: [    0.000000] Linux version 6.5.0-15-generic (buildd@bos03-amd64-040) (x86_64-linux-gnu-gcc-12 (Ubuntu 12.3.0-1ubuntu1~22.04) 12.3.0, GNU ld (GNU Binutils for Ubuntu) 2.38) #15~22.04.1-Ubuntu SMP PREEMPT_DYNAMIC Fri Jan 12 18:54:30 UTC 2 (Ubuntu 6.5.0-15.15~22.04.1-generic 6.5.3)"
Feb, 1 09:00:28 combo kernel: [    0.000000] Command line: BOOT_IMAGE=/boot/vmlinuz-6.5.0-15-generic root=UUID=5d6f0f0c-1d22-43af-91c9-e410ed4a24b5 ro quiet splash
Feb, 1 09:00:28 combo kernel: [    0.000000] KERNEL supported cpus:
Feb, 1 09:00:28 combo kernel: [    0.000000]   Intel GenuineIntel
Feb, 1 09:00:28 combo kernel: [    0.000000]   AMD AuthenticAMD
Feb, 1 09:00:28 combo kernel: [    0.000000]   Hygon HygonGenuine
Feb, 1 09:00:28 combo kernel: [    0.000000]   Centaur CentaurHauls
Feb, 1 09:00:28 combo kernel: [    0.000000]   zhaoxin   Shanghai  
Feb, 1 09:00:28 combo kernel: [    0.000000] [Firmware Bug]: TSC doesn't count with P0 frequency!
Feb, 1 09:00:28 combo kernel: [    0.000000] BIOS-provided physical RAM map:
Feb, 1 09:00:28 combo kernel: [    0.000000] BIOS-e820: [mem 0x0000000000000000-0x000000000009fbff] usable
Feb, 1 09:00:28 combo kernel: [    0.000000] BIOS-e820: [mem 0x000000000009fc00-0x000000000009ffff] reserved
Feb, 1 09:00:28 combo kernel: [    0.000000] BIOS-e820: [mem 0x00000000000f0000-0x00000000000fffff] reserved
Feb, 1 09:00:28 combo kernel: [    0.000000] BIOS-e820: [mem 0x0000000000100000-0x000000005dbeffff] usable
Feb, 1 09:00:28 combo kernel: [    0.000000] BIOS-e820: [mem 0x000000005dbf0000-0x000000005dbfffff] ACPI data
Feb, 1 09:00:28 combo kernel: [    0.000000] BIOS-e820: [mem 0x00000000fec00000-0x00000000fec00fff] reserved
Feb, 1 09:00:28 combo kernel: [    0.000000] BIOS-e820: [mem 0x00000000fee00000-0x00000000fee00fff] reserved
Feb, 1 09:00:28 combo kernel: [    0.000000] BIOS-e820: [mem 0x00000000fffc0000-0x00000000ffffffff] reserved
Feb, 1 09:00:28 combo kernel: [    0.000000] NX (Execute Disable) protection: active
Feb, 1 09:00:28 combo kernel: [    0.000000] SMBIOS 2.5 present.
Feb," 1 09:00:28 combo kernel: [    0.000000] DMI: innotek GmbH VirtualBox/VirtualBox, BIOS VirtualBox 12/01/2006"
Feb, 1 09:00:28 combo kernel: [    0.000000] Hypervisor detected: KVM
Feb, 1 09:00:28 combo kernel: [    0.000000] kvm-clock: Using msrs 4b564d01 and 4b564d00
Feb, 1 09:00:28 combo kernel: [    0.000001] kvm-clock: using sched offset of 3509634334 cycles
Feb," 1 09:00:28 combo kernel: [    0.000004] clocksource: kvm-clock: mask: 0xffffffffffffffff max_cycles: 0x1cd42e4dffb, max_idle_ns: 881590591483 ns"
Feb, 1 09:00:28 combo kernel: [    0.000007] tsc: Detected 3792.880 MHz processor
Feb, 1 09:00:28 combo kernel: [    0.000755] e820: update [mem 0x00000000-0x00000fff] usable ==> reserved
Feb, 1 09:00:28 combo kernel: [    0.000758] e820: remove [mem 0x000a0000-0x000fffff] usable
Feb, 1 09:00:28 combo kernel: [    0.000761] last_pfn = 0x5dbf0 max_arch_pfn = 0x400000000
Feb, 1 09:00:28 combo kernel: [    0.000769] MTRRs disabled by BIOS
Feb, 1 09:00:28 combo kernel: [    0.000771] x86/PAT: Configuration [0-7]: WB  WC  UC- UC  WB  WP  UC- WT  
Feb, 1 09:00:28 combo kernel: [    0.000806] found SMP MP-table at [mem 0x0009fff0-0x0009ffff]
Feb, 1 09:00:28 combo kernel: [    0.000977] RAMDISK: [mem 0x2fae3000-0x33d68fff]
Feb, 1 09:00:28 combo kernel: [    0.000982] ACPI: Early table checksum verification disabled
Feb, 1 09:00:28 combo kernel: [    0.000985] ACPI: RSDP 0x00000000000E0000 000024 (v02 VBOX  )
Feb, 1 09:00:28 combo kernel: [    0.000988] ACPI: XSDT 0x000000005DBF0030 00003C (v01 VBOX   VBOXXSDT 00000001 ASL  00000061)
Feb, 1 09:00:28 combo kernel: [    0.000993] ACPI: FACP 0x000000005DBF00F0 0000F4 (v04 VBOX   VBOXFACP 00000001 ASL  00000061)
Feb, 1 09:00:28 combo kernel: [    0.000997] ACPI: DSDT 0x000000005DBF0470 002325 (v02 VBOX   VBOXBIOS 00000002 INTL 20100528)
Feb, 1 09:00:28 combo kernel: [    0.000999] ACPI: FACS 0x000000005DBF0200 000040
Feb, 1 09:00:28 combo kernel: [    0.001000] ACPI: FACS 0x000000005DBF0200 000040
Feb, 1 09:00:28 combo kernel: [    0.001002] ACPI: APIC 0x000000005DBF0240 00005C (v02 VBOX   VBOXAPIC 00000001 ASL  00000061)
Feb, 1 09:00:28 combo kernel: [    0.001004] ACPI: SSDT 0x000000005DBF02A0 0001CC (v01 VBOX   VBOXCPUT 00000002 INTL 20100528)
Feb, 1 09:00:28 combo kernel: [    0.001005] ACPI: Reserving FACP table memory at [mem 0x5dbf00f0-0x5dbf01e3]
Feb, 1 09:00:28 combo kernel: [    0.001006] ACPI: Reserving DSDT table memory at [mem 0x5dbf0470-0x5dbf2794]
Feb, 1 09:00:28 combo kernel: [    0.001007] ACPI: Reserving FACS table memory at [mem 0x5dbf0200-0x5dbf023f]
Feb, 1 09:00:28 combo kernel: [    0.001008] ACPI: Reserving FACS table memory at [mem 0x5dbf0200-0x5dbf023f]
Feb, 1 09:00:28 combo kernel: [    0.001008] ACPI: Reserving APIC table memory at [mem 0x5dbf0240-0x5dbf029b]
Feb, 1 09:00:28 combo kernel: [    0.001008] ACPI: Reserving SSDT table memory at [mem 0x5dbf02a0-0x5dbf046b]
Feb, 1 09:00:28 combo kernel: [    0.001181] No NUMA configuration found
Feb, 1 09:00:28 combo kernel: [    0.001182] Faking a node at [mem 0x0000000000000000-0x000000005dbeffff]
Feb, 1 09:00:28 combo kernel: [    0.001187] NODE_DATA(0) allocated [mem 0x5dbc5000-0x5dbeffff]
Feb, 1 09:00:28 combo kernel: [    0.001305] Zone ranges:
Feb, 1 09:00:28 combo kernel: [    0.001306]   DMA      [mem 0x0000000000001000-0x0000000000ffffff]
Feb, 1 09:00:28 combo kernel: [    0.001307]   DMA32    [mem 0x0000000001000000-0x000000005dbeffff]
Feb, 1 09:00:28 combo kernel: [    0.001308]   Normal   empty
Feb, 1 09:00:28 combo kernel: [    0.001309]   Device   empty
Feb, 1 09:00:28 combo kernel: [    0.001310] Movable zone start for each node
Feb, 1 09:00:28 combo kernel: [    0.001312] Early memory node ranges
Feb, 1 09:00:28 combo kernel: [    0.001312]   node   0: [mem 0x0000000000001000-0x000000000009efff]
Feb, 1 09:00:28 combo kernel: [    0.001313]   node   0: [mem 0x0000000000100000-0x000000005dbeffff]
Feb, 1 09:00:28 combo kernel: [    0.001314] Initmem setup node 0 [mem 0x0000000000001000-0x000000005dbeffff]
Feb," 1 09:00:28 combo kernel: [    0.001318] On node 0, zone DMA: 1 pages in unavailable ranges"
Feb," 1 09:00:28 combo kernel: [    0.001345] On node 0, zone DMA: 97 pages in unavailable ranges"
Feb," 1 09:00:28 combo kernel: [    0.004302] On node 0, zone DMA32: 9232 pages in unavailable ranges"
Feb, 1 09:00:28 combo kernel: [    0.004546] ACPI: PM-Timer IO Port: 0x4008
Feb," 1 09:00:28 combo kernel: [    0.004588] IOAPIC[0]: apic_id 2, version 32, address 0xfec00000, GSI 0-23"
Feb, 1 09:00:28 combo kernel: [    0.004590] ACPI: INT_SRC_OVR (bus 0 bus_irq 0 global_irq 2 dfl dfl)
Feb, 1 09:00:28 combo kernel: [    0.004592] ACPI: INT_SRC_OVR (bus 0 bus_irq 9 global_irq 9 low level)
Feb, 1 09:00:28 combo kernel: [    0.004595] ACPI: Using ACPI (MADT) for SMP configuration information
Feb," 1 09:00:28 combo kernel: [    0.004599] smpboot: Allowing 2 CPUs, 0 hotplug CPUs"
Feb, 1 09:00:28 combo kernel: [    0.004614] PM: hibernation: Registered nosave memory: [mem 0x00000000-0x00000fff]
Feb, 1 09:00:28 combo kernel: [    0.004615] PM: hibernation: Registered nosave memory: [mem 0x0009f000-0x0009ffff]
Feb, 1 09:00:28 combo kernel: [    0.004616] PM: hibernation: Registered nosave memory: [mem 0x000a0000-0x000effff]
Feb, 1 09:00:28 combo kernel: [    0.004616] PM: hibernation: Registered nosave memory: [mem 0x000f0000-0x000fffff]
Feb, 1 09:00:28 combo kernel: [    0.004618] [mem 0x5dc00000-0xfebfffff] available for PCI devices
Feb, 1 09:00:28 combo kernel: [    0.004618] Booting paravirtualized kernel on KVM
Feb," 1 09:00:28 combo kernel: [    0.004620] clocksource: refined-jiffies: mask: 0xffffffff max_cycles: 0xffffffff, max_idle_ns: 7645519600211568 ns"
Feb, 1 09:00:28 combo kernel: [    0.004625] setup_percpu: NR_CPUS:8192 nr_cpumask_bits:2 nr_cpu_ids:2 nr_node_ids:1
Feb, 1 09:00:28 combo kernel: [    0.004957] percpu: Embedded 63 pages/cpu s221184 r8192 d28672 u1048576
Feb, 1 09:00:28 combo kernel: [    0.004961] pcpu-alloc: s221184 r8192 d28672 u1048576 alloc=1*2097152
Feb, 1 09:00:28 combo kernel: [    0.004963] pcpu-alloc: [0] 0 1 
Feb, 1 09:00:28 combo kernel: [    0.004976] kvm-guest: PV spinlocks enabled
Feb," 1 09:00:28 combo kernel: [    0.004978] PV qspinlock hash table entries: 256 (order: 0, 4096 bytes, linear)"
Feb, 1 09:00:28 combo kernel: [    0.004982] Kernel command line: BOOT_IMAGE=/boot/vmlinuz-6.5.0-15-generic root=UUID=5d6f0f0c-1d22-43af-91c9-e410ed4a24b5 ro quiet splash
Feb," 1 09:00:28 combo kernel: [    0.005028] Unknown kernel command line parameters ""splash BOOT_IMAGE=/boot/vmlinuz-6.5.0-15-generic"", will be passed to user space."
Feb, 1 09:00:28 combo kernel: [    0.005055] random: crng init done
Feb," 1 09:00:28 combo kernel: [    0.005286] Dentry cache hash table entries: 262144 (order: 9, 2097152 bytes, linear)"
Feb," 1 09:00:28 combo kernel: [    0.005413] Inode-cache hash table entries: 131072 (order: 8, 1048576 bytes, linear)"
Feb, 1 09:00:28 combo kernel: [    0.005443] Fallback order for Node 0: 0 
Feb," 1 09:00:28 combo kernel: [    0.005446] Built 1 zonelists, mobility grouping on.  Total pages: 377728"
Feb, 1 09:00:28 combo kernel: [    0.005448] Policy zone: DMA32
Feb," 1 09:00:28 combo kernel: [    0.005452] mem auto-init: stack:all(zero), heap alloc:on, heap free:off"
Feb," 1 09:00:28 combo kernel: [    0.009133] Memory: 1376636K/1535544K available (20480K kernel code, 4265K rwdata, 13180K rodata, 4792K init, 17396K bss, 158648K reserved, 0K cma-reserved)"
Feb," 1 09:00:28 combo kernel: [    0.009325] SLUB: HWalign=64, Order=0-3, MinObjects=0, CPUs=2, Nodes=1"
Feb, 1 09:00:28 combo kernel: [    0.009352] ftrace: allocating 55225 entries in 216 pages
Feb, 1 09:00:28 combo kernel: [    0.020009] ftrace: allocated 216 pages with 4 groups
Feb, 1 09:00:28 combo kernel: [    0.020819] Dynamic Preempt: voluntary
Feb, 1 09:00:28 combo kernel: [    0.020839] rcu: Preemptible hierarchical RCU implementation.
Feb, 1 09:00:28 combo kernel: [    0.020840] rcu: 	RCU restricting CPUs from NR_CPUS=8192 to nr_cpu_ids=2.
Feb, 1 09:00:28 combo kernel: [    0.020841] 	Trampoline variant of Tasks RCU enabled.
Feb, 1 09:00:28 combo kernel: [    0.020842] 	Rude variant of Tasks RCU enabled.
Feb, 1 09:00:28 combo kernel: [    0.020842] 	Tracing variant of Tasks RCU enabled.
Feb, 1 09:00:28 combo kernel: [    0.020843] rcu: RCU calculated value of scheduler-enlistment delay is 25 jiffies.
Feb," 1 09:00:28 combo kernel: [    0.020844] rcu: Adjusting geometry for rcu_fanout_leaf=16, nr_cpu_ids=2"
Feb," 1 09:00:28 combo kernel: [    0.022527] NR_IRQS: 524544, nr_irqs: 440, preallocated irqs: 16"
Feb, 1 09:00:28 combo kernel: [    0.022705] rcu: srcu_init: Setting srcu_struct sizes based on contention.
Feb, 1 09:00:28 combo kernel: [    0.029423] Console: colour VGA+ 80x25
Feb, 1 09:00:28 combo kernel: [    0.029425] printk: console [tty0] enabled
Feb, 1 09:00:28 combo kernel: [    0.029449] ACPI: Core revision 20230331
Feb, 1 09:00:28 combo kernel: [    0.029518] APIC: Switch to symmetric I/O mode setup
Feb, 1 09:00:28 combo kernel: [    0.029695] x2apic enabled
Feb, 1 09:00:28 combo kernel: [    0.029856] Switched APIC routing to physical x2apic.
Feb, 1 09:00:28 combo kernel: [    0.030669] ..TIMER: vector=0x30 apic1=0 pin1=2 apic2=-1 pin2=-1
Feb," 1 09:00:28 combo kernel: [    0.030688] clocksource: tsc-early: mask: 0xffffffffffffffff max_cycles: 0x6d58273f81c, max_idle_ns: 881591146675 ns"
Feb, 1 09:00:28 combo kernel: [    0.030693] Calibrating delay loop (skipped) preset value.. 7585.76 BogoMIPS (lpj=15171520)
Feb," 1 09:00:28 combo kernel: [    0.030766] Last level iTLB entries: 4KB 512, 2MB 512, 4MB 256"
Feb," 1 09:00:28 combo kernel: [    0.030767] Last level dTLB entries: 4KB 2048, 2MB 2048, 4MB 1024, 1GB 0"
Feb, 1 09:00:28 combo kernel: [    0.030770] Spectre V1 : Mitigation: usercopy/swapgs barriers and __user pointer sanitization
Feb, 1 09:00:28 combo kernel: [    0.030772] Spectre V2 : Mitigation: Retpolines
Feb, 1 09:00:28 combo kernel: [    0.030772] Spectre V2 : Spectre v2 / SpectreRSB mitigation: Filling RSB on context switch
Feb, 1 09:00:28 combo kernel: [    0.030773] Spectre V2 : Spectre v2 / SpectreRSB : Filling RSB on VMEXIT
Feb, 1 09:00:28 combo kernel: [    0.030786] Speculative Return Stack Overflow: IBPB-extending microcode not applied!
Feb, 1 09:00:28 combo kernel: [    0.030787] Speculative Return Stack Overflow: WARNING: See https://kernel.org/doc/html/latest/admin-guide/hw-vuln/srso.html for mitigation options.
Feb," 1 09:00:28 combo kernel: [    0.030788] Speculative Return Stack Overflow: Mitigation: safe RET, no microcode"
Feb, 1 09:00:28 combo kernel: [    0.030800] x86/fpu: Supporting XSAVE feature 0x001: 'x87 floating point registers'
Feb, 1 09:00:28 combo kernel: [    0.030801] x86/fpu: Supporting XSAVE feature 0x002: 'SSE registers'
Feb, 1 09:00:28 combo kernel: [    0.030801] x86/fpu: Supporting XSAVE feature 0x004: 'AVX registers'
Feb," 1 09:00:28 combo kernel: [    0.030802] x86/fpu: xstate_offset[2]:  576, xstate_sizes[2]:  256"
Feb," 1 09:00:28 combo kernel: [    0.030804] x86/fpu: Enabled xstate features 0x7, context size is 832 bytes, using 'standard' format."
Feb, 1 09:00:28 combo kernel: [    0.034690] Freeing SMP alternatives memory: 44K
Feb, 1 09:00:28 combo kernel: [    0.034690] pid_max: default: 32768 minimum: 301
Feb," 1 09:00:28 combo kernel: [    0.034690] LSM: initializing lsm=lockdown,capability,landlock,yama,apparmor,integrity"
Feb, 1 09:00:28 combo kernel: [    0.034690] landlock: Up and running.
Feb, 1 09:00:28 combo kernel: [    0.034690] Yama: becoming mindful.
Feb, 1 09:00:28 combo kernel: [    0.034690] AppArmor: AppArmor initialized
Feb," 1 09:00:28 combo kernel: [    0.034690] Mount-cache hash table entries: 4096 (order: 3, 32768 bytes, linear)"
Feb," 1 09:00:28 combo kernel: [    0.034690] Mountpoint-cache hash table entries: 4096 (order: 3, 32768 bytes, linear)"
Feb, 1 09:00:28 combo kernel: [    0.154691] APIC calibration not consistent with PM-Timer: 111ms instead of 100ms
Feb, 1 09:00:28 combo kernel: [    0.154694] APIC delta adjusted to PM-Timer: 6446175 (7211226)
Feb," 1 09:00:28 combo kernel: [    0.154734] smpboot: CPU0: AMD Ryzen 7 5700G with Radeon Graphics (family: 0x19, model: 0x50, stepping: 0x0)"
Feb, 1 09:00:28 combo kernel: [    0.154923] RCU Tasks: Setting shift to 1 and lim to 1 rcu_task_cb_adjust=1.
Feb, 1 09:00:28 combo kernel: [    0.154943] RCU Tasks Rude: Setting shift to 1 and lim to 1 rcu_task_cb_adjust=1.
Feb, 1 09:00:28 combo kernel: [    0.154958] RCU Tasks Trace: Setting shift to 1 and lim to 1 rcu_task_cb_adjust=1.
Feb," 1 09:00:28 combo kernel: [    0.154973] Performance Events: PMU not available due to virtualization, using software events only."
Feb, 1 09:00:28 combo kernel: [    0.155002] signal: max sigframe size: 1776
Feb, 1 09:00:28 combo kernel: [    0.155040] rcu: Hierarchical SRCU implementation.
Feb, 1 09:00:28 combo kernel: [    0.155041] rcu: 	Max phase no-delay instances is 1000.
Feb, 1 09:00:28 combo kernel: [    0.155403] NMI watchdog: Perf NMI watchdog permanently disabled
Feb, 1 09:00:28 combo kernel: [    0.155449] smp: Bringing up secondary CPUs ...
Feb, 1 09:00:28 combo kernel: [    0.155577] smpboot: x86: Booting SMP configuration:
Feb," 1 09:00:28 combo kernel: [    0.155579] .... node  #0, CPUs:      #1"
Feb," 1 09:00:28 combo kernel: [    0.156693] smp: Brought up 1 node, 2 CPUs"
Feb, 1 09:00:28 combo kernel: [    0.156693] smpboot: Max logical packages: 1
Feb, 1 09:00:28 combo kernel: [    0.156693] smpboot: Total of 2 processors activated (15171.52 BogoMIPS)
Feb, 1 09:00:28 combo kernel: [    0.156693] devtmpfs: initialized
Feb, 1 09:00:28 combo kernel: [    0.156693] x86/mm: Memory block size: 128MB
Feb," 1 09:00:28 combo kernel: [    0.156693] clocksource: jiffies: mask: 0xffffffff max_cycles: 0xffffffff, max_idle_ns: 7645041785100000 ns"
Feb," 1 09:00:28 combo kernel: [    0.156693] futex hash table entries: 512 (order: 3, 32768 bytes, linear)"
Feb, 1 09:00:28 combo kernel: [    0.156693] pinctrl core: initialized pinctrl subsystem
Feb," 1 09:00:28 combo kernel: [    0.158802] PM: RTC time: 01:00:20, date: 2024-02-01"
Feb, 1 09:00:28 combo kernel: [    0.159495] NET: Registered PF_NETLINK/PF_ROUTE protocol family
Feb, 1 09:00:28 combo kernel: [    0.159663] DMA: preallocated 256 KiB GFP_KERNEL pool for atomic allocations
Feb, 1 09:00:28 combo kernel: [    0.159706] DMA: preallocated 256 KiB GFP_KERNEL|GFP_DMA pool for atomic allocations
Feb, 1 09:00:28 combo kernel: [    0.159752] DMA: preallocated 256 KiB GFP_KERNEL|GFP_DMA32 pool for atomic allocations
Feb, 1 09:00:28 combo kernel: [    0.159770] audit: initializing netlink subsys (disabled)
Feb, 1 09:00:28 combo kernel: [    0.159798] audit: type=2000 audit(1706749222.505:1): state=initialized audit_enabled=0 res=1
Feb, 1 09:00:28 combo kernel: [    0.159798] thermal_sys: Registered thermal governor 'fair_share'
Feb, 1 09:00:28 combo kernel: [    0.159798] thermal_sys: Registered thermal governor 'bang_bang'
Feb, 1 09:00:28 combo kernel: [    0.159798] thermal_sys: Registered thermal governor 'step_wise'
Feb, 1 09:00:28 combo kernel: [    0.159798] thermal_sys: Registered thermal governor 'user_space'
Feb, 1 09:00:28 combo kernel: [    0.159798] thermal_sys: Registered thermal governor 'power_allocator'
Feb, 1 09:00:28 combo kernel: [    0.159798] EISA bus registered
Feb, 1 09:00:28 combo kernel: [    0.159798] cpuidle: using governor ladder
Feb, 1 09:00:28 combo kernel: [    0.159798] cpuidle: using governor menu
Feb, 1 09:00:28 combo kernel: [    0.159798] acpiphp: ACPI Hot Plug PCI Controller Driver version: 0.5
Feb, 1 09:00:28 combo kernel: [    0.159798] PCI: Using configuration type 1 for base access
Feb, 1 09:00:28 combo kernel: [    0.159798] PCI: Using configuration type 1 for extended access
Feb, 1 09:00:28 combo kernel: [    0.159798] kprobes: kprobe jump-optimization is enabled. All kprobes are optimized if possible.
Feb," 1 09:00:28 combo kernel: [    0.167094] HugeTLB: registered 2.00 MiB page size, pre-allocated 0 pages"
Feb, 1 09:00:28 combo kernel: [    0.167097] HugeTLB: 28 KiB vmemmap can be freed for a 2.00 MiB page
Feb, 1 09:00:28 combo kernel: [    0.170123] ACPI: Added _OSI(Module Device)
Feb, 1 09:00:28 combo kernel: [    0.170123] ACPI: Added _OSI(Processor Device)
Feb, 1 09:00:28 combo kernel: [    0.170123] ACPI: Added _OSI(3.0 _SCP Extensions)
Feb, 1 09:00:28 combo kernel: [    0.170123] ACPI: Added _OSI(Processor Aggregator Device)
Feb, 1 09:00:28 combo kernel: [    0.170123] ACPI: 2 ACPI AML tables successfully acquired and loaded
Feb, 1 09:00:28 combo kernel: [    0.179065] ACPI: Interpreter enabled
Feb, 1 09:00:28 combo kernel: [    0.179065] ACPI: PM: (supports S0 S5)
Feb, 1 09:00:28 combo kernel: [    0.179065] ACPI: Using IOAPIC for interrupt routing
Feb," 1 09:00:28 combo kernel: [    0.179562] PCI: Using host bridge windows from ACPI; if necessary, use ""pci=nocrs"" and report a bug"
Feb, 1 09:00:28 combo kernel: [    0.179564] PCI: Using E820 reservations for host bridge windows
Feb, 1 09:00:28 combo kernel: [    0.179722] ACPI: Enabled 2 GPEs in block 00 to 07
Feb, 1 09:00:28 combo kernel: [    0.183672] ACPI: PCI Root Bridge [PCI0] (domain 0000 [bus 00-ff])
Feb, 1 09:00:28 combo kernel: [    0.183679] acpi PNP0A03:00: _OSC: OS supports [ExtendedConfig ASPM ClockPM Segments MSI EDR HPX-Type3]
Feb, 1 09:00:28 combo kernel: [    0.184366] acpi PNP0A03:00: _OSC: platform does not support [PCIeCapability LTR DPC]
Feb, 1 09:00:28 combo kernel: [    0.185042] acpi PNP0A03:00: _OSC: not requesting control; platform does not support [PCIeCapability]
Feb, 1 09:00:28 combo kernel: [    0.185045] acpi PNP0A03:00: _OSC: OS requested [PCIeHotplug SHPCHotplug PME AER PCIeCapability LTR DPC]
Feb, 1 09:00:28 combo kernel: [    0.185047] acpi PNP0A03:00: _OSC: platform willing to grant [PCIeHotplug SHPCHotplug PME AER]
Feb, 1 09:00:28 combo kernel: [    0.185048] acpi PNP0A03:00: _OSC: platform retains control of PCIe features (AE_SUPPORT)
Feb, 1 09:00:28 combo kernel: [    0.185411] PCI host bridge to bus 0000:00
Feb, 1 09:00:28 combo kernel: [    0.185413] pci_bus 0000:00: root bus resource [io  0x0000-0x0cf7 window]
Feb, 1 09:00:28 combo kernel: [    0.185416] pci_bus 0000:00: root bus resource [io  0x0d00-0xffff window]
Feb, 1 09:00:28 combo kernel: [    0.185417] pci_bus 0000:00: root bus resource [mem 0x000a0000-0x000bffff window]
Feb, 1 09:00:28 combo kernel: [    0.185419] pci_bus 0000:00: root bus resource [mem 0x5dc00000-0xfdffffff window]
Feb, 1 09:00:28 combo kernel: [    0.185421] pci_bus 0000:00: root bus resource [bus 00-ff]
Feb, 1 09:00:28 combo kernel: [    0.185684] pci 0000:00:00.0: [8086:1237] type 00 class 0x060000
Feb, 1 09:00:28 combo kernel: [    0.186011] pci 0000:00:01.0: [8086:7000] type 00 class 0x060100
Feb, 1 09:00:28 combo kernel: [    0.186434] pci 0000:00:01.1: [8086:7111] type 00 class 0x01018a
Feb, 1 09:00:28 combo kernel: [    0.186833] pci 0000:00:01.1: reg 0x20: [io  0xd000-0xd00f]
Feb, 1 09:00:28 combo kernel: [    0.186923] pci 0000:00:01.1: legacy IDE quirk: reg 0x10: [io  0x01f0-0x01f7]
Feb, 1 09:00:28 combo kernel: [    0.186925] pci 0000:00:01.1: legacy IDE quirk: reg 0x14: [io  0x03f6]
Feb, 1 09:00:28 combo kernel: [    0.186926] pci 0000:00:01.1: legacy IDE quirk: reg 0x18: [io  0x0170-0x0177]
Feb, 1 09:00:28 combo kernel: [    0.186927] pci 0000:00:01.1: legacy IDE quirk: reg 0x1c: [io  0x0376]
Feb, 1 09:00:28 combo kernel: [    0.187040] pci 0000:00:02.0: [15ad:0405] type 00 class 0x030000
Feb, 1 09:00:28 combo kernel: [    0.187952] pci 0000:00:02.0: reg 0x10: [io  0xd010-0xd01f]
Feb, 1 09:00:28 combo kernel: [    0.188685] pci 0000:00:02.0: reg 0x14: [mem 0xe0000000-0xe0ffffff pref]
Feb, 1 09:00:28 combo kernel: [    0.189233] pci 0000:00:02.0: reg 0x18: [mem 0xf0000000-0xf01fffff]
Feb, 1 09:00:28 combo kernel: [    0.190472] pci 0000:00:02.0: Video device with shadowed ROM at [mem 0x000c0000-0x000dffff]
Feb, 1 09:00:28 combo kernel: [    0.190707] pci 0000:00:03.0: [8086:100e] type 00 class 0x020000
Feb, 1 09:00:28 combo kernel: [    0.190930] pci 0000:00:03.0: reg 0x10: [mem 0xf0200000-0xf021ffff]
Feb, 1 09:00:28 combo kernel: [    0.191264] pci 0000:00:03.0: reg 0x18: [io  0xd020-0xd027]
Feb, 1 09:00:28 combo kernel: [    0.192210] pci 0000:00:04.0: [80ee:cafe] type 00 class 0x088000
Feb, 1 09:00:28 combo kernel: [    0.192418] pci 0000:00:04.0: reg 0x10: [io  0xd040-0xd05f]
Feb, 1 09:00:28 combo kernel: [    0.192597] pci 0000:00:04.0: reg 0x14: [mem 0xf0400000-0xf07fffff]
Feb, 1 09:00:28 combo kernel: [    0.192766] pci 0000:00:04.0: reg 0x18: [mem 0xf0800000-0xf0803fff pref]
Feb, 1 09:00:28 combo kernel: [    0.193524] pci 0000:00:05.0: [8086:2415] type 00 class 0x040100
Feb, 1 09:00:28 combo kernel: [    0.193620] pci 0000:00:05.0: reg 0x10: [io  0xd100-0xd1ff]
Feb, 1 09:00:28 combo kernel: [    0.193658] pci 0000:00:05.0: reg 0x14: [io  0xd200-0xd23f]
Feb, 1 09:00:28 combo kernel: [    0.193951] pci 0000:00:06.0: [106b:003f] type 00 class 0x0c0310
Feb, 1 09:00:28 combo kernel: [    0.194143] pci 0000:00:06.0: reg 0x10: [mem 0xf0804000-0xf0804fff]
Feb, 1 09:00:28 combo kernel: [    0.195128] pci 0000:00:07.0: [8086:7113] type 00 class 0x068000
Feb, 1 09:00:28 combo kernel: [    0.195355] pci 0000:00:07.0: quirk: [io  0x4000-0x403f] claimed by PIIX4 ACPI
Feb, 1 09:00:28 combo kernel: [    0.195363] pci 0000:00:07.0: quirk: [io  0x4100-0x410f] claimed by PIIX4 SMB
Feb, 1 09:00:28 combo kernel: [    0.195530] pci 0000:00:08.0: [8086:100e] type 00 class 0x020000
Feb, 1 09:00:28 combo kernel: [    0.195733] pci 0000:00:08.0: reg 0x10: [mem 0xf0820000-0xf083ffff]
Feb, 1 09:00:28 combo kernel: [    0.196054] pci 0000:00:08.0: reg 0x18: [io  0xd240-0xd247]
Feb, 1 09:00:28 combo kernel: [    0.197864] pci 0000:00:0d.0: [8086:2829] type 00 class 0x010601
Feb, 1 09:00:28 combo kernel: [    0.198056] pci 0000:00:0d.0: reg 0x10: [io  0xd248-0xd24f]
Feb, 1 09:00:28 combo kernel: [    0.198226] pci 0000:00:0d.0: reg 0x14: [io  0xd250-0xd253]
Feb, 1 09:00:28 combo kernel: [    0.198447] pci 0000:00:0d.0: reg 0x18: [io  0xd258-0xd25f]
Feb, 1 09:00:28 combo kernel: [    0.198674] pci 0000:00:0d.0: reg 0x1c: [io  0xd260-0xd263]
Feb, 1 09:00:28 combo kernel: [    0.198734] pci 0000:00:0d.0: reg 0x20: [io  0xd270-0xd27f]
Feb, 1 09:00:28 combo kernel: [    0.198966] pci 0000:00:0d.0: reg 0x24: [mem 0xf0840000-0xf0841fff]
Feb, 1 09:00:28 combo kernel: [    0.202690] ACPI: PCI: Interrupt link LNKA configured for IRQ 11
Feb, 1 09:00:28 combo kernel: [    0.202921] ACPI: PCI: Interrupt link LNKB configured for IRQ 10
Feb, 1 09:00:28 combo kernel: [    0.203091] ACPI: PCI: Interrupt link LNKC configured for IRQ 9
Feb, 1 09:00:28 combo kernel: [    0.203202] ACPI: PCI: Interrupt link LNKD configured for IRQ 11
Feb, 1 09:00:28 combo kernel: [    0.206701] iommu: Default domain type: Translated
Feb, 1 09:00:28 combo kernel: [    0.206703] iommu: DMA domain TLB invalidation policy: lazy mode
Feb, 1 09:00:28 combo kernel: [    0.206971] SCSI subsystem initialized
Feb, 1 09:00:28 combo kernel: [    0.206982] libata version 3.00 loaded.
Feb, 1 09:00:28 combo kernel: [    0.206982] ACPI: bus type USB registered
Feb, 1 09:00:28 combo kernel: [    0.206982] usbcore: registered new interface driver usbfs
Feb, 1 09:00:28 combo kernel: [    0.206982] usbcore: registered new interface driver hub
Feb, 1 09:00:28 combo kernel: [    0.206982] usbcore: registered new device driver usb
Feb, 1 09:00:28 combo kernel: [    0.206982] pps_core: LinuxPPS API ver. 1 registered
Feb, 1 09:00:28 combo kernel: [    0.206982] pps_core: Software ver. 5.3.6 - Copyright 2005-2007 Rodolfo Giometti <giometti@linux.it>
Feb, 1 09:00:28 combo kernel: [    0.206982] PTP clock support registered
Feb, 1 09:00:28 combo kernel: [    0.206982] EDAC MC: Ver: 3.0.0
Feb, 1 09:00:28 combo kernel: [    0.206982] NetLabel: Initializing
Feb, 1 09:00:28 combo kernel: [    0.206982] NetLabel:  domain hash size = 128
Feb, 1 09:00:28 combo kernel: [    0.206982] NetLabel:  protocols = UNLABELED CIPSOv4 CALIPSO
Feb, 1 09:00:28 combo kernel: [    0.206982] NetLabel:  unlabeled traffic allowed by default
Feb, 1 09:00:28 combo kernel: [    0.207026] mctp: management component transport protocol core
Feb, 1 09:00:28 combo kernel: [    0.207026] NET: Registered PF_MCTP protocol family
Feb, 1 09:00:28 combo kernel: [    0.207026] PCI: Using ACPI for IRQ routing
Feb, 1 09:00:28 combo kernel: [    0.207026] PCI: pci_cache_line_size set to 64 bytes
Feb, 1 09:00:28 combo kernel: [    0.207026] e820: reserve RAM buffer [mem 0x0009fc00-0x0009ffff]
Feb, 1 09:00:28 combo kernel: [    0.207026] e820: reserve RAM buffer [mem 0x5dbf0000-0x5fffffff]
Feb, 1 09:00:28 combo kernel: [    0.207026] pci 0000:00:02.0: vgaarb: setting as boot VGA device
Feb, 1 09:00:28 combo kernel: [    0.207026] pci 0000:00:02.0: vgaarb: bridge control possible
Feb," 1 09:00:28 combo kernel: [    0.207026] pci 0000:00:02.0: vgaarb: VGA device added: decodes=io+mem,owns=io+mem,locks=none"
Feb, 1 09:00:28 combo kernel: [    0.207026] vgaarb: loaded
Feb, 1 09:00:28 combo kernel: [    0.207026] clocksource: Switched to clocksource kvm-clock
Feb, 1 09:00:28 combo kernel: [    0.222927] VFS: Disk quotas dquot_6.6.0
Feb," 1 09:00:28 combo kernel: [    0.222945] VFS: Dquot-cache hash table entries: 512 (order 0, 4096 bytes)"
Feb, 1 09:00:28 combo kernel: [    0.223142] AppArmor: AppArmor Filesystem Enabled
Feb, 1 09:00:28 combo kernel: [    0.223173] pnp: PnP ACPI init
Feb, 1 09:00:28 combo kernel: [    0.224255] pnp: PnP ACPI: found 2 devices
Feb," 1 09:00:28 combo kernel: [    0.232564] clocksource: acpi_pm: mask: 0xffffff max_cycles: 0xffffff, max_idle_ns: 2085701024 ns"
Feb, 1 09:00:28 combo kernel: [    0.232628] NET: Registered PF_INET protocol family
Feb," 1 09:00:28 combo kernel: [    0.232684] IP idents hash table entries: 32768 (order: 6, 262144 bytes, linear)"
Feb," 1 09:00:28 combo kernel: [    0.233279] tcp_listen_portaddr_hash hash table entries: 1024 (order: 2, 16384 bytes, linear)"
Feb," 1 09:00:28 combo kernel: [    0.233306] Table-perturb hash table entries: 65536 (order: 6, 262144 bytes, linear)"
Feb," 1 09:00:28 combo kernel: [    0.233320] TCP established hash table entries: 16384 (order: 5, 131072 bytes, linear)"
Feb," 1 09:00:28 combo kernel: [    0.233388] TCP bind hash table entries: 16384 (order: 7, 524288 bytes, linear)"
Feb, 1 09:00:28 combo kernel: [    0.233410] TCP: Hash tables configured (established 16384 bind 16384)
Feb," 1 09:00:28 combo kernel: [    0.233465] MPTCP token hash table entries: 2048 (order: 3, 49152 bytes, linear)"
Feb," 1 09:00:28 combo kernel: [    0.233478] UDP hash table entries: 1024 (order: 3, 32768 bytes, linear)"
Feb," 1 09:00:28 combo kernel: [    0.233485] UDP-Lite hash table entries: 1024 (order: 3, 32768 bytes, linear)"
Feb, 1 09:00:28 combo kernel: [    0.233516] NET: Registered PF_UNIX/PF_LOCAL protocol family
Feb, 1 09:00:28 combo kernel: [    0.233528] NET: Registered PF_XDP protocol family
Feb, 1 09:00:28 combo kernel: [    0.233540] pci_bus 0000:00: resource 4 [io  0x0000-0x0cf7 window]
Feb, 1 09:00:28 combo kernel: [    0.233543] pci_bus 0000:00: resource 5 [io  0x0d00-0xffff window]
Feb, 1 09:00:28 combo kernel: [    0.233545] pci_bus 0000:00: resource 6 [mem 0x000a0000-0x000bffff window]
Feb, 1 09:00:28 combo kernel: [    0.233547] pci_bus 0000:00: resource 7 [mem 0x5dc00000-0xfdffffff window]
Feb, 1 09:00:28 combo kernel: [    0.233596] pci 0000:00:00.0: Limiting direct PCI/PCI transfers
Feb," 1 09:00:28 combo kernel: [    0.235222] PCI: CLS 0 bytes, default 64"
Feb," 1 09:00:28 combo kernel: [    0.235287] clocksource: tsc: mask: 0xffffffffffffffff max_cycles: 0x6d58273f81c, max_idle_ns: 881591146675 ns"
Feb, 1 09:00:28 combo kernel: [    0.235290] Trying to unpack rootfs image as initramfs...
Feb, 1 09:00:28 combo kernel: [    0.235311] clocksource: Switched to clocksource tsc
Feb, 1 09:00:28 combo kernel: [    0.235332] platform rtc_cmos: registered platform RTC device (no PNP device found)
Feb, 1 09:00:28 combo kernel: [    0.235631] Initialise system trusted keyrings
Feb, 1 09:00:28 combo kernel: [    0.235647] Key type blacklist registered
Feb, 1 09:00:28 combo kernel: [    0.235697] workingset: timestamp_bits=36 max_order=19 bucket_order=0
Feb, 1 09:00:28 combo kernel: [    0.235714] zbud: loaded
Feb, 1 09:00:28 combo kernel: [    0.235910] squashfs: version 4.0 (2009/01/31) Phillip Lougher
Feb, 1 09:00:28 combo kernel: [    0.235990] fuse: init (API version 7.38)
Feb, 1 09:00:28 combo kernel: [    0.236161] integrity: Platform Keyring initialized
Feb, 1 09:00:28 combo kernel: [    0.236164] integrity: Machine keyring initialized
Feb, 1 09:00:28 combo kernel: [    0.242534] Key type asymmetric registered
Feb, 1 09:00:28 combo kernel: [    0.242536] Asymmetric key parser 'x509' registered
Feb, 1 09:00:28 combo kernel: [    0.242564] Block layer SCSI generic (bsg) driver version 0.4 loaded (major 243)
Feb, 1 09:00:28 combo kernel: [    0.242699] io scheduler mq-deadline registered
Feb, 1 09:00:28 combo kernel: [    0.242985] shpchp: Standard Hot Plug PCI Controller Driver version: 0.4
Feb, 1 09:00:28 combo kernel: [    0.243177] ACPI: AC: AC Adapter [AC] (on-line)
Feb, 1 09:00:28 combo kernel: [    0.243227] input: Power Button as /devices/LNXSYSTM:00/LNXPWRBN:00/input/input0
Feb, 1 09:00:28 combo kernel: [    0.243319] ACPI: button: Power Button [PWRF]
Feb, 1 09:00:28 combo kernel: [    0.243352] input: Sleep Button as /devices/LNXSYSTM:00/LNXSLPBN:00/input/input1
Feb, 1 09:00:28 combo kernel: [    0.243399] ACPI: button: Sleep Button [SLPF]
Feb," 1 09:00:28 combo kernel: [    0.243668] Serial: 8250/16550 driver, 32 ports, IRQ sharing enabled"
Feb, 1 09:00:28 combo kernel: [    0.245812] Linux agpgart interface v0.103
Feb, 1 09:00:28 combo kernel: [    0.247402] loop: module loaded
Feb, 1 09:00:28 combo kernel: [    0.247548] ata_piix 0000:00:01.1: version 2.13
Feb, 1 09:00:28 combo kernel: [    0.247922] scsi host0: ata_piix
Feb, 1 09:00:28 combo kernel: [    0.248011] scsi host1: ata_piix
Feb, 1 09:00:28 combo kernel: [    0.248042] ata1: PATA max UDMA/33 cmd 0x1f0 ctl 0x3f6 bmdma 0xd000 irq 14
Feb, 1 09:00:28 combo kernel: [    0.248044] ata2: PATA max UDMA/33 cmd 0x170 ctl 0x376 bmdma 0xd008 irq 15
Feb," 1 09:00:28 combo kernel: [    0.248168] tun: Universal TUN/TAP device driver, 1.6"
Feb, 1 09:00:28 combo kernel: [    0.248383] PPP generic driver version 2.4.2
Feb, 1 09:00:28 combo kernel: [    0.249200] ohci-pci 0000:00:06.0: OHCI PCI host controller
Feb," 1 09:00:28 combo kernel: [    0.249207] ohci-pci 0000:00:06.0: new USB bus registered, assigned bus number 1"
Feb," 1 09:00:28 combo kernel: [    0.249265] ohci-pci 0000:00:06.0: irq 22, io mem 0xf0804000"
Feb," 1 09:00:28 combo kernel: [    0.308192] usb usb1: New USB device found, idVendor=1d6b, idProduct=0001, bcdDevice= 6.05"
Feb," 1 09:00:28 combo kernel: [    0.308197] usb usb1: New USB device strings: Mfr=3, Product=2, SerialNumber=1"
Feb, 1 09:00:28 combo kernel: [    0.308199] usb usb1: Product: OHCI PCI host controller
Feb, 1 09:00:28 combo kernel: [    0.308202] usb usb1: Manufacturer: Linux 6.5.0-15-generic ohci_hcd
Feb, 1 09:00:28 combo kernel: [    0.308204] usb usb1: SerialNumber: 0000:00:06.0
Feb, 1 09:00:28 combo kernel: [    0.308329] hub 1-0:1.0: USB hub found
Feb, 1 09:00:28 combo kernel: [    0.308345] hub 1-0:1.0: 12 ports detected
Feb," 1 09:00:28 combo kernel: [    0.308862] i8042: PNP: PS/2 Controller [PNP0303:PS2K,PNP0f03:PS2M] at 0x60,0x64 irq 1,12"
Feb," 1 09:00:28 combo kernel: [    0.309236] serio: i8042 KBD port at 0x60,0x64 irq 1"
Feb," 1 09:00:28 combo kernel: [    0.309240] serio: i8042 AUX port at 0x60,0x64 irq 12"
Feb, 1 09:00:28 combo kernel: [    0.309351] mousedev: PS/2 mouse device common for all mice
Feb, 1 09:00:28 combo kernel: [    0.309710] rtc_cmos rtc_cmos: registered as rtc0
Feb, 1 09:00:28 combo kernel: [    0.309738] rtc_cmos rtc_cmos: setting system clock to 2024-02-01T01:00:20 UTC (1706749220)
Feb," 1 09:00:28 combo kernel: [    0.309793] rtc_cmos rtc_cmos: alarms up to one day, 114 bytes nvram"
Feb, 1 09:00:28 combo kernel: [    0.309801] i2c_dev: i2c /dev entries driver
Feb, 1 09:00:28 combo kernel: [    0.309826] device-mapper: core: CONFIG_IMA_DISABLE_HTABLE is disabled. Duplicate IMA measurements will not be recorded in the IMA log.
Feb, 1 09:00:28 combo kernel: [    0.309841] device-mapper: uevent: version 1.0.3
Feb, 1 09:00:28 combo kernel: [    0.309885] device-mapper: ioctl: 4.48.0-ioctl (2023-03-01) initialised: dm-devel@redhat.com
Feb, 1 09:00:28 combo kernel: [    0.309906] platform eisa.0: Probing EISA bus 0
Feb, 1 09:00:28 combo kernel: [    0.309908] platform eisa.0: EISA: Cannot allocate resource for mainboard
Feb, 1 09:00:28 combo kernel: [    0.309909] platform eisa.0: Cannot allocate resource for EISA slot 1
Feb, 1 09:00:28 combo kernel: [    0.309911] platform eisa.0: Cannot allocate resource for EISA slot 2
Feb, 1 09:00:28 combo kernel: [    0.309912] platform eisa.0: Cannot allocate resource for EISA slot 3
Feb, 1 09:00:28 combo kernel: [    0.309914] platform eisa.0: Cannot allocate resource for EISA slot 4
Feb, 1 09:00:28 combo kernel: [    0.309915] platform eisa.0: Cannot allocate resource for EISA slot 5
Feb, 1 09:00:28 combo kernel: [    0.309917] platform eisa.0: Cannot allocate resource for EISA slot 6
Feb, 1 09:00:28 combo kernel: [    0.309918] platform eisa.0: Cannot allocate resource for EISA slot 7
Feb, 1 09:00:28 combo kernel: [    0.309920] platform eisa.0: Cannot allocate resource for EISA slot 8
Feb, 1 09:00:28 combo kernel: [    0.309921] platform eisa.0: EISA: Detected 0 cards
Feb, 1 09:00:28 combo kernel: [    0.309923] amd_pstate: the _CPC object is not present in SBIOS or ACPI disabled
Feb, 1 09:00:28 combo kernel: [    0.310109] input: AT Translated Set 2 keyboard as /devices/platform/i8042/serio0/input/input2
Feb, 1 09:00:28 combo kernel: [    0.310246] ledtrig-cpu: registered to indicate activity on CPUs
Feb, 1 09:00:28 combo kernel: [    0.310312] drop_monitor: Initializing network drop monitor service
Feb, 1 09:00:28 combo kernel: [    0.322540] NET: Registered PF_INET6 protocol family
Feb," 1 09:00:28 combo kernel: [    0.419395] ata2.00: ATAPI: VBOX CD-ROM, 1.0, max UDMA/133"
Feb, 1 09:00:28 combo kernel: [    0.420136] scsi 1:0:0:0: CD-ROM            VBOX     CD-ROM           1.0  PQ: 0 ANSI: 5
Feb, 1 09:00:28 combo kernel: [    0.523461] Freeing initrd memory: 68120K
Feb, 1 09:00:28 combo kernel: [    0.530061] Segment Routing with IPv6
Feb, 1 09:00:28 combo kernel: [    0.530078] In-situ OAM (IOAM) with IPv6
Feb, 1 09:00:28 combo kernel: [    0.530121] NET: Registered PF_PACKET protocol family
Feb, 1 09:00:28 combo kernel: [    0.530190] Key type dns_resolver registered
Feb, 1 09:00:28 combo kernel: [    0.530420] IPI shorthand broadcast: enabled
Feb," 1 09:00:28 combo kernel: [    0.532196] sched_clock: Marking stable (522455685, 7905351)->(542403229, -12042193)"
Feb, 1 09:00:28 combo kernel: [    0.532371] registered taskstats version 1
Feb, 1 09:00:28 combo kernel: [    0.532522] Loading compiled-in X.509 certificates
Feb, 1 09:00:28 combo kernel: [    0.533022] Loaded X.509 cert 'Build time autogenerated kernel key: 6ad79aa1210f4c791ffcb5637fa50322a70841fa'
Feb, 1 09:00:28 combo kernel: [    0.533368] Loaded X.509 cert 'Canonical Ltd. Live Patch Signing: 14df34d1a87cf37625abec039ef2bf521249b969'
Feb, 1 09:00:28 combo kernel: [    0.533683] Loaded X.509 cert 'Canonical Ltd. Kernel Module Signing: 88f752e560a1e0737e31163a466ad7b70a850c19'
Feb, 1 09:00:28 combo kernel: [    0.533685] blacklist: Loading compiled-in revocation X.509 certificates
Feb, 1 09:00:28 combo kernel: [    0.533698] Loaded X.509 cert 'Canonical Ltd. Secure Boot Signing: 61482aa2830d0ab2ad5af10b7250da9033ddcef0'
Feb, 1 09:00:28 combo kernel: [    0.533710] Loaded X.509 cert 'Canonical Ltd. Secure Boot Signing (2017): 242ade75ac4a15e50d50c84b0d45ff3eae707a03'
Feb, 1 09:00:28 combo kernel: [    0.533721] Loaded X.509 cert 'Canonical Ltd. Secure Boot Signing (ESM 2018): 365188c1d374d6b07c3c8f240f8ef722433d6a8b'
Feb, 1 09:00:28 combo kernel: [    0.533732] Loaded X.509 cert 'Canonical Ltd. Secure Boot Signing (2019): c0746fd6c5da3ae827864651ad66ae47fe24b3e8'
Feb, 1 09:00:28 combo kernel: [    0.533744] Loaded X.509 cert 'Canonical Ltd. Secure Boot Signing (2021 v1): a8d54bbb3825cfb94fa13c9f8a594a195c107b8d'
Feb, 1 09:00:28 combo kernel: [    0.533756] Loaded X.509 cert 'Canonical Ltd. Secure Boot Signing (2021 v2): 4cf046892d6fd3c9a5b03f98d845f90851dc6a8c'
Feb, 1 09:00:28 combo kernel: [    0.533767] Loaded X.509 cert 'Canonical Ltd. Secure Boot Signing (2021 v3): 100437bb6de6e469b581e61cd66bce3ef4ed53af'
Feb, 1 09:00:28 combo kernel: [    0.533778] Loaded X.509 cert 'Canonical Ltd. Secure Boot Signing (Ubuntu Core 2019): c1d57b8f6b743f23ee41f4f7ee292f06eecadfb9'
Feb, 1 09:00:28 combo kernel: [    0.535935] Key type .fscrypt registered
Feb, 1 09:00:28 combo kernel: [    0.535937] Key type fscrypt-provisioning registered
Feb, 1 09:00:28 combo kernel: [    0.539095] Key type encrypted registered
Feb, 1 09:00:28 combo kernel: [    0.539099] AppArmor: AppArmor sha1 policy hashing enabled
Feb," 1 09:00:28 combo kernel: [    0.539108] ima: No TPM chip found, activating TPM-bypass!"
Feb, 1 09:00:28 combo kernel: [    0.539111] Loading compiled-in module X.509 certificates
Feb, 1 09:00:28 combo kernel: [    0.539438] Loaded X.509 cert 'Build time autogenerated kernel key: 6ad79aa1210f4c791ffcb5637fa50322a70841fa'
Feb, 1 09:00:28 combo kernel: [    0.539440] ima: Allocated hash algorithm: sha1
Feb, 1 09:00:28 combo kernel: [    0.539447] ima: No architecture policies found
Feb, 1 09:00:28 combo kernel: [    0.539462] evm: Initialising EVM extended attributes:
Feb, 1 09:00:28 combo kernel: [    0.539463] evm: security.selinux
Feb, 1 09:00:28 combo kernel: [    0.539465] evm: security.SMACK64
Feb, 1 09:00:28 combo kernel: [    0.539465] evm: security.SMACK64EXEC
Feb, 1 09:00:28 combo kernel: [    0.539466] evm: security.SMACK64TRANSMUTE
Feb, 1 09:00:28 combo kernel: [    0.539467] evm: security.SMACK64MMAP
Feb, 1 09:00:28 combo kernel: [    0.539468] evm: security.apparmor
Feb, 1 09:00:28 combo kernel: [    0.539469] evm: security.ima
Feb, 1 09:00:28 combo kernel: [    0.539470] evm: security.capability
Feb, 1 09:00:28 combo kernel: [    0.539471] evm: HMAC attrs: 0x1
Feb, 1 09:00:28 combo kernel: [    0.539824] PM:   Magic number: 12:113:2
Feb, 1 09:00:28 combo kernel: [    0.540279] sr 1:0:0:0: [sr0] scsi3-mmc drive: 32x/32x xa/form2 tray
Feb, 1 09:00:28 combo kernel: [    0.540282] cdrom: Uniform CD-ROM driver Revision: 3.20
Feb, 1 09:00:28 combo kernel: [    0.545439] RAS: Correctable Errors collector initialized.
Feb, 1 09:00:28 combo kernel: [    0.545498] clk: Disabling unused clocks
Feb, 1 09:00:28 combo kernel: [    0.569328] sr 1:0:0:0: Attached scsi CD-ROM sr0
Feb, 1 09:00:28 combo kernel: [    0.569457] sr 1:0:0:0: Attached scsi generic sg0 type 5
Feb, 1 09:00:28 combo kernel: [    0.571069] Freeing unused decrypted memory: 2036K
Feb, 1 09:00:28 combo kernel: [    0.571950] Freeing unused kernel image (initmem) memory: 4792K
Feb, 1 09:00:28 combo kernel: [    0.607082] Write protecting the kernel read-only data: 34816k
Feb, 1 09:00:28 combo kernel: [    0.607785] Freeing unused kernel image (rodata/data gap) memory: 1156K
Feb," 1 09:00:28 combo kernel: [    0.647321] x86/mm: Checked W+X mappings: passed, no W+X pages found."
Feb, 1 09:00:28 combo kernel: [    0.647327] Run /init as init process
Feb, 1 09:00:28 combo kernel: [    0.647329]   with arguments:
Feb, 1 09:00:28 combo kernel: [    0.647330]     /init
Feb, 1 09:00:28 combo kernel: [    0.647332]     splash
Feb, 1 09:00:28 combo kernel: [    0.647333]   with environment:
Feb, 1 09:00:28 combo kernel: [    0.647334]     HOME=/
Feb, 1 09:00:28 combo kernel: [    0.647335]     TERM=linux
Feb, 1 09:00:28 combo kernel: [    0.647336]     BOOT_IMAGE=/boot/vmlinuz-6.5.0-15-generic
Feb, 1 09:00:28 combo kernel: [    0.668601] usb 1-1: new full-speed USB device number 2 using ohci-pci
Feb," 1 09:00:28 combo kernel: [    0.727017] piix4_smbus 0000:00:07.0: SMBus Host Controller at 0x4100, revision 0"
Feb, 1 09:00:28 combo kernel: [    0.727027] e1000: Intel(R) PRO/1000 Network Driver
Feb, 1 09:00:28 combo kernel: [    0.727029] e1000: Copyright (c) 1999-2006 Intel Corporation.
Feb, 1 09:00:28 combo kernel: [    0.741771] ahci 0000:00:0d.0: version 3.0
Feb," 1 09:00:28 combo kernel: [    0.746309] ahci 0000:00:0d.0: SSS flag set, parallel bus scan disabled"
Feb, 1 09:00:28 combo kernel: [    0.746411] ahci 0000:00:0d.0: AHCI 0001.0100 32 slots 1 ports 3 Gbps 0x1 impl SATA mode
Feb, 1 09:00:28 combo kernel: [    0.746414] ahci 0000:00:0d.0: flags: 64bit ncq stag only ccc 
Feb, 1 09:00:28 combo kernel: [    0.747149] ACPI: video: Video Device [GFX0] (multi-head: yes  rom: no  post: no)
Feb, 1 09:00:28 combo kernel: [    0.748325] scsi host2: ahci
Feb, 1 09:00:28 combo kernel: [    0.748385] ata3: SATA max UDMA/133 abar m8192@0xf0840000 port 0xf0840100 irq 21
Feb, 1 09:00:28 combo kernel: [    0.748480] input: Video Bus as /devices/LNXSYSTM:00/LNXSYBUS:00/PNP0A03:00/LNXVIDEO:00/input/input5
Feb, 1 09:00:28 combo kernel: [    0.938416] input: ImExPS/2 Generic Explorer Mouse as /devices/platform/i8042/serio1/input/input4
Feb," 1 09:00:28 combo kernel: [    0.992053] usb 1-1: New USB device found, idVendor=80ee, idProduct=0021, bcdDevice= 1.00"
Feb," 1 09:00:28 combo kernel: [    0.992059] usb 1-1: New USB device strings: Mfr=1, Product=3, SerialNumber=0"
Feb, 1 09:00:28 combo kernel: [    0.992061] usb 1-1: Product: USB Tablet
Feb, 1 09:00:28 combo kernel: [    0.992064] usb 1-1: Manufacturer: VirtualBox
Feb, 1 09:00:28 combo kernel: [    1.002462] hid: raw HID events driver (C) Jiri Kosina
Feb, 1 09:00:28 combo kernel: [    1.173192] ata3: SATA link up 3.0 Gbps (SStatus 123 SControl 300)
Feb," 1 09:00:28 combo kernel: [    1.173379] ata3.00: ATA-6: VBOX HARDDISK, 1.0, max UDMA/133"
Feb," 1 09:00:28 combo kernel: [    1.173385] ata3.00: 41943040 sectors, multi 128: LBA48 NCQ (depth 32)"
Feb, 1 09:00:28 combo kernel: [    1.173707] ata3.00: configured for UDMA/133
Feb, 1 09:00:28 combo kernel: [    1.173890] scsi 2:0:0:0: Direct-Access     ATA      VBOX HARDDISK    1.0  PQ: 0 ANSI: 5
Feb, 1 09:00:28 combo kernel: [    1.174746] sd 2:0:0:0: [sda] 41943040 512-byte logical blocks: (21.5 GB/20.0 GiB)
Feb, 1 09:00:28 combo kernel: [    1.174759] sd 2:0:0:0: [sda] Write Protect is off
Feb, 1 09:00:28 combo kernel: [    1.174761] sd 2:0:0:0: [sda] Mode Sense: 00 3a 00 00
Feb," 1 09:00:28 combo kernel: [    1.174775] sd 2:0:0:0: [sda] Write cache: enabled, read cache: enabled, doesn't support DPO or FUA"
Feb, 1 09:00:28 combo kernel: [    1.174793] sd 2:0:0:0: Attached scsi generic sg1 type 0
Feb, 1 09:00:28 combo kernel: [    1.174842] sd 2:0:0:0: [sda] Preferred minimum I/O size 512 bytes
Feb, 1 09:00:28 combo kernel: [    1.189569]  sda: sda1 sda2 sda3
Feb, 1 09:00:28 combo kernel: [    1.189799] sd 2:0:0:0: [sda] Attached SCSI disk
Feb, 1 09:00:28 combo kernel: [    1.203418] e1000 0000:00:03.0 eth0: (PCI:33MHz:32-bit) 08:00:27:06:a4:dd
Feb, 1 09:00:28 combo kernel: [    1.203427] e1000 0000:00:03.0 eth0: Intel(R) PRO/1000 Network Connection
Feb, 1 09:00:28 combo kernel: [    1.221626] usbcore: registered new interface driver usbhid
Feb, 1 09:00:28 combo kernel: [    1.221630] usbhid: USB HID core driver
Feb, 1 09:00:28 combo kernel: [    1.224100] input: VirtualBox USB Tablet as /devices/pci0000:00/0000:00:06.0/usb1/1-1/1-1:1.0/0003:80EE:0021.0001/input/input6
Feb," 1 09:00:28 combo kernel: [    1.224195] hid-generic 0003:80EE:0021.0001: input,hidraw0: USB HID v1.10 Mouse [VirtualBox USB Tablet] on usb-0000:00:06.0-1/input0"
Feb, 1 09:00:28 combo kernel: [    1.548190] e1000 0000:00:08.0 eth1: (PCI:33MHz:32-bit) 08:00:27:a4:5f:37
Feb, 1 09:00:28 combo kernel: [    1.548198] e1000 0000:00:08.0 eth1: Intel(R) PRO/1000 Network Connection
Feb, 1 09:00:28 combo kernel: [    1.549402] e1000 0000:00:03.0 enp0s3: renamed from eth0
Feb, 1 09:00:28 combo kernel: [    1.566256] e1000 0000:00:08.0 enp0s8: renamed from eth1
Feb, 1 09:00:28 combo kernel: [    1.638844] EXT4-fs (sda3): mounted filesystem 5d6f0f0c-1d22-43af-91c9-e410ed4a24b5 ro with ordered data mode. Quota mode: none.
Feb, 1 09:00:28 combo kernel: [    1.752141] systemd[1]: Inserted module 'autofs4'
Feb, 1 09:00:28 combo kernel: [    1.766817] systemd[1]: systemd 249.11-0ubuntu3.12 running in system mode (+PAM +AUDIT +SELINUX +APPARMOR +IMA +SMACK +SECCOMP +GCRYPT +GNUTLS +OPENSSL +ACL +BLKID +CURL +ELFUTILS +FIDO2 +IDN2 -IDN +IPTC +KMOD +LIBCRYPTSETUP +LIBFDISK +PCRE2 -PWQUALITY -P11KIT -QRENCODE +BZIP2 +LZ4 +XZ +ZLIB +ZSTD -XKBCOMMON +UTMP +SYSVINIT default-hierarchy=unified)
Feb, 1 09:00:28 combo kernel: [    1.766842] systemd[1]: Detected virtualization oracle.
Feb, 1 09:00:28 combo kernel: [    1.766846] systemd[1]: Detected architecture x86-64.
Feb, 1 09:00:28 combo kernel: [    1.767204] systemd[1]: Hostname set to <combo>.
Feb, 1 09:00:28 combo kernel: [    1.799659] systemd[1]: memfd_create() called without MFD_EXEC or MFD_NOEXEC_SEAL set
Feb, 1 09:00:28 combo kernel: [    1.839279] block sda: the capability attribute has been deprecated.
Feb, 1 09:00:28 combo kernel: [    1.952674] systemd[1]: Queued start job for default target Graphical Interface.
Feb, 1 09:00:28 combo kernel: [    1.968997] systemd[1]: Created slice Slice /system/modprobe.
Feb, 1 09:00:28 combo kernel: [    1.969391] systemd[1]: Created slice Slice /system/systemd-fsck.
Feb, 1 09:00:28 combo kernel: [    1.969601] systemd[1]: Created slice User and Session Slice.
Feb, 1 09:00:28 combo kernel: [    1.969674] systemd[1]: Started Forward Password Requests to Wall Directory Watch.
Feb, 1 09:00:28 combo kernel: [    1.969848] systemd[1]: Set up automount Arbitrary Executable File Formats File System Automount Point.
Feb, 1 09:00:28 combo kernel: [    1.969903] systemd[1]: Reached target User and Group Name Lookups.
Feb, 1 09:00:28 combo kernel: [    1.969915] systemd[1]: Reached target Remote File Systems.
Feb, 1 09:00:28 combo kernel: [    1.969924] systemd[1]: Reached target Slice Units.
Feb, 1 09:00:28 combo kernel: [    1.969935] systemd[1]: Reached target Mounting snaps.
Feb, 1 09:00:28 combo kernel: [    1.969959] systemd[1]: Reached target Local Verity Protected Volumes.
Feb, 1 09:00:28 combo kernel: [    1.970073] systemd[1]: Listening on Syslog Socket.
Feb, 1 09:00:28 combo kernel: [    1.970181] systemd[1]: Listening on fsck to fsckd communication Socket.
Feb, 1 09:00:28 combo kernel: [    1.970237] systemd[1]: Listening on initctl Compatibility Named Pipe.
Feb, 1 09:00:28 combo kernel: [    1.970417] systemd[1]: Listening on Journal Audit Socket.
Feb, 1 09:00:28 combo kernel: [    1.970507] systemd[1]: Listening on Journal Socket (/dev/log).
Feb, 1 09:00:28 combo kernel: [    1.970618] systemd[1]: Listening on Journal Socket.
Feb, 1 09:00:28 combo kernel: [    1.970975] systemd[1]: Listening on udev Control Socket.
Feb, 1 09:00:28 combo kernel: [    1.971109] systemd[1]: Listening on udev Kernel Socket.
Feb, 1 09:00:28 combo kernel: [    1.972115] systemd[1]: Mounting Huge Pages File System...
Feb, 1 09:00:28 combo kernel: [    1.972922] systemd[1]: Mounting POSIX Message Queue File System...
Feb, 1 09:00:28 combo kernel: [    1.973809] systemd[1]: Mounting Kernel Debug File System...
Feb, 1 09:00:28 combo kernel: [    1.974632] systemd[1]: Mounting Kernel Trace File System...
Feb, 1 09:00:28 combo kernel: [    1.976162] systemd[1]: Starting Journal Service...
Feb, 1 09:00:28 combo kernel: [    1.977101] systemd[1]: Starting Set the console keyboard layout...
Feb, 1 09:00:28 combo kernel: [    1.977997] systemd[1]: Starting Create List of Static Device Nodes...
Feb, 1 09:00:28 combo kernel: [    1.978853] systemd[1]: Starting Load Kernel Module configfs...
Feb, 1 09:00:28 combo kernel: [    1.979700] systemd[1]: Starting Load Kernel Module drm...
Feb, 1 09:00:28 combo kernel: [    1.986852] systemd[1]: Starting Load Kernel Module efi_pstore...
Feb, 1 09:00:28 combo kernel: [    1.988032] systemd[1]: Starting Load Kernel Module fuse...
Feb, 1 09:00:28 combo kernel: [    1.989241] systemd[1]: Condition check resulted in File System Check on Root Device being skipped.
Feb, 1 09:00:28 combo kernel: [    1.992303] systemd[1]: Starting Load Kernel Modules...
Feb, 1 09:00:28 combo kernel: [    1.993221] systemd[1]: Starting Remount Root and Kernel File Systems...
Feb, 1 09:00:28 combo kernel: [    1.999980] systemd[1]: Starting Coldplug All udev Devices...
Feb, 1 09:00:28 combo kernel: [    2.001317] systemd[1]: Mounted Huge Pages File System.
Feb, 1 09:00:28 combo kernel: [    2.002032] systemd[1]: Mounted POSIX Message Queue File System.
Feb, 1 09:00:28 combo kernel: [    2.002317] systemd[1]: Mounted Kernel Debug File System.
Feb, 1 09:00:28 combo kernel: [    2.002422] systemd[1]: Mounted Kernel Trace File System.
Feb, 1 09:00:28 combo kernel: [    2.002899] systemd[1]: Finished Create List of Static Device Nodes.
Feb, 1 09:00:28 combo kernel: [    2.003228] systemd[1]: modprobe@configfs.service: Deactivated successfully.
Feb, 1 09:00:28 combo kernel: [    2.005021] systemd[1]: Finished Load Kernel Module configfs.
Feb, 1 09:00:28 combo kernel: [    2.005278] systemd[1]: modprobe@efi_pstore.service: Deactivated successfully.
Feb, 1 09:00:28 combo kernel: [    2.005570] systemd[1]: Finished Load Kernel Module efi_pstore.
Feb, 1 09:00:28 combo kernel: [    2.005807] systemd[1]: modprobe@fuse.service: Deactivated successfully.
Feb, 1 09:00:28 combo kernel: [    2.006067] systemd[1]: Finished Load Kernel Module fuse.
Feb, 1 09:00:28 combo kernel: [    2.007264] EXT4-fs (sda3): re-mounted 5d6f0f0c-1d22-43af-91c9-e410ed4a24b5 r/w. Quota mode: none.
Feb, 1 09:00:28 combo kernel: [    2.008420] systemd[1]: Mounting FUSE Control File System...
Feb, 1 09:00:28 combo kernel: [    2.008458] ACPI: bus type drm_connector registered
Feb, 1 09:00:28 combo kernel: [    2.010201] systemd[1]: Mounting Kernel Configuration File System...
Feb, 1 09:00:28 combo kernel: [    2.024944] systemd[1]: modprobe@drm.service: Deactivated successfully.
Feb, 1 09:00:28 combo kernel: [    2.027193] systemd[1]: Finished Load Kernel Module drm.
Feb, 1 09:00:28 combo kernel: [    2.027592] systemd[1]: Finished Remount Root and Kernel File Systems.
Feb, 1 09:00:28 combo kernel: [    2.027730] systemd[1]: Mounted FUSE Control File System.
Feb, 1 09:00:28 combo kernel: [    2.027841] systemd[1]: Mounted Kernel Configuration File System.
Feb, 1 09:00:28 combo kernel: [    2.032919] systemd[1]: Activating swap /swapfile...
Feb, 1 09:00:28 combo kernel: [    2.032958] systemd[1]: Condition check resulted in VMware vmblock fuse mount being skipped.
Feb, 1 09:00:28 combo kernel: [    2.033029] systemd[1]: Condition check resulted in Platform Persistent Storage Archival being skipped.
Feb, 1 09:00:28 combo kernel: [    2.035364] systemd[1]: Starting Load/Save Random Seed...
Feb, 1 09:00:28 combo kernel: [    2.036145] Adding 2191356k swap on /swapfile.  Priority:-2 extents:6 across:2355196k FS
Feb, 1 09:00:28 combo kernel: [    2.036490] systemd[1]: Starting Create System Users...
Feb, 1 09:00:28 combo kernel: [    2.036817] lp: driver loaded but no devices found
Feb, 1 09:00:28 combo kernel: [    2.037055] systemd[1]: Activated swap /swapfile.
Feb, 1 09:00:28 combo kernel: [    2.038196] systemd[1]: Reached target Swaps.
Feb, 1 09:00:28 combo kernel: [    2.045310] systemd[1]: Finished Load/Save Random Seed.
Feb, 1 09:00:28 combo kernel: [    2.045425] systemd[1]: Condition check resulted in First Boot Complete being skipped.
Feb, 1 09:00:28 combo kernel: [    2.047727] systemd[1]: Started Journal Service.
Feb, 1 09:00:28 combo kernel: [    2.053690] systemd-journald[176]: Received client request to flush runtime journal.
Feb, 1 09:00:28 combo kernel: [    2.056282] ppdev: user-space parallel port driver
Feb, 1 09:00:28 combo kernel: [    2.096504] vmwgfx 0000:00:02.0: vgaarb: deactivate vga console
Feb, 1 09:00:28 combo kernel: [    2.097564] Console: switching to colour dummy device 80x25
Feb, 1 09:00:28 combo kernel: [    2.098413] vmwgfx 0000:00:02.0: [drm] FIFO at 0x00000000f0000000 size is 2048 kiB
Feb, 1 09:00:28 combo kernel: [    2.098423] vmwgfx 0000:00:02.0: [drm] VRAM at 0x00000000e0000000 size is 16384 kiB
Feb, 1 09:00:28 combo kernel: [    2.098431] vmwgfx 0000:00:02.0: [drm] Running on SVGA version 2.
Feb," 1 09:00:28 combo kernel: [    2.098436] vmwgfx 0000:00:02.0: [drm] Capabilities: cursor, cursor bypass 2, alpha cursor, 3D, extended fifo, pitchlock, irq mask, gmr, traces, gmr2, screen object 2, "
Feb, 1 09:00:28 combo kernel: [    2.098438] vmwgfx 0000:00:02.0: [drm] *ERROR* vmwgfx seems to be running on an unsupported hypervisor.
Feb, 1 09:00:28 combo kernel: [    2.098444] vmwgfx 0000:00:02.0: [drm] *ERROR* This configuration is likely broken.
Feb, 1 09:00:28 combo kernel: [    2.098448] vmwgfx 0000:00:02.0: [drm] *ERROR* Please switch to a supported graphics device to avoid problems.
Feb, 1 09:00:28 combo kernel: [    2.098453] vmwgfx 0000:00:02.0: [drm] DMA map mode: Caching DMA mappings.
Feb," 1 09:00:28 combo kernel: [    2.098479] vmwgfx 0000:00:02.0: [drm] Legacy memory limits: VRAM = 16384 kB, FIFO = 2048 kB, surface = 507904 kB"
Feb," 1 09:00:28 combo kernel: [    2.098481] vmwgfx 0000:00:02.0: [drm] MOB limits: max mob size = 0 kB, max mob pages = 0"
Feb, 1 09:00:28 combo kernel: [    2.098483] vmwgfx 0000:00:02.0: [drm] Max GMR ids is 8192
Feb, 1 09:00:28 combo kernel: [    2.098485] vmwgfx 0000:00:02.0: [drm] Max number of GMR pages is 1048576
Feb, 1 09:00:28 combo kernel: [    2.098486] vmwgfx 0000:00:02.0: [drm] Maximum display memory size is 16384 kiB
Feb, 1 09:00:28 combo kernel: [    2.118463] vmwgfx 0000:00:02.0: [drm] Screen Object display unit initialized
Feb, 1 09:00:28 combo kernel: [    2.118718] vmwgfx 0000:00:02.0: [drm] Fifo max 0x00200000 min 0x00001000 cap 0x00000355
Feb, 1 09:00:28 combo kernel: [    2.118729] vmwgfx 0000:00:02.0: [drm] Available shader model: Legacy.
Feb, 1 09:00:28 combo kernel: [    2.119067] [drm] Initialized vmwgfx 2.20.0 20211206 for 0000:00:02.0 on minor 0
Feb, 1 09:00:28 combo kernel: [    2.119803] fbcon: vmwgfxdrmfb (fb0) is primary device
Feb, 1 09:00:28 combo kernel: [    2.119916] Console: switching to colour frame buffer device 160x50
Feb, 1 09:00:28 combo kernel: [    2.121017] vmwgfx 0000:00:02.0: [drm] fb0: vmwgfxdrmfb frame buffer device
Feb, 1 09:00:28 combo kernel: [    2.155114] loop0: detected capacity change from 0 to 8
Feb, 1 09:00:28 combo kernel: [    2.157018] loop1: detected capacity change from 0 to 129944
Feb, 1 09:00:28 combo kernel: [    2.158982] loop2: detected capacity change from 0 to 151296
Feb, 1 09:00:28 combo kernel: [    2.161868] loop3: detected capacity change from 0 to 485800
Feb, 1 09:00:28 combo kernel: [    2.164609] loop4: detected capacity change from 0 to 716176
Feb, 1 09:00:28 combo kernel: [    2.167793] loop5: detected capacity change from 0 to 994336
Feb, 1 09:00:28 combo kernel: [    2.170795] loop6: detected capacity change from 0 to 187776
Feb, 1 09:00:28 combo kernel: [    2.175350] loop7: detected capacity change from 0 to 25240
Feb, 1 09:00:28 combo kernel: [    2.179213] loop8: detected capacity change from 0 to 109072
Feb, 1 09:00:28 combo kernel: [    2.192179] loop9: detected capacity change from 0 to 904
Feb, 1 09:00:28 combo kernel: [    2.394221] vboxguest: host-version: 6.1.48r159471 0x8000000f
Feb, 1 09:00:28 combo kernel: [    2.394665] vbg_heartbeat_init: Setting up heartbeat to trigger every 2000 milliseconds
Feb, 1 09:00:28 combo kernel: [    2.394742] input: VirtualBox mouse integration as /devices/pci0000:00/0000:00:04.0/input/input7
Feb, 1 09:00:28 combo kernel: [    2.585769] cryptd: max_cpu_qlen set to 1000
Feb, 1 09:00:28 combo kernel: [    2.595669] AVX2 version of gcm_enc/dec engaged.
Feb, 1 09:00:28 combo kernel: [    2.595798] AES CTR mode by8 optimization enabled
Feb," 1 09:00:28 combo kernel: [    3.037448] audit: type=1400 audit(1706749223.224:2): apparmor=""STATUS"" operation=""profile_load"" profile=""unconfined"" name=""nvidia_modprobe"" pid=329 comm=""apparmor_parser"""
Feb," 1 09:00:28 combo kernel: [    3.037983] audit: type=1400 audit(1706749223.224:3): apparmor=""STATUS"" operation=""profile_load"" profile=""unconfined"" name=""nvidia_modprobe//kmod"" pid=329 comm=""apparmor_parser"""
Feb," 1 09:00:28 combo kernel: [    3.040590] audit: type=1400 audit(1706749223.228:4): apparmor=""STATUS"" operation=""profile_load"" profile=""unconfined"" name=""lsb_release"" pid=328 comm=""apparmor_parser"""
Feb, 1 09:00:28 combo kernel: [    3.069981] snd_intel8x0 0000:00:05.0: allow list rate for 1028:0177 is 48000
Feb," 1 09:00:28 combo kernel: [    3.340797] audit: type=1400 audit(1706749223.528:5): apparmor=""STATUS"" operation=""profile_load"" profile=""unconfined"" name=""/usr/lib/NetworkManager/nm-dhcp-client.action"" pid=391 comm=""apparmor_parser"""
Feb," 1 09:00:28 combo kernel: [    3.341434] audit: type=1400 audit(1706749223.528:6): apparmor=""STATUS"" operation=""profile_load"" profile=""unconfined"" name=""/usr/lib/NetworkManager/nm-dhcp-helper"" pid=391 comm=""apparmor_parser"""
Feb," 1 09:00:28 combo kernel: [    3.342034] audit: type=1400 audit(1706749223.528:7): apparmor=""STATUS"" operation=""profile_load"" profile=""unconfined"" name=""/usr/lib/connman/scripts/dhclient-script"" pid=391 comm=""apparmor_parser"""
Feb," 1 09:00:28 combo kernel: [    3.342994] audit: type=1400 audit(1706749223.528:8): apparmor=""STATUS"" operation=""profile_load"" profile=""unconfined"" name=""/{,usr/}sbin/dhclient"" pid=391 comm=""apparmor_parser"""
Feb," 1 09:00:28 combo kernel: [    3.456351] audit: type=1400 audit(1706749223.644:9): apparmor=""STATUS"" operation=""profile_load"" profile=""unconfined"" name=""/usr/bin/man"" pid=440 comm=""apparmor_parser"""
Feb," 1 09:00:28 combo kernel: [    3.456990] audit: type=1400 audit(1706749223.644:10): apparmor=""STATUS"" operation=""profile_load"" profile=""unconfined"" name=""man_filter"" pid=440 comm=""apparmor_parser"""
Feb, 1 09:00:28 combo kernel: [    5.349395] kauditd_printk_skb: 8 callbacks suppressed
Feb," 1 09:00:28 combo kernel: [    5.349399] audit: type=1400 audit(1706749225.536:19): apparmor=""STATUS"" operation=""profile_load"" profile=""unconfined"" name=""/usr/bin/evince"" pid=394 comm=""apparmor_parser"""
Feb," 1 09:00:28 combo kernel: [    5.350486] audit: type=1400 audit(1706749225.536:20): apparmor=""STATUS"" operation=""profile_load"" profile=""unconfined"" name=""/usr/bin/evince//sanitized_helper"" pid=394 comm=""apparmor_parser"""
Feb," 1 09:00:28 combo kernel: [    5.353383] audit: type=1400 audit(1706749225.540:21): apparmor=""STATUS"" operation=""profile_load"" profile=""unconfined"" name=""/usr/bin/evince-previewer"" pid=394 comm=""apparmor_parser"""
Feb," 1 09:00:28 combo kernel: [    5.354157] audit: type=1400 audit(1706749225.540:22): apparmor=""STATUS"" operation=""profile_load"" profile=""unconfined"" name=""/usr/bin/evince-previewer//sanitized_helper"" pid=394 comm=""apparmor_parser"""
Feb," 1 09:00:28 combo kernel: [    5.355944] audit: type=1400 audit(1706749225.540:23): apparmor=""STATUS"" operation=""profile_load"" profile=""unconfined"" name=""/usr/bin/evince-thumbnailer"" pid=394 comm=""apparmor_parser"""
Feb," 1 09:00:28 combo kernel: [    5.750003] audit: type=1400 audit(1706749225.936:24): apparmor=""STATUS"" operation=""profile_load"" profile=""unconfined"" name=""/snap/snapd/19457/usr/lib/snapd/snap-confine"" pid=457 comm=""apparmor_parser"""
Feb," 1 09:00:28 combo kernel: [    5.750526] audit: type=1400 audit(1706749225.936:25): apparmor=""STATUS"" operation=""profile_load"" profile=""unconfined"" name=""/snap/snapd/19457/usr/lib/snapd/snap-confine//mount-namespace-capture-helper"" pid=457 comm=""apparmor_parser"""
Feb," 1 09:00:28 combo kernel: [    5.976003] audit: type=1400 audit(1706749226.160:26): apparmor=""STATUS"" operation=""profile_load"" profile=""unconfined"" name=""snap-update-ns.firefox"" pid=458 comm=""apparmor_parser"""
Feb," 1 09:00:28 combo kernel: [    6.389626] audit: type=1400 audit(1706749226.576:27): apparmor=""STATUS"" operation=""profile_load"" profile=""unconfined"" name=""snap-update-ns.snap-store"" pid=459 comm=""apparmor_parser"""
Feb," 1 09:00:28 combo kernel: [    6.559234] audit: type=1400 audit(1706749226.744:28): apparmor=""STATUS"" operation=""profile_load"" profile=""unconfined"" name=""snap.firefox.firefox"" pid=461 comm=""apparmor_parser"""
Feb, 1 09:00:28 combo rsyslogd: imuxsock: Acquired UNIX socket '/run/systemd/journal/syslog' (fd 3) from systemd.  [v8.2112.0]
Feb, 1 09:00:28 combo rsyslogd: rsyslogd's groupid changed to 111
Feb, 1 09:00:28 combo rsyslogd: rsyslogd's userid changed to 104
Feb," 1 09:00:28 combo rsyslogd: [origin software=""rsyslogd"" swVersion=""8.2112.0"" x-pid=""500"" x-info=""https://www.rsyslog.com""] start"
Feb, 1 09:00:28 combo avahi-daemon[478]: No service file found in /etc/avahi/services.
Feb, 1 09:00:28 combo avahi-daemon[478]: Joining mDNS multicast group on interface lo.IPv6 with address ::1.
Feb, 1 09:00:28 combo avahi-daemon[478]: New relevant interface lo.IPv6 for mDNS.
Feb, 1 09:00:28 combo avahi-daemon[478]: Joining mDNS multicast group on interface lo.IPv4 with address 127.0.0.1.
Feb, 1 09:00:28 combo avahi-daemon[478]: New relevant interface lo.IPv4 for mDNS.
Feb, 1 09:00:28 combo avahi-daemon[478]: Network interface enumeration completed.
Feb, 1 09:00:28 combo avahi-daemon[478]: Registering new address record for ::1 on lo.*.
Feb, 1 09:00:28 combo avahi-daemon[478]: Registering new address record for 127.0.0.1 on lo.IPv4.
Feb," 1 09:00:28 combo dbus-daemon[482]: [system] Activating via systemd: service name='org.freedesktop.hostname1' unit='dbus-org.freedesktop.hostname1.service' requested by ':1.5' (uid=0 pid=483 comm=""/usr/sbin/NetworkManager --no-daemon "" label=""unconfined"")"
Feb, 1 09:00:28 combo systemd[1]: Started System Logging Service.
Feb, 1 09:00:28 combo systemd[1]: gpu-manager.service: Deactivated successfully.
Feb, 1 09:00:28 combo systemd[1]: Finished Detect the available GPUs and deal with any system changes.
Feb, 1 09:00:28 combo wpa_supplicant[528]: Successfully initialized wpa_supplicant
Feb, 1 09:00:28 combo apport[477]:  * Starting automatic crash report generation: apport
Feb, 1 09:00:28 combo systemd[1]: grub-common.service: Deactivated successfully.
Feb, 1 09:00:28 combo systemd[1]: Finished Record successful boot for GRUB.
Feb, 1 09:00:28 combo apport[477]:    ...done.
Feb, 1 09:00:28 combo systemd[1]: Started LSB: automatic crash report generation.
Feb, 1 09:00:28 combo systemd[1]: Started Power Profiles daemon.
Feb, 1 09:00:28 combo systemd[1]: Started Network Manager.
Feb, 1 09:00:28 combo systemd[1]: Started Authorization Manager.
Feb, 1 09:00:28 combo systemd[1]: Started Avahi mDNS/DNS-SD Stack.
Feb, 1 09:00:28 combo udisksd[522]: failed to load module mdraid: libbd_mdraid.so.2: cannot open shared object file: No such file or directory
Feb, 1 09:00:28 combo systemd[1]: Started WPA supplicant.
Feb, 1 09:00:28 combo systemd[1]: Started Switcheroo Control Proxy service.
Feb, 1 09:00:28 combo systemd[1]: Reached target Network.
Feb, 1 09:00:28 combo systemd[1]: Starting Network Manager Wait Online...
Feb, 1 09:00:28 combo systemd[1]: Condition check resulted in Manage Sound Card State (restore and store) being skipped.
Feb, 1 09:00:28 combo systemd[1]: Starting Save/Restore Sound Card State...
Feb, 1 09:00:28 combo systemd[1]: Starting CUPS Scheduler...
Feb, 1 09:00:28 combo udisksd[522]: Failed to load the 'mdraid' libblockdev plugin
Feb, 1 09:00:28 combo snapd-aa-prompt-listener[507]: AA Prompt listener not implemented
Feb, 1 09:00:28 combo systemd[1]: Starting GRUB failed boot detection...
Feb, 1 09:00:28 combo accounts-daemon[474]: started daemon version 22.07.5
Feb, 1 09:00:28 combo systemd[1]: Starting OpenVPN service...
Feb, 1 09:00:28 combo systemd[1]: Starting Modem Manager...
Feb, 1 09:00:28 combo systemd[1]: Starting Hostname Service...
Feb, 1 09:00:28 combo systemd[1]: Starting Permit User Sessions...
Feb, 1 09:00:28 combo systemd[1]: snapd.aa-prompt-listener.service: Deactivated successfully.
Feb, 1 09:00:28 combo systemd[1]: Started CUPS Scheduler.
Feb, 1 09:00:28 combo alsactl[601]: /usr/sbin/alsactl: load_state:1689: Cannot open /var/lib/alsa/asound.state for reading: No such file or directory
Feb, 1 09:00:28 combo alsactl[601]: alsa-lib main.c:1412:(snd_use_case_mgr_open) error: failed to import hw:0 use case configuration -2
Feb," 1 09:00:28 combo alsactl[601]: Found hardware: ""ICH"" ""Analog Devices AD1980"" ""AC97a:41445370"" ""0x1028"" ""0x0177"""
Feb, 1 09:00:28 combo alsactl[601]: Hardware is initialized using a generic method
Feb, 1 09:00:28 combo systemd[1]: Finished OpenVPN service.
Feb, 1 09:00:28 combo systemd[1]: Finished Permit User Sessions.
Feb, 1 09:00:28 combo systemd[1]: Finished Save/Restore Sound Card State.
Feb, 1 09:00:28 combo systemd[1]: e2scrub_reap.service: Deactivated successfully.
Feb, 1 09:00:28 combo systemd[1]: Finished Remove Stale Online ext4 Metadata Check Snapshots.
Feb, 1 09:00:28 combo systemd[1]: grub-initrd-fallback.service: Deactivated successfully.
Feb, 1 09:00:28 combo systemd[1]: Finished GRUB failed boot detection.
Feb, 1 09:00:28 combo systemd[1]: Started User Login Management.
Feb, 1 09:00:28 combo systemd[1]: Started Accounts Service.
Feb, 1 09:00:28 combo systemd[1]: Reached target Sound Card.
Feb, 1 09:00:28 combo systemd[1]: Starting GNOME Display Manager...
Feb, 1 09:00:28 combo systemd[1]: Starting Hold until boot process finishes up...
Feb, 1 09:00:28 combo systemd[1]: Started Unattended Upgrades Shutdown.
Feb, 1 09:00:28 combo ModemManager[596]: <info>  ModemManager (version 1.20.0) starting in system bus...
Feb, 1 09:00:29 combo systemd[1]: Started GNOME Display Manager.
Feb, 1 09:00:29 combo networkd-dispatcher[492]: No valid path found for iw
Feb, 1 09:00:29 combo systemd[1]: Received SIGRTMIN+21 from PID 235 (plymouthd).
Feb, 1 09:00:29 combo systemd[1]: Started Disk Manager.
Feb," 1 09:00:29 combo dbus-daemon[482]: [system] Activating via systemd: service name='org.freedesktop.network1' unit='dbus-org.freedesktop.network1.service' requested by ':1.17' (uid=0 pid=627 comm=""/usr/bin/networkctl list --no-pager --no-legend "" label=""unconfined"")"
Feb, 1 09:00:29 combo dbus-daemon[482]: [system] Activation via systemd failed for unit 'dbus-org.freedesktop.network1.service': Unit dbus-org.freedesktop.network1.service not found.
Feb," 1 09:00:29 combo networkd-dispatcher[627]: WARNING: systemd-networkd is not running, output will be incomplete."
Feb," 1 09:00:29 combo networkd-dispatcher[492]: ERROR:Unknown state for interface NetworkctlListState(idx=1, name='lo', type='loopback', operational='n/a', administrative='unmanaged'): n/a"
Feb, 1 09:00:29 combo networkd-dispatcher[492]: Traceback (most recent call last):
Feb," 1 09:00:29 combo networkd-dispatcher[492]:   File ""/usr/bin/networkd-dispatcher"", line 298, in trigger_all"
Feb," 1 09:00:29 combo networkd-dispatcher[492]:     self.handle_state(iface_name,"
Feb," 1 09:00:29 combo networkd-dispatcher[492]:   File ""/usr/bin/networkd-dispatcher"", line 348, in handle_state"
Feb, 1 09:00:29 combo networkd-dispatcher[492]:     raise UnknownState(operational_state)
Feb, 1 09:00:29 combo networkd-dispatcher[492]: UnknownState: n/a
Feb," 1 09:00:29 combo networkd-dispatcher[492]: ERROR:Unknown state for interface NetworkctlListState(idx=2, name='enp0s3', type='ether', operational='n/a', administrative='unmanaged'): n/a"
Feb, 1 09:00:29 combo networkd-dispatcher[492]: Traceback (most recent call last):
Feb," 1 09:00:29 combo networkd-dispatcher[492]:   File ""/usr/bin/networkd-dispatcher"", line 298, in trigger_all"
Feb," 1 09:00:29 combo networkd-dispatcher[492]:     self.handle_state(iface_name,"
Feb," 1 09:00:29 combo networkd-dispatcher[492]:   File ""/usr/bin/networkd-dispatcher"", line 348, in handle_state"
Feb, 1 09:00:29 combo networkd-dispatcher[492]:     raise UnknownState(operational_state)
Feb, 1 09:00:29 combo networkd-dispatcher[492]: UnknownState: n/a
Feb," 1 09:00:29 combo networkd-dispatcher[492]: ERROR:Unknown state for interface NetworkctlListState(idx=3, name='enp0s8', type='ether', operational='n/a', administrative='unmanaged'): n/a"
Feb, 1 09:00:29 combo networkd-dispatcher[492]: Traceback (most recent call last):
Feb," 1 09:00:29 combo networkd-dispatcher[492]:   File ""/usr/bin/networkd-dispatcher"", line 298, in trigger_all"
Feb," 1 09:00:29 combo networkd-dispatcher[492]:     self.handle_state(iface_name,"
Feb," 1 09:00:29 combo networkd-dispatcher[492]:   File ""/usr/bin/networkd-dispatcher"", line 348, in handle_state"
Feb, 1 09:00:29 combo networkd-dispatcher[492]:     raise UnknownState(operational_state)
Feb, 1 09:00:29 combo networkd-dispatcher[492]: UnknownState: n/a
Feb, 1 09:00:29 combo systemd[1]: Started Dispatcher daemon for systemd-networkd.
Feb, 1 09:00:29 combo systemd[1]: Started Modem Manager.
Feb, 1 09:00:29 combo dbus-daemon[482]: [system] Successfully activated service 'org.freedesktop.hostname1'
Feb, 1 09:00:29 combo systemd[1]: Started Hostname Service.
Feb, 1 09:00:29 combo NetworkManager[483]: <info>  [1706749229.1005] hostname: hostname: using hostnamed
Feb," 1 09:00:29 combo NetworkManager[483]: <info>  [1706749229.1005] hostname: static hostname changed from (none) to ""combo"""
Feb," 1 09:00:29 combo NetworkManager[483]: <info>  [1706749229.1014] dns-mgr[0x5647637fa2a0]: init: dns=systemd-resolved rc-manager=unmanaged (auto), plugin=systemd-resolved"
Feb, 1 09:00:29 combo NetworkManager[483]: <info>  [1706749229.1021] manager[0x56476381c000]: rfkill: Wi-Fi hardware radio set enabled
Feb, 1 09:00:29 combo NetworkManager[483]: <info>  [1706749229.1022] manager[0x56476381c000]: rfkill: WWAN hardware radio set enabled
Feb, 1 09:00:29 combo udisksd[522]: Acquired the name org.freedesktop.UDisks2 on the system message bus
Feb, 1 09:00:29 combo NetworkManager[483]: <info>  [1706749229.1055] Loaded device plugin: NMTeamFactory (/usr/lib/x86_64-linux-gnu/NetworkManager/1.36.6/libnm-device-plugin-team.so)
Feb, 1 09:00:29 combo NetworkManager[483]: <info>  [1706749229.1115] Loaded device plugin: NMBluezManager (/usr/lib/x86_64-linux-gnu/NetworkManager/1.36.6/libnm-device-plugin-bluetooth.so)
Feb, 1 09:00:29 combo NetworkManager[483]: <info>  [1706749229.1165] Loaded device plugin: NMWifiFactory (/usr/lib/x86_64-linux-gnu/NetworkManager/1.36.6/libnm-device-plugin-wifi.so)
Feb, 1 09:00:29 combo NetworkManager[483]: <info>  [1706749229.1172] Loaded device plugin: NMWwanFactory (/usr/lib/x86_64-linux-gnu/NetworkManager/1.36.6/libnm-device-plugin-wwan.so)
Feb, 1 09:00:29 combo NetworkManager[483]: <info>  [1706749229.1178] Loaded device plugin: NMAtmManager (/usr/lib/x86_64-linux-gnu/NetworkManager/1.36.6/libnm-device-plugin-adsl.so)
Feb, 1 09:00:29 combo NetworkManager[483]: <info>  [1706749229.1181] manager: rfkill: Wi-Fi enabled by radio killswitch; enabled by state file
Feb, 1 09:00:29 combo NetworkManager[483]: <info>  [1706749229.1182] manager: rfkill: WWAN enabled by radio killswitch; enabled by state file
Feb, 1 09:00:29 combo NetworkManager[483]: <info>  [1706749229.1183] manager: Networking is enabled by state file
Feb," 1 09:00:29 combo dbus-daemon[482]: [system] Activating via systemd: service name='org.freedesktop.nm_dispatcher' unit='dbus-org.freedesktop.nm-dispatcher.service' requested by ':1.5' (uid=0 pid=483 comm=""/usr/sbin/NetworkManager --no-daemon "" label=""unconfined"")"
Feb," 1 09:00:29 combo NetworkManager[483]: <info>  [1706749229.1194] settings: Loaded settings plugin: ifupdown (""/usr/lib/x86_64-linux-gnu/NetworkManager/1.36.6/libnm-settings-plugin-ifupdown.so"")"
Feb, 1 09:00:29 combo NetworkManager[483]: <info>  [1706749229.1195] settings: Loaded settings plugin: keyfile (internal)
Feb, 1 09:00:29 combo NetworkManager[483]: <info>  [1706749229.1195] ifupdown: management mode: unmanaged
Feb, 1 09:00:29 combo NetworkManager[483]: <info>  [1706749229.1198] ifupdown: interfaces file /etc/network/interfaces doesn't exist
Feb, 1 09:00:29 combo NetworkManager[483]: <info>  [1706749229.1222] dhcp-init: Using DHCP client 'internal'
Feb, 1 09:00:29 combo NetworkManager[483]: <info>  [1706749229.1222] device (lo): carrier: link connected
Feb, 1 09:00:29 combo NetworkManager[483]: <info>  [1706749229.1224] manager: (lo): new Generic device (/org/freedesktop/NetworkManager/Devices/1)
Feb, 1 09:00:29 combo NetworkManager[483]: <info>  [1706749229.1242] manager: (enp0s3): new Ethernet device (/org/freedesktop/NetworkManager/Devices/2)
Feb, 1 09:00:29 combo NetworkManager[483]: <info>  [1706749229.1285] settings: (enp0s3): created default wired connection 'Wired connection 1'
Feb," 1 09:00:29 combo NetworkManager[483]: <info>  [1706749229.1287] device (enp0s3): state change: unmanaged -> unavailable (reason 'managed', sys-iface-state: 'external')"
Feb," 1 09:00:29 combo kernel: [    8.946826] e1000: enp0s3 NIC Link is Up 1000 Mbps Full Duplex, Flow Control: RX"
Feb, 1 09:00:29 combo NetworkManager[483]: <info>  [1706749229.1396] manager: (enp0s8): new Ethernet device (/org/freedesktop/NetworkManager/Devices/3)
Feb, 1 09:00:29 combo systemd[1]: Starting Network Manager Script Dispatcher Service...
Feb, 1 09:00:29 combo NetworkManager[483]: <info>  [1706749229.1426] settings: (enp0s8): created default wired connection 'Wired connection 2'
Feb," 1 09:00:29 combo NetworkManager[483]: <info>  [1706749229.1474] device (enp0s8): state change: unmanaged -> unavailable (reason 'managed', sys-iface-state: 'external')"
Feb, 1 09:00:29 combo dbus-daemon[482]: [system] Successfully activated service 'org.freedesktop.nm_dispatcher'
Feb, 1 09:00:29 combo systemd[1]: Started Network Manager Script Dispatcher Service.
Feb, 1 09:00:29 combo NetworkManager[483]: <info>  [1706749229.1550] failed to open /run/network/ifstate
Feb," 1 09:00:29 combo kernel: [    8.968483] e1000: enp0s8 NIC Link is Up 1000 Mbps Full Duplex, Flow Control: RX"
Feb, 1 09:00:29 combo systemd[1]: Created slice User Slice of UID 128.
Feb, 1 09:00:29 combo NetworkManager[483]: <info>  [1706749229.1744] device (enp0s3): carrier: link connected
Feb, 1 09:00:29 combo NetworkManager[483]: <info>  [1706749229.1782] device (enp0s8): carrier: link connected
Feb," 1 09:00:29 combo NetworkManager[483]: <info>  [1706749229.1796] device (enp0s3): state change: unavailable -> disconnected (reason 'carrier-changed', sys-iface-state: 'managed')"
Feb," 1 09:00:29 combo NetworkManager[483]: <info>  [1706749229.1837] device (enp0s8): state change: unavailable -> disconnected (reason 'carrier-changed', sys-iface-state: 'managed')"
Feb, 1 09:00:29 combo NetworkManager[483]: <info>  [1706749229.1856] policy: auto-activating connection 'Wired connection 1' (0f1bc6d5-e0e1-3759-8641-bd8a0631e02d)
Feb, 1 09:00:29 combo NetworkManager[483]: <info>  [1706749229.1859] policy: auto-activating connection 'Wired connection 2' (9403850a-176b-3106-b5fd-1204a9032bff)
Feb, 1 09:00:29 combo NetworkManager[483]: <info>  [1706749229.1867] device (enp0s3): Activation: starting connection 'Wired connection 1' (0f1bc6d5-e0e1-3759-8641-bd8a0631e02d)
Feb, 1 09:00:29 combo systemd[1]: Starting User Runtime Directory /run/user/128...
Feb, 1 09:00:29 combo NetworkManager[483]: <info>  [1706749229.1932] device (enp0s8): Activation: starting connection 'Wired connection 2' (9403850a-176b-3106-b5fd-1204a9032bff)
Feb," 1 09:00:29 combo NetworkManager[483]: <info>  [1706749229.1936] device (enp0s3): state change: disconnected -> prepare (reason 'none', sys-iface-state: 'managed')"
Feb, 1 09:00:29 combo NetworkManager[483]: <info>  [1706749229.1956] manager: NetworkManager state is now CONNECTING
Feb," 1 09:00:29 combo NetworkManager[483]: <info>  [1706749229.1968] device (enp0s3): state change: prepare -> config (reason 'none', sys-iface-state: 'managed')"
Feb," 1 09:00:29 combo NetworkManager[483]: <info>  [1706749229.1995] device (enp0s8): state change: disconnected -> prepare (reason 'none', sys-iface-state: 'managed')"
Feb, 1 09:00:29 combo systemd[1]: Finished User Runtime Directory /run/user/128.
Feb, 1 09:00:29 combo systemd[1]: Starting User Manager for UID 128...
Feb," 1 09:00:29 combo NetworkManager[483]: <info>  [1706749229.2069] device (enp0s8): state change: prepare -> config (reason 'none', sys-iface-state: 'managed')"
Feb," 1 09:00:29 combo NetworkManager[483]: <info>  [1706749229.2089] device (enp0s3): state change: config -> ip-config (reason 'none', sys-iface-state: 'managed')"
Feb, 1 09:00:29 combo NetworkManager[483]: <info>  [1706749229.2143] dhcp4 (enp0s3): activation: beginning transaction (timeout in 45 seconds)
Feb," 1 09:00:29 combo NetworkManager[483]: <info>  [1706749229.2153] device (enp0s8): state change: config -> ip-config (reason 'none', sys-iface-state: 'managed')"
Feb, 1 09:00:29 combo NetworkManager[483]: <info>  [1706749229.2167] dhcp4 (enp0s8): activation: beginning transaction (timeout in 45 seconds)
Feb, 1 09:00:29 combo NetworkManager[483]: <info>  [1706749229.2189] modem-manager: ModemManager available
